0 verbose cli /opt/homebrew/Cellar/node/25.8.2/bin/node /opt/homebrew/bin/npm
1 info using npm@11.11.1
2 info using node@v25.8.2
3 silly config load:file:/opt/homebrew/lib/node_modules/npm/npmrc
4 silly config load:file:/Volumes/qbitOS/00.dev/cursor/train/train/.npmrc
5 silly config load:file:/Users/tref/.npmrc
6 silly config load:file:/opt/homebrew/etc/npmrc
7 verbose title npm install
8 verbose argv "install" "--package-lock-only" "--cache" ".npm-cache"
9 verbose logfile logs-max:10 dir:/Volumes/qbitOS/00.dev/cursor/train/train/.npm-cache/_logs/2026-05-06T20_51_26_376Z-
10 verbose logfile /Volumes/qbitOS/00.dev/cursor/train/train/.npm-cache/_logs/2026-05-06T20_51_26_376Z-debug-0.log
11 warn Unknown env config "devdir". This will stop working in the next major version of npm. See `npm help npmrc` for supported config options.
12 silly logfile done cleaning log files
13 silly packumentCache heap:4496293888 maxSize:1124073472 maxEntrySize:562036736
14 silly idealTree buildDeps
15 silly fetch manifest @esbuild/aix-ppc64@0.27.7
16 silly packumentCache full:https://registry.npmjs.org/@esbuild%2faix-ppc64 cache-miss
17 http fetch GET 200 https://registry.npmjs.org/@esbuild%2faix-ppc64 2146ms (cache revalidated)
18 silly packumentCache full:https://registry.npmjs.org/@esbuild%2faix-ppc64 set size:64314 disposed:false
19 silly fetch manifest @esbuild/android-arm@0.27.7
20 silly packumentCache full:https://registry.npmjs.org/@esbuild%2fandroid-arm cache-miss
21 http fetch GET 200 https://registry.npmjs.org/@esbuild%2fandroid-arm 2482ms (cache revalidated)
22 silly packumentCache full:https://registry.npmjs.org/@esbuild%2fandroid-arm set size:221749 disposed:false
23 silly fetch manifest @esbuild/android-arm64@0.27.7
24 silly packumentCache full:https://registry.npmjs.org/@esbuild%2fandroid-arm64 cache-miss
25 http fetch GET 200 https://registry.npmjs.org/@esbuild%2fandroid-arm64 1349ms (cache revalidated)
26 silly packumentCache full:https://registry.npmjs.org/@esbuild%2fandroid-arm64 set size:200684 disposed:false
27 silly fetch manifest @esbuild/android-x64@0.27.7
28 silly packumentCache full:https://registry.npmjs.org/@esbuild%2fandroid-x64 cache-miss
29 http fetch GET 200 https://registry.npmjs.org/@esbuild%2fandroid-x64 3598ms (cache revalidated)
30 silly packumentCache full:https://registry.npmjs.org/@esbuild%2fandroid-x64 set size:195551 disposed:false
31 silly fetch manifest @esbuild/darwin-x64@0.27.7
32 silly packumentCache full:https://registry.npmjs.org/@esbuild%2fdarwin-x64 cache-miss
33 http fetch GET 200 https://registry.npmjs.org/@esbuild%2fdarwin-x64 2565ms (cache revalidated)
34 silly packumentCache full:https://registry.npmjs.org/@esbuild%2fdarwin-x64 set size:196195 disposed:false
35 silly fetch manifest @esbuild/freebsd-arm64@0.27.7
36 silly packumentCache full:https://registry.npmjs.org/@esbuild%2ffreebsd-arm64 cache-miss
37 http fetch GET 200 https://registry.npmjs.org/@esbuild%2ffreebsd-arm64 990ms (cache revalidated)
38 silly packumentCache full:https://registry.npmjs.org/@esbuild%2ffreebsd-arm64 set size:198853 disposed:false
39 silly fetch manifest @esbuild/freebsd-x64@0.27.7
40 silly packumentCache full:https://registry.npmjs.org/@esbuild%2ffreebsd-x64 cache-miss
41 http fetch GET 200 https://registry.npmjs.org/@esbuild%2ffreebsd-x64 2548ms (cache revalidated)
42 silly packumentCache full:https://registry.npmjs.org/@esbuild%2ffreebsd-x64 set size:197070 disposed:false
43 silly fetch manifest @esbuild/linux-arm@0.27.7
44 silly packumentCache full:https://registry.npmjs.org/@esbuild%2flinux-arm cache-miss
45 http fetch GET 200 https://registry.npmjs.org/@esbuild%2flinux-arm 185ms (cache revalidated)
46 silly packumentCache full:https://registry.npmjs.org/@esbuild%2flinux-arm set size:195140 disposed:false
47 silly fetch manifest @esbuild/linux-arm64@0.27.7
48 silly packumentCache full:https://registry.npmjs.org/@esbuild%2flinux-arm64 cache-miss
49 http fetch GET 200 https://registry.npmjs.org/@esbuild%2flinux-arm64 95ms (cache revalidated)
50 silly packumentCache full:https://registry.npmjs.org/@esbuild%2flinux-arm64 set size:197274 disposed:false
51 silly fetch manifest @esbuild/linux-ia32@0.27.7
52 silly packumentCache full:https://registry.npmjs.org/@esbuild%2flinux-ia32 cache-miss
53 http fetch GET 200 https://registry.npmjs.org/@esbuild%2flinux-ia32 152ms (cache revalidated)
54 silly packumentCache full:https://registry.npmjs.org/@esbuild%2flinux-ia32 set size:196150 disposed:false
55 silly fetch manifest @esbuild/linux-loong64@0.27.7
56 silly packumentCache full:https://registry.npmjs.org/@esbuild%2flinux-loong64 cache-miss
57 http fetch GET 200 https://registry.npmjs.org/@esbuild%2flinux-loong64 70ms (cache revalidated)
58 silly packumentCache full:https://registry.npmjs.org/@esbuild%2flinux-loong64 set size:252211 disposed:false
59 silly fetch manifest @esbuild/linux-mips64el@0.27.7
60 silly packumentCache full:https://registry.npmjs.org/@esbuild%2flinux-mips64el cache-miss
61 http fetch GET 200 https://registry.npmjs.org/@esbuild%2flinux-mips64el 68ms (cache revalidated)
62 silly packumentCache full:https://registry.npmjs.org/@esbuild%2flinux-mips64el set size:201062 disposed:false
63 silly fetch manifest @esbuild/linux-ppc64@0.27.7
64 silly packumentCache full:https://registry.npmjs.org/@esbuild%2flinux-ppc64 cache-miss
65 http fetch GET 200 https://registry.npmjs.org/@esbuild%2flinux-ppc64 78ms (cache revalidated)
66 silly packumentCache full:https://registry.npmjs.org/@esbuild%2flinux-ppc64 set size:199310 disposed:false
67 silly fetch manifest @esbuild/linux-riscv64@0.27.7
68 silly packumentCache full:https://registry.npmjs.org/@esbuild%2flinux-riscv64 cache-miss
69 http fetch GET 200 https://registry.npmjs.org/@esbuild%2flinux-riscv64 59ms (cache revalidated)
70 silly packumentCache full:https://registry.npmjs.org/@esbuild%2flinux-riscv64 set size:198981 disposed:false
71 silly fetch manifest @esbuild/linux-s390x@0.27.7
72 silly packumentCache full:https://registry.npmjs.org/@esbuild%2flinux-s390x cache-miss
73 http fetch GET 200 https://registry.npmjs.org/@esbuild%2flinux-s390x 67ms (cache revalidated)
74 silly packumentCache full:https://registry.npmjs.org/@esbuild%2flinux-s390x set size:198784 disposed:false
75 silly fetch manifest @esbuild/linux-x64@0.27.7
76 silly packumentCache full:https://registry.npmjs.org/@esbuild%2flinux-x64 cache-miss
77 http fetch GET 200 https://registry.npmjs.org/@esbuild%2flinux-x64 58ms (cache revalidated)
78 silly packumentCache full:https://registry.npmjs.org/@esbuild%2flinux-x64 set size:195479 disposed:false
79 silly fetch manifest @esbuild/netbsd-arm64@0.27.7
80 silly packumentCache full:https://registry.npmjs.org/@esbuild%2fnetbsd-arm64 cache-miss
81 http fetch GET 200 https://registry.npmjs.org/@esbuild%2fnetbsd-arm64 69ms (cache revalidated)
82 silly packumentCache full:https://registry.npmjs.org/@esbuild%2fnetbsd-arm64 set size:40794 disposed:false
83 silly fetch manifest @esbuild/netbsd-x64@0.27.7
84 silly packumentCache full:https://registry.npmjs.org/@esbuild%2fnetbsd-x64 cache-miss
85 http fetch GET 200 https://registry.npmjs.org/@esbuild%2fnetbsd-x64 60ms (cache revalidated)
86 silly packumentCache full:https://registry.npmjs.org/@esbuild%2fnetbsd-x64 set size:193883 disposed:false
87 silly fetch manifest @esbuild/openbsd-arm64@0.27.7
88 silly packumentCache full:https://registry.npmjs.org/@esbuild%2fopenbsd-arm64 cache-miss
89 http fetch GET 200 https://registry.npmjs.org/@esbuild%2fopenbsd-arm64 54ms (cache revalidated)
90 silly packumentCache full:https://registry.npmjs.org/@esbuild%2fopenbsd-arm64 set size:46111 disposed:false
91 silly fetch manifest @esbuild/openbsd-x64@0.27.7
92 silly packumentCache full:https://registry.npmjs.org/@esbuild%2fopenbsd-x64 cache-miss
93 http fetch GET 200 https://registry.npmjs.org/@esbuild%2fopenbsd-x64 46ms (cache revalidated)
94 silly packumentCache full:https://registry.npmjs.org/@esbuild%2fopenbsd-x64 set size:197080 disposed:false
95 silly fetch manifest @esbuild/openharmony-arm64@0.27.7
96 silly packumentCache full:https://registry.npmjs.org/@esbuild%2fopenharmony-arm64 cache-miss
97 http fetch GET 200 https://registry.npmjs.org/@esbuild%2fopenharmony-arm64 55ms (cache revalidated)
98 silly packumentCache full:https://registry.npmjs.org/@esbuild%2fopenharmony-arm64 set size:29494 disposed:false
99 silly fetch manifest @esbuild/sunos-x64@0.27.7
100 silly packumentCache full:https://registry.npmjs.org/@esbuild%2fsunos-x64 cache-miss
101 http fetch GET 200 https://registry.npmjs.org/@esbuild%2fsunos-x64 55ms (cache revalidated)
102 silly packumentCache full:https://registry.npmjs.org/@esbuild%2fsunos-x64 set size:195721 disposed:false
103 silly fetch manifest @esbuild/win32-arm64@0.27.7
104 silly packumentCache full:https://registry.npmjs.org/@esbuild%2fwin32-arm64 cache-miss
105 http fetch GET 200 https://registry.npmjs.org/@esbuild%2fwin32-arm64 73ms (cache revalidated)
106 silly packumentCache full:https://registry.npmjs.org/@esbuild%2fwin32-arm64 set size:197504 disposed:false
107 silly fetch manifest @esbuild/win32-ia32@0.27.7
108 silly packumentCache full:https://registry.npmjs.org/@esbuild%2fwin32-ia32 cache-miss
109 http fetch GET 200 https://registry.npmjs.org/@esbuild%2fwin32-ia32 56ms (cache revalidated)
110 silly packumentCache full:https://registry.npmjs.org/@esbuild%2fwin32-ia32 set size:196374 disposed:false
111 silly fetch manifest @esbuild/win32-x64@0.27.7
112 silly packumentCache full:https://registry.npmjs.org/@esbuild%2fwin32-x64 cache-miss
113 http fetch GET 200 https://registry.npmjs.org/@esbuild%2fwin32-x64 80ms (cache revalidated)
114 silly packumentCache full:https://registry.npmjs.org/@esbuild%2fwin32-x64 set size:194073 disposed:false
115 silly placeDep ROOT @esbuild/aix-ppc64@0.27.7 OK for: esbuild@0.27.7 want: 0.27.7
116 silly placeDep ROOT @esbuild/android-arm@0.27.7 OK for: esbuild@0.27.7 want: 0.27.7
117 silly placeDep ROOT @esbuild/android-arm64@0.27.7 OK for: esbuild@0.27.7 want: 0.27.7
118 silly placeDep ROOT @esbuild/android-x64@0.27.7 OK for: esbuild@0.27.7 want: 0.27.7
119 silly placeDep ROOT @esbuild/darwin-x64@0.27.7 OK for: esbuild@0.27.7 want: 0.27.7
120 silly placeDep ROOT @esbuild/freebsd-arm64@0.27.7 OK for: esbuild@0.27.7 want: 0.27.7
121 silly placeDep ROOT @esbuild/freebsd-x64@0.27.7 OK for: esbuild@0.27.7 want: 0.27.7
122 silly placeDep ROOT @esbuild/linux-arm@0.27.7 OK for: esbuild@0.27.7 want: 0.27.7
123 silly placeDep ROOT @esbuild/linux-arm64@0.27.7 OK for: esbuild@0.27.7 want: 0.27.7
124 silly placeDep ROOT @esbuild/linux-ia32@0.27.7 OK for: esbuild@0.27.7 want: 0.27.7
125 silly placeDep ROOT @esbuild/linux-loong64@0.27.7 OK for: esbuild@0.27.7 want: 0.27.7
126 silly placeDep ROOT @esbuild/linux-mips64el@0.27.7 OK for: esbuild@0.27.7 want: 0.27.7
127 silly placeDep ROOT @esbuild/linux-ppc64@0.27.7 OK for: esbuild@0.27.7 want: 0.27.7
128 silly placeDep ROOT @esbuild/linux-riscv64@0.27.7 OK for: esbuild@0.27.7 want: 0.27.7
129 silly placeDep ROOT @esbuild/linux-s390x@0.27.7 OK for: esbuild@0.27.7 want: 0.27.7
130 silly placeDep ROOT @esbuild/linux-x64@0.27.7 OK for: esbuild@0.27.7 want: 0.27.7
131 silly placeDep ROOT @esbuild/netbsd-arm64@0.27.7 OK for: esbuild@0.27.7 want: 0.27.7
132 silly placeDep ROOT @esbuild/netbsd-x64@0.27.7 OK for: esbuild@0.27.7 want: 0.27.7
133 silly placeDep ROOT @esbuild/openbsd-arm64@0.27.7 OK for: esbuild@0.27.7 want: 0.27.7
134 silly placeDep ROOT @esbuild/openbsd-x64@0.27.7 OK for: esbuild@0.27.7 want: 0.27.7
135 silly placeDep ROOT @esbuild/openharmony-arm64@0.27.7 OK for: esbuild@0.27.7 want: 0.27.7
136 silly placeDep ROOT @esbuild/sunos-x64@0.27.7 OK for: esbuild@0.27.7 want: 0.27.7
137 silly placeDep ROOT @esbuild/win32-arm64@0.27.7 OK for: esbuild@0.27.7 want: 0.27.7
138 silly placeDep ROOT @esbuild/win32-ia32@0.27.7 OK for: esbuild@0.27.7 want: 0.27.7
139 silly placeDep ROOT @esbuild/win32-x64@0.27.7 OK for: esbuild@0.27.7 want: 0.27.7
140 silly fetch manifest @rollup/rollup-android-arm-eabi@4.60.2
141 silly packumentCache full:https://registry.npmjs.org/@rollup%2frollup-android-arm-eabi cache-miss
142 http fetch GET 200 https://registry.npmjs.org/@rollup%2frollup-android-arm-eabi 87ms (cache updated)
143 silly packumentCache full:https://registry.npmjs.org/@rollup%2frollup-android-arm-eabi set size:undefined disposed:false
144 silly fetch manifest @rollup/rollup-android-arm64@4.60.2
145 silly packumentCache full:https://registry.npmjs.org/@rollup%2frollup-android-arm64 cache-miss
146 http fetch GET 200 https://registry.npmjs.org/@rollup%2frollup-android-arm64 89ms (cache updated)
147 silly packumentCache full:https://registry.npmjs.org/@rollup%2frollup-android-arm64 set size:undefined disposed:false
148 silly fetch manifest @rollup/rollup-darwin-x64@4.60.2
149 silly packumentCache full:https://registry.npmjs.org/@rollup%2frollup-darwin-x64 cache-miss
150 http fetch GET 200 https://registry.npmjs.org/@rollup%2frollup-darwin-x64 98ms (cache updated)
151 silly packumentCache full:https://registry.npmjs.org/@rollup%2frollup-darwin-x64 set size:undefined disposed:false
152 silly fetch manifest @rollup/rollup-freebsd-arm64@4.60.2
153 silly packumentCache full:https://registry.npmjs.org/@rollup%2frollup-freebsd-arm64 cache-miss
154 http fetch GET 200 https://registry.npmjs.org/@rollup%2frollup-freebsd-arm64 99ms (cache updated)
155 silly fetch manifest @rollup/rollup-freebsd-x64@4.60.2
156 silly packumentCache full:https://registry.npmjs.org/@rollup%2frollup-freebsd-x64 cache-miss
157 http fetch GET 200 https://registry.npmjs.org/@rollup%2frollup-freebsd-x64 94ms (cache miss)
158 silly fetch manifest @rollup/rollup-linux-arm-gnueabihf@4.60.2
159 silly packumentCache full:https://registry.npmjs.org/@rollup%2frollup-linux-arm-gnueabihf cache-miss
160 silly fetch manifest @rollup/rollup-linux-arm-musleabihf@4.60.2
161 silly packumentCache full:https://registry.npmjs.org/@rollup%2frollup-linux-arm-musleabihf cache-miss
162 http fetch GET 200 https://registry.npmjs.org/@rollup%2frollup-linux-arm-musleabihf 117ms (cache miss)
163 silly fetch manifest @rollup/rollup-linux-arm64-gnu@4.60.2
164 silly packumentCache full:https://registry.npmjs.org/@rollup%2frollup-linux-arm64-gnu cache-miss
165 silly fetch manifest @rollup/rollup-linux-arm64-musl@4.60.2
166 silly packumentCache full:https://registry.npmjs.org/@rollup%2frollup-linux-arm64-musl cache-miss
167 silly fetch manifest @rollup/rollup-linux-loong64-gnu@4.60.2
168 silly packumentCache full:https://registry.npmjs.org/@rollup%2frollup-linux-loong64-gnu cache-miss
169 http fetch GET 200 https://registry.npmjs.org/@rollup%2frollup-linux-loong64-gnu 71ms (cache miss)
170 silly packumentCache full:https://registry.npmjs.org/@rollup%2frollup-linux-loong64-gnu set size:undefined disposed:false
171 silly fetch manifest @rollup/rollup-linux-loong64-musl@4.60.2
172 silly packumentCache full:https://registry.npmjs.org/@rollup%2frollup-linux-loong64-musl cache-miss
173 http fetch GET 200 https://registry.npmjs.org/@rollup%2frollup-linux-loong64-musl 93ms (cache miss)
174 silly packumentCache full:https://registry.npmjs.org/@rollup%2frollup-linux-loong64-musl set size:undefined disposed:false
175 silly fetch manifest @rollup/rollup-linux-ppc64-gnu@4.60.2
176 silly packumentCache full:https://registry.npmjs.org/@rollup%2frollup-linux-ppc64-gnu cache-miss
177 http fetch GET 200 https://registry.npmjs.org/@rollup%2frollup-linux-ppc64-gnu 78ms (cache miss)
178 silly fetch manifest @rollup/rollup-linux-ppc64-musl@4.60.2
179 silly packumentCache full:https://registry.npmjs.org/@rollup%2frollup-linux-ppc64-musl cache-miss
180 http fetch GET 200 https://registry.npmjs.org/@rollup%2frollup-linux-ppc64-musl 62ms (cache miss)
181 silly fetch manifest @rollup/rollup-linux-riscv64-gnu@4.60.2
182 silly packumentCache full:https://registry.npmjs.org/@rollup%2frollup-linux-riscv64-gnu cache-miss
183 silly fetch manifest @rollup/rollup-linux-riscv64-musl@4.60.2
184 silly packumentCache full:https://registry.npmjs.org/@rollup%2frollup-linux-riscv64-musl cache-miss
185 http fetch GET 200 https://registry.npmjs.org/@rollup%2frollup-linux-riscv64-musl 78ms (cache miss)
186 silly fetch manifest @rollup/rollup-linux-s390x-gnu@4.60.2
187 silly packumentCache full:https://registry.npmjs.org/@rollup%2frollup-linux-s390x-gnu cache-miss
188 silly fetch manifest @rollup/rollup-linux-x64-gnu@4.60.2
189 silly packumentCache full:https://registry.npmjs.org/@rollup%2frollup-linux-x64-gnu cache-miss
190 silly fetch manifest @rollup/rollup-linux-x64-musl@4.60.2
191 silly packumentCache full:https://registry.npmjs.org/@rollup%2frollup-linux-x64-musl cache-miss
192 silly fetch manifest @rollup/rollup-openbsd-x64@4.60.2
193 silly packumentCache full:https://registry.npmjs.org/@rollup%2frollup-openbsd-x64 cache-miss
194 http fetch GET 200 https://registry.npmjs.org/@rollup%2frollup-openbsd-x64 66ms (cache miss)
195 silly fetch manifest @rollup/rollup-openharmony-arm64@4.60.2
196 silly packumentCache full:https://registry.npmjs.org/@rollup%2frollup-openharmony-arm64 cache-miss
197 http fetch GET 200 https://registry.npmjs.org/@rollup%2frollup-openharmony-arm64 73ms (cache miss)
198 silly fetch manifest @rollup/rollup-win32-arm64-msvc@4.60.2
199 silly packumentCache full:https://registry.npmjs.org/@rollup%2frollup-win32-arm64-msvc cache-miss
200 silly fetch manifest @rollup/rollup-win32-ia32-msvc@4.60.2
201 silly packumentCache full:https://registry.npmjs.org/@rollup%2frollup-win32-ia32-msvc cache-miss
202 silly fetch manifest @rollup/rollup-win32-x64-gnu@4.60.2
203 silly packumentCache full:https://registry.npmjs.org/@rollup%2frollup-win32-x64-gnu cache-miss
204 http fetch GET 200 https://registry.npmjs.org/@rollup%2frollup-win32-x64-gnu 69ms (cache miss)
205 silly fetch manifest @rollup/rollup-win32-x64-msvc@4.60.2
206 silly packumentCache full:https://registry.npmjs.org/@rollup%2frollup-win32-x64-msvc cache-miss
207 silly placeDep ROOT @rollup/rollup-android-arm-eabi@4.60.2 OK for: rollup@4.60.2 want: 4.60.2
208 silly placeDep ROOT @rollup/rollup-android-arm64@4.60.2 OK for: rollup@4.60.2 want: 4.60.2
209 silly placeDep ROOT @rollup/rollup-darwin-x64@4.60.2 OK for: rollup@4.60.2 want: 4.60.2
210 silly placeDep node_modules/rollup @rollup/rollup-freebsd-arm64@ OK for: rollup@4.60.2 want: 4.60.2
211 silly placeDep node_modules/rollup @rollup/rollup-freebsd-x64@ OK for: rollup@4.60.2 want: 4.60.2
212 silly placeDep node_modules/rollup @rollup/rollup-linux-arm-gnueabihf@ OK for: rollup@4.60.2 want: 4.60.2
213 silly placeDep node_modules/rollup @rollup/rollup-linux-arm-musleabihf@ OK for: rollup@4.60.2 want: 4.60.2
214 silly placeDep node_modules/rollup @rollup/rollup-linux-arm64-gnu@ OK for: rollup@4.60.2 want: 4.60.2
215 silly placeDep node_modules/rollup @rollup/rollup-linux-arm64-musl@ OK for: rollup@4.60.2 want: 4.60.2
216 silly placeDep ROOT @rollup/rollup-linux-loong64-gnu@4.60.2 OK for: rollup@4.60.2 want: 4.60.2
217 silly placeDep ROOT @rollup/rollup-linux-loong64-musl@4.60.2 OK for: rollup@4.60.2 want: 4.60.2
218 silly placeDep node_modules/rollup @rollup/rollup-linux-ppc64-gnu@ OK for: rollup@4.60.2 want: 4.60.2
219 silly placeDep node_modules/rollup @rollup/rollup-linux-ppc64-musl@ OK for: rollup@4.60.2 want: 4.60.2
220 silly placeDep node_modules/rollup @rollup/rollup-linux-riscv64-gnu@ OK for: rollup@4.60.2 want: 4.60.2
221 silly placeDep node_modules/rollup @rollup/rollup-linux-riscv64-musl@ OK for: rollup@4.60.2 want: 4.60.2
222 silly placeDep node_modules/rollup @rollup/rollup-linux-s390x-gnu@ OK for: rollup@4.60.2 want: 4.60.2
223 silly placeDep node_modules/rollup @rollup/rollup-linux-x64-gnu@ OK for: rollup@4.60.2 want: 4.60.2
224 silly placeDep node_modules/rollup @rollup/rollup-linux-x64-musl@ OK for: rollup@4.60.2 want: 4.60.2
225 silly placeDep node_modules/rollup @rollup/rollup-openbsd-x64@ OK for: rollup@4.60.2 want: 4.60.2
226 silly placeDep node_modules/rollup @rollup/rollup-openharmony-arm64@ OK for: rollup@4.60.2 want: 4.60.2
227 silly placeDep node_modules/rollup @rollup/rollup-win32-arm64-msvc@ OK for: rollup@4.60.2 want: 4.60.2
228 silly placeDep node_modules/rollup @rollup/rollup-win32-ia32-msvc@ OK for: rollup@4.60.2 want: 4.60.2
229 silly placeDep node_modules/rollup @rollup/rollup-win32-x64-gnu@ OK for: rollup@4.60.2 want: 4.60.2
230 silly placeDep node_modules/rollup @rollup/rollup-win32-x64-msvc@ OK for: rollup@4.60.2 want: 4.60.2
231 silly fetch manifest @img/sharp-darwin-x64@0.34.5
232 silly packumentCache full:https://registry.npmjs.org/@img%2fsharp-darwin-x64 cache-miss
233 http fetch GET 200 https://registry.npmjs.org/@img%2fsharp-darwin-x64 58ms (cache miss)
234 silly packumentCache full:https://registry.npmjs.org/@img%2fsharp-darwin-x64 set size:undefined disposed:false
235 silly fetch manifest @img/sharp-libvips-darwin-x64@1.2.4
236 silly packumentCache full:https://registry.npmjs.org/@img%2fsharp-libvips-darwin-x64 cache-miss
237 http fetch GET 200 https://registry.npmjs.org/@img%2fsharp-libvips-darwin-x64 63ms (cache miss)
238 silly packumentCache full:https://registry.npmjs.org/@img%2fsharp-libvips-darwin-x64 set size:undefined disposed:false
239 silly fetch manifest @img/sharp-libvips-linux-arm@1.2.4
240 silly packumentCache full:https://registry.npmjs.org/@img%2fsharp-libvips-linux-arm cache-miss
241 http fetch GET 200 https://registry.npmjs.org/@img%2fsharp-libvips-linux-arm 72ms (cache miss)
242 silly packumentCache full:https://registry.npmjs.org/@img%2fsharp-libvips-linux-arm set size:undefined disposed:false
243 silly fetch manifest @img/sharp-libvips-linux-arm64@1.2.4
244 silly packumentCache full:https://registry.npmjs.org/@img%2fsharp-libvips-linux-arm64 cache-miss
245 http fetch GET 200 https://registry.npmjs.org/@img%2fsharp-libvips-linux-arm64 62ms (cache miss)
246 silly packumentCache full:https://registry.npmjs.org/@img%2fsharp-libvips-linux-arm64 set size:undefined disposed:false
247 silly fetch manifest @img/sharp-libvips-linux-ppc64@1.2.4
248 silly packumentCache full:https://registry.npmjs.org/@img%2fsharp-libvips-linux-ppc64 cache-miss
249 http fetch GET 200 https://registry.npmjs.org/@img%2fsharp-libvips-linux-ppc64 74ms (cache miss)
250 silly packumentCache full:https://registry.npmjs.org/@img%2fsharp-libvips-linux-ppc64 set size:undefined disposed:false
251 silly fetch manifest @img/sharp-libvips-linux-riscv64@1.2.4
252 silly packumentCache full:https://registry.npmjs.org/@img%2fsharp-libvips-linux-riscv64 cache-miss
253 http fetch GET 200 https://registry.npmjs.org/@img%2fsharp-libvips-linux-riscv64 62ms (cache miss)
254 silly packumentCache full:https://registry.npmjs.org/@img%2fsharp-libvips-linux-riscv64 set size:undefined disposed:false
255 silly fetch manifest @img/sharp-libvips-linux-s390x@1.2.4
256 silly packumentCache full:https://registry.npmjs.org/@img%2fsharp-libvips-linux-s390x cache-miss
257 http fetch GET 200 https://registry.npmjs.org/@img%2fsharp-libvips-linux-s390x 67ms (cache miss)
258 silly packumentCache full:https://registry.npmjs.org/@img%2fsharp-libvips-linux-s390x set size:undefined disposed:false
259 silly fetch manifest @img/sharp-libvips-linux-x64@1.2.4
260 silly packumentCache full:https://registry.npmjs.org/@img%2fsharp-libvips-linux-x64 cache-miss
261 http fetch GET 200 https://registry.npmjs.org/@img%2fsharp-libvips-linux-x64 65ms (cache miss)
262 silly packumentCache full:https://registry.npmjs.org/@img%2fsharp-libvips-linux-x64 set size:undefined disposed:false
263 silly fetch manifest @img/sharp-libvips-linuxmusl-arm64@1.2.4
264 silly packumentCache full:https://registry.npmjs.org/@img%2fsharp-libvips-linuxmusl-arm64 cache-miss
265 http fetch GET 200 https://registry.npmjs.org/@img%2fsharp-libvips-linuxmusl-arm64 135ms (cache miss)
266 silly packumentCache full:https://registry.npmjs.org/@img%2fsharp-libvips-linuxmusl-arm64 set size:undefined disposed:false
267 silly fetch manifest @img/sharp-libvips-linuxmusl-x64@1.2.4
268 silly packumentCache full:https://registry.npmjs.org/@img%2fsharp-libvips-linuxmusl-x64 cache-miss
269 http fetch GET 200 https://registry.npmjs.org/@img%2fsharp-libvips-linuxmusl-x64 65ms (cache miss)
270 silly packumentCache full:https://registry.npmjs.org/@img%2fsharp-libvips-linuxmusl-x64 set size:undefined disposed:false
271 silly fetch manifest @img/sharp-linux-arm@0.34.5
272 silly packumentCache full:https://registry.npmjs.org/@img%2fsharp-linux-arm cache-miss
273 http fetch GET 200 https://registry.npmjs.org/@img%2fsharp-linux-arm 71ms (cache miss)
274 silly packumentCache full:https://registry.npmjs.org/@img%2fsharp-linux-arm set size:undefined disposed:false
275 silly fetch manifest @img/sharp-linux-arm64@0.34.5
276 silly packumentCache full:https://registry.npmjs.org/@img%2fsharp-linux-arm64 cache-miss
277 http fetch GET 200 https://registry.npmjs.org/@img%2fsharp-linux-arm64 74ms (cache miss)
278 silly packumentCache full:https://registry.npmjs.org/@img%2fsharp-linux-arm64 set size:undefined disposed:false
279 silly fetch manifest @img/sharp-linux-ppc64@0.34.5
280 silly packumentCache full:https://registry.npmjs.org/@img%2fsharp-linux-ppc64 cache-miss
281 http fetch GET 200 https://registry.npmjs.org/@img%2fsharp-linux-ppc64 65ms (cache miss)
282 silly packumentCache full:https://registry.npmjs.org/@img%2fsharp-linux-ppc64 set size:undefined disposed:false
283 silly fetch manifest @img/sharp-linux-riscv64@0.34.5
284 silly packumentCache full:https://registry.npmjs.org/@img%2fsharp-linux-riscv64 cache-miss
285 http fetch GET 200 https://registry.npmjs.org/@img%2fsharp-linux-riscv64 60ms (cache miss)
286 silly packumentCache full:https://registry.npmjs.org/@img%2fsharp-linux-riscv64 set size:undefined disposed:false
287 silly fetch manifest @img/sharp-linux-s390x@0.34.5
288 silly packumentCache full:https://registry.npmjs.org/@img%2fsharp-linux-s390x cache-miss
289 http fetch GET 200 https://registry.npmjs.org/@img%2fsharp-linux-s390x 61ms (cache miss)
290 silly packumentCache full:https://registry.npmjs.org/@img%2fsharp-linux-s390x set size:undefined disposed:false
291 silly fetch manifest @img/sharp-linux-x64@0.34.5
292 silly packumentCache full:https://registry.npmjs.org/@img%2fsharp-linux-x64 cache-miss
293 http fetch GET 200 https://registry.npmjs.org/@img%2fsharp-linux-x64 88ms (cache miss)
294 silly packumentCache full:https://registry.npmjs.org/@img%2fsharp-linux-x64 set size:undefined disposed:false
295 silly fetch manifest @img/sharp-linuxmusl-arm64@0.34.5
296 silly packumentCache full:https://registry.npmjs.org/@img%2fsharp-linuxmusl-arm64 cache-miss
297 http fetch GET 200 https://registry.npmjs.org/@img%2fsharp-linuxmusl-arm64 97ms (cache miss)
298 silly packumentCache full:https://registry.npmjs.org/@img%2fsharp-linuxmusl-arm64 set size:undefined disposed:false
299 silly fetch manifest @img/sharp-linuxmusl-x64@0.34.5
300 silly packumentCache full:https://registry.npmjs.org/@img%2fsharp-linuxmusl-x64 cache-miss
301 http fetch GET 200 https://registry.npmjs.org/@img%2fsharp-linuxmusl-x64 107ms (cache miss)
302 silly packumentCache full:https://registry.npmjs.org/@img%2fsharp-linuxmusl-x64 set size:undefined disposed:false
303 silly fetch manifest @img/sharp-wasm32@0.34.5
304 silly packumentCache full:https://registry.npmjs.org/@img%2fsharp-wasm32 cache-miss
305 http fetch GET 200 https://registry.npmjs.org/@img%2fsharp-wasm32 57ms (cache miss)
306 silly packumentCache full:https://registry.npmjs.org/@img%2fsharp-wasm32 set size:undefined disposed:false
307 silly fetch manifest @img/sharp-win32-arm64@0.34.5
308 silly packumentCache full:https://registry.npmjs.org/@img%2fsharp-win32-arm64 cache-miss
309 http fetch GET 200 https://registry.npmjs.org/@img%2fsharp-win32-arm64 62ms (cache miss)
310 silly packumentCache full:https://registry.npmjs.org/@img%2fsharp-win32-arm64 set size:undefined disposed:false
311 silly fetch manifest @img/sharp-win32-ia32@0.34.5
312 silly packumentCache full:https://registry.npmjs.org/@img%2fsharp-win32-ia32 cache-miss
313 http fetch GET 200 https://registry.npmjs.org/@img%2fsharp-win32-ia32 68ms (cache miss)
314 silly packumentCache full:https://registry.npmjs.org/@img%2fsharp-win32-ia32 set size:undefined disposed:false
315 silly fetch manifest @img/sharp-win32-x64@0.34.5
316 silly packumentCache full:https://registry.npmjs.org/@img%2fsharp-win32-x64 cache-miss
317 http fetch GET 200 https://registry.npmjs.org/@img%2fsharp-win32-x64 70ms (cache miss)
318 silly packumentCache full:https://registry.npmjs.org/@img%2fsharp-win32-x64 set size:undefined disposed:false
319 silly placeDep ROOT @img/sharp-darwin-x64@0.34.5 OK for: sharp@0.34.5 want: 0.34.5
320 silly placeDep ROOT @img/sharp-libvips-darwin-x64@1.2.4 OK for: sharp@0.34.5 want: 1.2.4
321 silly placeDep ROOT @img/sharp-libvips-linux-arm@1.2.4 OK for: sharp@0.34.5 want: 1.2.4
322 silly placeDep ROOT @img/sharp-libvips-linux-arm64@1.2.4 OK for: sharp@0.34.5 want: 1.2.4
323 silly placeDep ROOT @img/sharp-libvips-linux-ppc64@1.2.4 OK for: sharp@0.34.5 want: 1.2.4
324 silly placeDep ROOT @img/sharp-libvips-linux-riscv64@1.2.4 OK for: sharp@0.34.5 want: 1.2.4
325 silly placeDep ROOT @img/sharp-libvips-linux-s390x@1.2.4 OK for: sharp@0.34.5 want: 1.2.4
326 silly placeDep ROOT @img/sharp-libvips-linux-x64@1.2.4 OK for: sharp@0.34.5 want: 1.2.4
327 silly placeDep ROOT @img/sharp-libvips-linuxmusl-arm64@1.2.4 OK for: sharp@0.34.5 want: 1.2.4
328 silly placeDep ROOT @img/sharp-libvips-linuxmusl-x64@1.2.4 OK for: sharp@0.34.5 want: 1.2.4
329 silly placeDep ROOT @img/sharp-linux-arm@0.34.5 OK for: sharp@0.34.5 want: 0.34.5
330 silly placeDep ROOT @img/sharp-linux-arm64@0.34.5 OK for: sharp@0.34.5 want: 0.34.5
331 silly placeDep ROOT @img/sharp-linux-ppc64@0.34.5 OK for: sharp@0.34.5 want: 0.34.5
332 silly placeDep ROOT @img/sharp-linux-riscv64@0.34.5 OK for: sharp@0.34.5 want: 0.34.5
333 silly placeDep ROOT @img/sharp-linux-s390x@0.34.5 OK for: sharp@0.34.5 want: 0.34.5
334 silly placeDep ROOT @img/sharp-linux-x64@0.34.5 OK for: sharp@0.34.5 want: 0.34.5
335 silly placeDep ROOT @img/sharp-linuxmusl-arm64@0.34.5 OK for: sharp@0.34.5 want: 0.34.5
336 silly placeDep ROOT @img/sharp-linuxmusl-x64@0.34.5 OK for: sharp@0.34.5 want: 0.34.5
337 silly placeDep ROOT @img/sharp-wasm32@0.34.5 OK for: sharp@0.34.5 want: 0.34.5
338 silly placeDep ROOT @img/sharp-win32-arm64@0.34.5 OK for: sharp@0.34.5 want: 0.34.5
339 silly placeDep ROOT @img/sharp-win32-ia32@0.34.5 OK for: sharp@0.34.5 want: 0.34.5
340 silly placeDep ROOT @img/sharp-win32-x64@0.34.5 OK for: sharp@0.34.5 want: 0.34.5
341 silly fetch manifest @emnapi/runtime@^1.7.0
342 silly packumentCache full:https://registry.npmjs.org/@emnapi%2fruntime cache-miss
343 http fetch GET 200 https://registry.npmjs.org/@emnapi%2fruntime 69ms (cache miss)
344 silly packumentCache full:https://registry.npmjs.org/@emnapi%2fruntime set size:undefined disposed:false
345 silly placeDep ROOT @emnapi/runtime@1.10.0 OK for: @img/sharp-wasm32@0.34.5 want: ^1.7.0
346 silly fetch manifest tslib@^2.4.0
347 silly packumentCache full:https://registry.npmjs.org/tslib cache-miss
348 http fetch GET 200 https://registry.npmjs.org/tslib 60ms (cache miss)
349 silly packumentCache full:https://registry.npmjs.org/tslib set size:undefined disposed:false
350 silly placeDep ROOT tslib@2.8.1 OK for: @emnapi/runtime@1.10.0 want: ^2.4.0
351 silly audit bulk request {
351 silly audit   '@astrojs/check': [ '0.9.9' ],
351 silly audit   chokidar: [ '4.0.3', '5.0.0' ],
351 silly audit   readdirp: [ '4.1.2', '5.0.0' ],
351 silly audit   '@astrojs/compiler': [ '4.0.0', '2.13.1' ],
351 silly audit   '@astrojs/internal-helpers': [ '0.9.0' ],
351 silly audit   '@astrojs/language-server': [ '2.16.7' ],
351 silly audit   '@astrojs/markdown-remark': [ '7.1.1' ],
351 silly audit   '@astrojs/prism': [ '4.0.1' ],
351 silly audit   '@astrojs/telemetry': [ '3.3.1' ],
351 silly audit   '@astrojs/yaml2ts': [ '0.2.3' ],
351 silly audit   '@babel/helper-string-parser': [ '7.27.1' ],
351 silly audit   '@babel/helper-validator-identifier': [ '7.28.5' ],
351 silly audit   '@babel/parser': [ '7.29.2' ],
351 silly audit   '@babel/types': [ '7.29.0' ],
351 silly audit   '@capsizecss/unpack': [ '4.0.0' ],
351 silly audit   '@clack/core': [ '1.3.0' ],
351 silly audit   '@clack/prompts': [ '1.3.0' ],
351 silly audit   '@emmetio/abbreviation': [ '2.3.3' ],
351 silly audit   '@emmetio/css-abbreviation': [ '2.1.8' ],
351 silly audit   '@emmetio/css-parser': [ '0.4.1' ],
351 silly audit   '@emmetio/html-matcher': [ '1.3.0' ],
351 silly audit   '@emmetio/scanner': [ '1.0.4' ],
351 silly audit   '@emmetio/stream-reader': [ '2.2.0' ],
351 silly audit   '@emmetio/stream-reader-utils': [ '0.1.0' ],
351 silly audit   '@esbuild/darwin-arm64': [ '0.27.7' ],
351 silly audit   '@img/colour': [ '1.1.0' ],
351 silly audit   '@img/sharp-darwin-arm64': [ '0.34.5' ],
351 silly audit   '@img/sharp-libvips-darwin-arm64': [ '1.2.4' ],
351 silly audit   '@jridgewell/sourcemap-codec': [ '1.5.5' ],
351 silly audit   '@oslojs/encoding': [ '1.1.0' ],
351 silly audit   '@rollup/pluginutils': [ '5.3.0' ],
351 silly audit   '@rollup/rollup-darwin-arm64': [ '4.60.2' ],
351 silly audit   '@shikijs/core': [ '4.0.2' ],
351 silly audit   '@shikijs/engine-javascript': [ '4.0.2' ],
351 silly audit   '@shikijs/engine-oniguruma': [ '4.0.2' ],
351 silly audit   '@shikijs/langs': [ '4.0.2' ],
351 silly audit   '@shikijs/primitive': [ '4.0.2' ],
351 silly audit   '@shikijs/themes': [ '4.0.2' ],
351 silly audit   '@shikijs/types': [ '4.0.2' ],
351 silly audit   '@shikijs/vscode-textmate': [ '10.0.2' ],
351 silly audit   '@types/debug': [ '4.1.13' ],
351 silly audit   '@types/estree': [ '1.0.8' ],
351 silly audit   '@types/hast': [ '3.0.4' ],
351 silly audit   '@types/mdast': [ '4.0.4' ],
351 silly audit   '@types/ms': [ '2.1.0' ],
351 silly audit   '@types/nlcst': [ '2.0.3' ],
351 silly audit   '@types/node': [ '24.12.2' ],
351 silly audit   '@types/unist': [ '3.0.3' ],
351 silly audit   '@ungap/structured-clone': [ '1.3.0' ],
351 silly audit   '@volar/kit': [ '2.4.28' ],
351 silly audit   '@volar/language-core': [ '2.4.28' ],
351 silly audit   '@volar/language-server': [ '2.4.28' ],
351 silly audit   '@volar/language-service': [ '2.4.28' ],
351 silly audit   '@volar/source-map': [ '2.4.28' ],
351 silly audit   '@volar/typescript': [ '2.4.28' ],
351 silly audit   '@vscode/emmet-helper': [ '2.11.0' ],
351 silly audit   '@vscode/l10n': [ '0.0.18' ],
351 silly audit   ajv: [ '8.20.0' ],
351 silly audit   'ajv-draft-04': [ '1.0.0' ],
351 silly audit   'ansi-regex': [ '5.0.1' ],
351 silly audit   'ansi-styles': [ '4.3.0' ],
351 silly audit   anymatch: [ '3.1.3' ],
351 silly audit   picomatch: [ '2.3.2', '4.0.4' ],
351 silly audit   argparse: [ '2.0.1' ],
351 silly audit   'aria-query': [ '5.3.2' ],
351 silly audit   'array-iterate': [ '2.0.1' ],
351 silly audit   astro: [ '6.2.0' ],
351 silly audit   'axobject-query': [ '4.1.0' ],
351 silly audit   bail: [ '2.0.2' ],
351 silly audit   boolbase: [ '1.0.0' ],
351 silly audit   ccount: [ '2.0.1' ],
351 silly audit   'character-entities': [ '2.0.2' ],
351 silly audit   'character-entities-html4': [ '2.1.0' ],
351 silly audit   'character-entities-legacy': [ '3.0.0' ],
351 silly audit   'ci-info': [ '4.4.0' ],
351 silly audit   cliui: [ '8.0.1' ],
351 silly audit   clsx: [ '2.1.1' ],
351 silly audit   'color-convert': [ '2.0.1' ],
351 silly audit   'color-name': [ '1.1.4' ],
351 silly audit   'comma-separated-tokens': [ '2.0.3' ],
351 silly audit   commander: [ '11.1.0' ],
351 silly audit   'common-ancestor-path': [ '2.0.0' ],
351 silly audit   cookie: [ '1.1.1' ],
351 silly audit   'cookie-es': [ '1.2.3' ],
351 silly audit   crossws: [ '0.3.5' ],
351 silly audit   'css-select': [ '5.2.2' ],
351 silly audit   'css-tree': [ '3.2.1', '2.2.1' ],
351 silly audit   'css-what': [ '6.2.2' ],
351 silly audit   csso: [ '5.0.5' ],
351 silly audit   'mdn-data': [ '2.0.28', '2.27.1' ],
351 silly audit   debug: [ '4.4.3' ],
351 silly audit   'decode-named-character-reference': [ '1.3.0' ],
351 silly audit   defu: [ '6.1.7' ],
351 silly audit   dequal: [ '2.0.3' ],
351 silly audit   destr: [ '2.0.5' ],
351 silly audit   'detect-libc': [ '2.1.2' ],
351 silly audit   devalue: [ '5.7.1' ],
351 silly audit   devlop: [ '1.1.0' ],
351 silly audit   diff: [ '8.0.4' ],
351 silly audit   dlv: [ '1.1.3' ],
351 silly audit   'dom-serializer': [ '2.0.0' ],
351 silly audit   entities: [ '4.5.0', '6.0.1' ],
351 silly audit   domelementtype: [ '2.3.0' ],
351 silly audit   domhandler: [ '5.0.3' ],
351 silly audit   domutils: [ '3.2.2' ],
351 silly audit   dset: [ '3.1.4' ],
351 silly audit   echarts: [ '5.6.0' ],
351 silly audit   tslib: [ '2.3.0', '2.8.1' ],
351 silly audit   emmet: [ '2.4.11' ],
351 silly audit   'emoji-regex': [ '8.0.0' ],
351 silly audit   'es-module-lexer': [ '2.1.0' ],
351 silly audit   esbuild: [ '0.27.7' ],
351 silly audit   escalade: [ '3.2.0' ],
351 silly audit   'escape-string-regexp': [ '5.0.0' ],
351 silly audit   'estree-walker': [ '2.0.2' ],
351 silly audit   eventemitter3: [ '5.0.4' ],
351 silly audit   extend: [ '3.0.2' ],
351 silly audit   'fast-deep-equal': [ '3.1.3' ],
351 silly audit   'fast-string-truncated-width': [ '3.0.3' ],
351 silly audit   'fast-string-width': [ '3.0.2' ],
351 silly audit   'fast-uri': [ '3.1.0' ],
351 silly audit   'fast-wrap-ansi': [ '0.2.0' ],
351 silly audit   fdir: [ '6.5.0' ],
351 silly audit   flattie: [ '1.1.1' ],
351 silly audit   fontace: [ '0.4.1' ],
351 silly audit   fontkitten: [ '1.0.3' ],
351 silly audit   fsevents: [ '2.3.3' ],
351 silly audit   'get-caller-file': [ '2.0.5' ],
351 silly audit   'github-slugger': [ '2.0.0' ],
351 silly audit   h3: [ '1.15.11' ],
351 silly audit   'hast-util-from-html': [ '2.0.3' ],
351 silly audit   'hast-util-from-parse5': [ '8.0.3' ],
351 silly audit   'hast-util-is-element': [ '3.0.0' ],
351 silly audit   'hast-util-parse-selector': [ '4.0.0' ],
351 silly audit   'hast-util-raw': [ '9.1.0' ],
351 silly audit   'hast-util-to-html': [ '9.0.5' ],
351 silly audit   'hast-util-to-parse5': [ '8.0.1' ],
351 silly audit   'hast-util-to-text': [ '4.0.2' ],
351 silly audit   'hast-util-whitespace': [ '3.0.0' ],
351 silly audit   hastscript: [ '9.0.1' ],
351 silly audit   'html-escaper': [ '3.0.3' ],
351 silly audit   'html-void-elements': [ '3.0.0' ],
351 silly audit   'http-cache-semantics': [ '4.2.0' ],
351 silly audit   'iron-webcrypto': [ '1.2.1' ],
351 silly audit   'is-docker': [ '4.0.0', '3.0.0' ],
351 silly audit   'is-fullwidth-code-point': [ '3.0.0' ],
351 silly audit   'is-inside-container': [ '1.0.0' ],
351 silly audit   'is-plain-obj': [ '4.1.0' ],
351 silly audit   'is-wsl': [ '3.1.1' ],
351 silly audit   'js-yaml': [ '4.1.1' ],
351 silly audit   'json-schema-traverse': [ '1.0.0' ],
351 silly audit   'jsonc-parser': [ '2.3.1', '3.3.1' ],
351 silly audit   kleur: [ '4.1.5' ],
351 silly audit   'longest-streak': [ '3.1.0' ],
351 silly audit   'lru-cache': [ '11.3.5' ],
351 silly audit   'magic-string': [ '0.30.21' ],
351 silly audit   magicast: [ '0.5.2' ],
351 silly audit   'markdown-table': [ '3.0.4' ],
351 silly audit   'mdast-util-definitions': [ '6.0.0' ],
351 silly audit   'mdast-util-find-and-replace': [ '3.0.2' ],
351 silly audit   'mdast-util-from-markdown': [ '2.0.3' ],
351 silly audit   'mdast-util-gfm': [ '3.1.0' ],
351 silly audit   'mdast-util-gfm-autolink-literal': [ '2.0.1' ],
351 silly audit   'mdast-util-gfm-footnote': [ '2.1.0' ],
351 silly audit   'mdast-util-gfm-strikethrough': [ '2.0.0' ],
351 silly audit   'mdast-util-gfm-table': [ '2.0.0' ],
351 silly audit   'mdast-util-gfm-task-list-item': [ '2.0.0' ],
351 silly audit   'mdast-util-phrasing': [ '4.1.0' ],
351 silly audit   'mdast-util-to-hast': [ '13.2.1' ],
351 silly audit   'mdast-util-to-markdown': [ '2.1.2' ],
351 silly audit   'mdast-util-to-string': [ '4.0.0' ],
351 silly audit   micromark: [ '4.0.2' ],
351 silly audit   'micromark-core-commonmark': [ '2.0.3' ],
351 silly audit   'micromark-extension-gfm': [ '3.0.0' ],
351 silly audit   'micromark-extension-gfm-autolink-literal': [ '2.1.0' ],
351 silly audit   'micromark-extension-gfm-footnote': [ '2.1.0' ],
351 silly audit   'micromark-extension-gfm-strikethrough': [ '2.1.0' ],
351 silly audit   'micromark-extension-gfm-table': [ '2.1.1' ],
351 silly audit   'micromark-extension-gfm-tagfilter': [ '2.0.0' ],
351 silly audit   'micromark-extension-gfm-task-list-item': [ '2.1.0' ],
351 silly audit   'micromark-factory-destination': [ '2.0.1' ],
351 silly audit   'micromark-factory-label': [ '2.0.1' ],
351 silly audit   'micromark-factory-space': [ '2.0.1' ],
351 silly audit   'micromark-factory-title': [ '2.0.1' ],
351 silly audit   'micromark-factory-whitespace': [ '2.0.1' ],
351 silly audit   'micromark-util-character': [ '2.1.1' ],
351 silly audit   'micromark-util-chunked': [ '2.0.1' ],
351 silly audit   'micromark-util-classify-character': [ '2.0.1' ],
351 silly audit   'micromark-util-combine-extensions': [ '2.0.1' ],
351 silly audit   'micromark-util-decode-numeric-character-reference': [ '2.0.2' ],
351 silly audit   'micromark-util-decode-string': [ '2.0.1' ],
351 silly audit   'micromark-util-encode': [ '2.0.1' ],
351 silly audit   'micromark-util-html-tag-name': [ '2.0.1' ],
351 silly audit   'micromark-util-normalize-identifier': [ '2.0.1' ],
351 silly audit   'micromark-util-resolve-all': [ '2.0.1' ],
351 silly audit   'micromark-util-sanitize-uri': [ '2.0.1' ],
351 silly audit   'micromark-util-subtokenize': [ '2.1.0' ],
351 silly audit   'micromark-util-symbol': [ '2.0.1' ],
351 silly audit   'micromark-util-types': [ '2.0.2' ],
351 silly audit   mrmime: [ '2.0.1' ],
351 silly audit   ms: [ '2.1.3' ],
351 silly audit   'muggle-string': [ '0.4.1' ],
351 silly audit   nanoid: [ '3.3.11' ],
351 silly audit   neotraverse: [ '0.6.18' ],
351 silly audit   'nlcst-to-string': [ '4.0.0' ],
351 silly audit   'node-fetch-native': [ '1.6.7' ],
351 silly audit   'node-mock-http': [ '1.0.4' ],
351 silly audit   'normalize-path': [ '3.0.0' ],
351 silly audit   'nth-check': [ '2.1.1' ],
351 silly audit   obug: [ '2.1.1' ],
351 silly audit   ofetch: [ '1.5.1' ],
351 silly audit   ohash: [ '2.0.11' ],
351 silly audit   'oniguruma-parser': [ '0.12.2' ],
351 silly audit   'oniguruma-to-es': [ '4.3.6' ],
351 silly audit   'p-limit': [ '7.3.0' ],
351 silly audit   'p-queue': [ '9.2.0' ],
351 silly audit   'p-timeout': [ '7.0.1' ],
351 silly audit   'package-manager-detector': [ '1.6.0' ],
351 silly audit   'parse-latin': [ '7.0.0' ],
351 silly audit   parse5: [ '7.3.0' ],
351 silly audit   'path-browserify': [ '1.0.1' ],
351 silly audit   piccolore: [ '0.1.3' ],
351 silly audit   picocolors: [ '1.1.1' ],
351 silly audit   postcss: [ '8.5.12' ],
351 silly audit   prettier: [ '3.8.3' ],
351 silly audit   prismjs: [ '1.30.0' ],
351 silly audit   'property-information': [ '7.1.0' ],
351 silly audit   radix3: [ '1.1.2' ],
351 silly audit   regex: [ '6.1.0' ],
351 silly audit   'regex-recursion': [ '6.0.2' ],
351 silly audit   'regex-utilities': [ '2.3.0' ],
351 silly audit   rehype: [ '13.0.2' ],
351 silly audit   'rehype-parse': [ '9.0.1' ],
351 silly audit   'rehype-raw': [ '7.0.0' ],
351 silly audit   'rehype-stringify': [ '10.0.1' ],
351 silly audit   'remark-gfm': [ '4.0.1' ],
351 silly audit   'remark-parse': [ '11.0.0' ],
351 silly audit   'remark-rehype': [ '11.1.2' ],
351 silly audit   'remark-smartypants': [ '3.0.2' ],
351 silly audit   'remark-stringify': [ '11.0.0' ],
351 silly audit   'request-light': [ '0.7.0', '0.5.8' ],
351 silly audit   'require-directory': [ '2.1.1' ],
351 silly audit   'require-from-string': [ '2.0.2' ],
351 silly audit   retext: [ '9.0.0' ],
351 silly audit   'retext-latin': [ '4.0.0' ],
351 silly audit   'retext-smartypants': [ '6.2.0' ],
351 silly audit   'retext-stringify': [ '4.0.0' ],
351 silly audit   rollup: [ '4.60.2' ],
351 silly audit   sax: [ '1.6.0' ],
351 silly audit   semver: [ '7.7.4' ],
351 silly audit   sharp: [ '0.34.5' ],
351 silly audit   shiki: [ '4.0.2' ],
351 silly audit   sisteransi: [ '1.0.5' ],
351 silly audit   'smol-toml': [ '1.6.1' ],
351 silly audit   'source-map-js': [ '1.2.1' ],
351 silly audit   'space-separated-tokens': [ '2.0.2' ],
351 silly audit   'string-width': [ '4.2.3' ],
351 silly audit   'stringify-entities': [ '4.0.4' ],
351 silly audit   'strip-ansi': [ '6.0.1' ],
351 silly audit   svgo: [ '4.0.1' ],
351 silly audit   'tiny-inflate': [ '1.0.3' ],
351 silly audit   tinyclip: [ '0.1.12' ],
351 silly audit   tinyexec: [ '1.1.2' ],
351 silly audit   tinyglobby: [ '0.2.16' ],
351 silly audit   'trim-lines': [ '3.0.1' ],
351 silly audit   trough: [ '2.2.0' ],
351 silly audit   tsconfck: [ '3.1.6' ],
351 silly audit   'typesafe-path': [ '0.2.2' ],
351 silly audit   typescript: [ '5.9.3' ],
351 silly audit   'typescript-auto-import-cache': [ '0.3.6' ],
351 silly audit   ufo: [ '1.6.4' ],
351 silly audit   ultrahtml: [ '1.6.0' ],
351 silly audit   uncrypto: [ '0.1.3' ],
351 silly audit   'undici-types': [ '7.16.0' ],
351 silly audit   unified: [ '11.0.5' ],
351 silly audit   unifont: [ '0.7.4' ],
351 silly audit   'unist-util-find-after': [ '5.0.0' ],
351 silly audit   'unist-util-is': [ '6.0.1' ],
351 silly audit   'unist-util-modify-children': [ '4.0.0' ],
351 silly audit   'unist-util-position': [ '5.0.0' ],
351 silly audit   'unist-util-remove-position': [ '5.0.0' ],
351 silly audit   'unist-util-stringify-position': [ '4.0.0' ],
351 silly audit   'unist-util-visit': [ '5.1.0' ],
351 silly audit   'unist-util-visit-children': [ '3.0.0' ],
351 silly audit   'unist-util-visit-parents': [ '6.0.2' ],
351 silly audit   unstorage: [ '1.17.5' ],
351 silly audit   vfile: [ '6.0.3' ],
351 silly audit   'vfile-location': [ '5.0.3' ],
351 silly audit   'vfile-message': [ '4.0.3' ],
351 silly audit   vite: [ '7.3.2' ],
351 silly audit   vitefu: [ '1.1.3' ],
351 silly audit   'volar-service-css': [ '0.0.70' ],
351 silly audit   'volar-service-emmet': [ '0.0.70' ],
351 silly audit   'volar-service-html': [ '0.0.70' ],
351 silly audit   'volar-service-prettier': [ '0.0.70' ],
351 silly audit   'volar-service-typescript': [ '0.0.70' ],
351 silly audit   'volar-service-typescript-twoslash-queries': [ '0.0.70' ],
351 silly audit   'volar-service-yaml': [ '0.0.70' ],
351 silly audit   'vscode-css-languageservice': [ '6.3.10' ],
351 silly audit   'vscode-html-languageservice': [ '5.6.2' ],
351 silly audit   'vscode-json-languageservice': [ '4.1.8' ],
351 silly audit   'vscode-jsonrpc': [ '8.2.0' ],
351 silly audit   'vscode-languageserver': [ '9.0.1' ],
351 silly audit   'vscode-languageserver-protocol': [ '3.17.5' ],
351 silly audit   'vscode-languageserver-textdocument': [ '1.0.12' ],
351 silly audit   'vscode-languageserver-types': [ '3.17.5' ],
351 silly audit   'vscode-nls': [ '5.2.0' ],
351 silly audit   'vscode-uri': [ '3.1.0' ],
351 silly audit   'web-namespaces': [ '2.0.1' ],
351 silly audit   'which-pm-runs': [ '1.1.0' ],
351 silly audit   'wrap-ansi': [ '7.0.0' ],
351 silly audit   'xxhash-wasm': [ '1.1.0' ],
351 silly audit   y18n: [ '5.0.8' ],
351 silly audit   yaml: [ '2.8.3', '2.7.1' ],
351 silly audit   'yaml-language-server': [ '1.20.0' ],
351 silly audit   yargs: [ '17.7.2' ],
351 silly audit   'yargs-parser': [ '21.1.1', '22.0.0' ],
351 silly audit   'yocto-queue': [ '1.2.2' ],
351 silly audit   zod: [ '4.4.1' ],
351 silly audit   zrender: [ '5.6.1' ],
351 silly audit   zwitch: [ '2.0.4' ],
351 silly audit   '@esbuild/aix-ppc64': [ '0.27.7' ],
351 silly audit   '@esbuild/android-arm': [ '0.27.7' ],
351 silly audit   '@esbuild/android-arm64': [ '0.27.7' ],
351 silly audit   '@esbuild/android-x64': [ '0.27.7' ],
351 silly audit   '@esbuild/darwin-x64': [ '0.27.7' ],
351 silly audit   '@esbuild/freebsd-arm64': [ '0.27.7' ],
351 silly audit   '@esbuild/freebsd-x64': [ '0.27.7' ],
351 silly audit   '@esbuild/linux-arm': [ '0.27.7' ],
351 silly audit   '@esbuild/linux-arm64': [ '0.27.7' ],
351 silly audit   '@esbuild/linux-ia32': [ '0.27.7' ],
351 silly audit   '@esbuild/linux-loong64': [ '0.27.7' ],
351 silly audit   '@esbuild/linux-mips64el': [ '0.27.7' ],
351 silly audit   '@esbuild/linux-ppc64': [ '0.27.7' ],
351 silly audit   '@esbuild/linux-riscv64': [ '0.27.7' ],
351 silly audit   '@esbuild/linux-s390x': [ '0.27.7' ],
351 silly audit   '@esbuild/linux-x64': [ '0.27.7' ],
351 silly audit   '@esbuild/netbsd-arm64': [ '0.27.7' ],
351 silly audit   '@esbuild/netbsd-x64': [ '0.27.7' ],
351 silly audit   '@esbuild/openbsd-arm64': [ '0.27.7' ],
351 silly audit   '@esbuild/openbsd-x64': [ '0.27.7' ],
351 silly audit   '@esbuild/openharmony-arm64': [ '0.27.7' ],
351 silly audit   '@esbuild/sunos-x64': [ '0.27.7' ],
351 silly audit   '@esbuild/win32-arm64': [ '0.27.7' ],
351 silly audit   '@esbuild/win32-ia32': [ '0.27.7' ],
351 silly audit   '@esbuild/win32-x64': [ '0.27.7' ],
351 silly audit   '@rollup/rollup-android-arm-eabi': [ '4.60.2' ],
351 silly audit   '@rollup/rollup-android-arm64': [ '4.60.2' ],
351 silly audit   '@rollup/rollup-darwin-x64': [ '4.60.2' ],
351 silly audit   '@rollup/rollup-linux-loong64-gnu': [ '4.60.2' ],
351 silly audit   '@rollup/rollup-linux-loong64-musl': [ '4.60.2' ],
351 silly audit   '@img/sharp-darwin-x64': [ '0.34.5' ],
351 silly audit   '@img/sharp-libvips-darwin-x64': [ '1.2.4' ],
351 silly audit   '@img/sharp-libvips-linux-arm': [ '1.2.4' ],
351 silly audit   '@img/sharp-libvips-linux-arm64': [ '1.2.4' ],
351 silly audit   '@img/sharp-libvips-linux-ppc64': [ '1.2.4' ],
351 silly audit   '@img/sharp-libvips-linux-riscv64': [ '1.2.4' ],
351 silly audit   '@img/sharp-libvips-linux-s390x': [ '1.2.4' ],
351 silly audit   '@img/sharp-libvips-linux-x64': [ '1.2.4' ],
351 silly audit   '@img/sharp-libvips-linuxmusl-arm64': [ '1.2.4' ],
351 silly audit   '@img/sharp-libvips-linuxmusl-x64': [ '1.2.4' ],
351 silly audit   '@img/sharp-linux-arm': [ '0.34.5' ],
351 silly audit   '@img/sharp-linux-arm64': [ '0.34.5' ],
351 silly audit   '@img/sharp-linux-ppc64': [ '0.34.5' ],
351 silly audit   '@img/sharp-linux-riscv64': [ '0.34.5' ],
351 silly audit   '@img/sharp-linux-s390x': [ '0.34.5' ],
351 silly audit   '@img/sharp-linux-x64': [ '0.34.5' ],
351 silly audit   '@img/sharp-linuxmusl-arm64': [ '0.34.5' ],
351 silly audit   '@img/sharp-linuxmusl-x64': [ '0.34.5' ],
351 silly audit   '@img/sharp-wasm32': [ '0.34.5' ],
351 silly audit   '@img/sharp-win32-arm64': [ '0.34.5' ],
351 silly audit   '@img/sharp-win32-ia32': [ '0.34.5' ],
351 silly audit   '@img/sharp-win32-x64': [ '0.34.5' ],
351 silly audit   '@emnapi/runtime': [ '1.10.0' ]
351 silly audit }
352 verbose stack Error: ENOSPC: no space left on device, write
352 verbose stack     at async write (node:internal/fs/promises:744:8)
352 verbose stack     at async writeFileHandle (node:internal/fs/promises:501:7)
352 verbose stack     at async Promise.all (index 0)
352 verbose stack     at async [saveIdealTree] (/opt/homebrew/lib/node_modules/npm/node_modules/@npmcli/arborist/lib/arborist/reify.js:1611:7)
352 verbose stack     at async Arborist.reify (/opt/homebrew/lib/node_modules/npm/node_modules/@npmcli/arborist/lib/arborist/reify.js:132:5)
352 verbose stack     at async Install.exec (/opt/homebrew/lib/node_modules/npm/lib/commands/install.js:146:5)
352 verbose stack     at async Npm.exec (/opt/homebrew/lib/node_modules/npm/lib/npm.js:193:9)
352 verbose stack     at async module.exports (/opt/homebrew/lib/node_modules/npm/lib/cli/entry.js:67:5)
353 error code ENOSPC
354 error syscall write
355 error errno -28
356 error nospc ENOSPC: no space left on device, write
357 error nospc There appears to be insufficient space on your system to finish.
357 error nospc Clear up some disk space and try again.
358 silly unfinished npm timer reify 1778100686618
359 silly unfinished npm timer reify:audit 1778100707868
360 silly unfinished npm timer auditReport:getReport 1778100707868
361 silly unfinished npm timer reify:save 1778100707888
362 verbose cwd /Volumes/qbitOS/00.dev/cursor/train/train
363 verbose os Darwin 25.3.0
364 verbose node v25.8.2
365 verbose npm  v11.11.1
366 verbose exit -28
367 verbose code -28
368 error A complete log of this run can be found in: /Volumes/qbitOS/00.dev/cursor/train/train/.npm-cache/_logs/2026-05-06T20_51_26_376Z-debug-0.log
