0 verbose cli /opt/homebrew/Cellar/node/25.8.2/bin/node /opt/homebrew/bin/npm
1 info using npm@11.11.1
2 info using node@v25.8.2
3 silly config load:file:/opt/homebrew/lib/node_modules/npm/npmrc
4 silly config load:file:/Volumes/qbitOS/00.dev/cursor/train/train/.npmrc
5 silly config load:file:/Users/tref/.npmrc
6 silly config load:file:/opt/homebrew/etc/npmrc
7 verbose title npm install @astrojs/check typescript
8 verbose argv "install" "--save-dev" "@astrojs/check" "typescript" "--cache" ".npm-cache"
9 verbose logfile logs-max:10 dir:/Volumes/qbitOS/00.dev/cursor/train/train/.npm-cache/_logs/2026-04-30T10_45_30_036Z-
10 verbose logfile /Volumes/qbitOS/00.dev/cursor/train/train/.npm-cache/_logs/2026-04-30T10_45_30_036Z-debug-0.log
11 silly logfile done cleaning log files
12 silly packumentCache heap:4496293888 maxSize:1124073472 maxEntrySize:562036736
13 warn idealTree Removing dependencies.@astrojs/check in favor of devDependencies.@astrojs/check
14 warn idealTree Removing dependencies.typescript in favor of devDependencies.typescript
15 silly idealTree buildDeps
16 silly fetch manifest @astrojs/check@*
17 silly packumentCache full:https://registry.npmjs.org/@astrojs%2fcheck cache-miss
18 http fetch GET 200 https://registry.npmjs.org/@astrojs%2fcheck 102ms (cache miss)
19 silly packumentCache full:https://registry.npmjs.org/@astrojs%2fcheck set size:undefined disposed:false
20 silly fetch manifest typescript@*
21 silly packumentCache full:https://registry.npmjs.org/typescript cache-miss
22 http fetch GET 200 https://registry.npmjs.org/typescript 34ms (cache revalidated)
23 silly packumentCache full:https://registry.npmjs.org/typescript set size:15409943 disposed:false
24 silly placeDep ROOT @astrojs/check@0.9.9 REPLACE for: train@0.0.1 want: *
25 silly placeDep ROOT typescript@6.0.3 REPLACE for: train@0.0.1 want: *
26 silly fetch manifest tsconfck@^3.1.6
27 silly packumentCache full:https://registry.npmjs.org/tsconfck cache-miss
28 http fetch GET 200 https://registry.npmjs.org/tsconfck 25ms (cache revalidated)
29 silly packumentCache full:https://registry.npmjs.org/tsconfck set size:171757 disposed:false
30 silly fetch manifest typescript@^5.0.0
31 silly packumentCache full:https://registry.npmjs.org/typescript cache-miss
32 http cache https://registry.npmjs.org/typescript 12ms (cache hit)
33 silly packumentCache full:https://registry.npmjs.org/typescript set size:15409943 disposed:false
34 silly placeDep ROOT tsconfck@3.1.6 OK for: astro@6.2.0 want: ^3.1.6
35 silly placeDep ROOT typescript@5.9.3 REPLACE for: tsconfck@3.1.6 want: ^5.0.0
36 silly reify moves {}
37 silly audit bulk request {
37 silly audit   chokidar: [ '5.0.0', '4.0.3' ],
37 silly audit   readdirp: [ '5.0.0', '4.1.2' ],
37 silly audit   '@astrojs/compiler': [ '4.0.0', '2.13.1' ],
37 silly audit   '@astrojs/internal-helpers': [ '0.9.0' ],
37 silly audit   '@astrojs/language-server': [ '2.16.7' ],
37 silly audit   '@astrojs/markdown-remark': [ '7.1.1' ],
37 silly audit   '@astrojs/prism': [ '4.0.1' ],
37 silly audit   '@astrojs/telemetry': [ '3.3.1' ],
37 silly audit   '@astrojs/yaml2ts': [ '0.2.3' ],
37 silly audit   '@babel/helper-string-parser': [ '7.27.1' ],
37 silly audit   '@babel/helper-validator-identifier': [ '7.28.5' ],
37 silly audit   '@babel/parser': [ '7.29.2' ],
37 silly audit   '@babel/types': [ '7.29.0' ],
37 silly audit   '@capsizecss/unpack': [ '4.0.0' ],
37 silly audit   '@clack/core': [ '1.3.0' ],
37 silly audit   '@clack/prompts': [ '1.3.0' ],
37 silly audit   '@emmetio/abbreviation': [ '2.3.3' ],
37 silly audit   '@emmetio/css-abbreviation': [ '2.1.8' ],
37 silly audit   '@emmetio/css-parser': [ '0.4.1' ],
37 silly audit   '@emmetio/html-matcher': [ '1.3.0' ],
37 silly audit   '@emmetio/scanner': [ '1.0.4' ],
37 silly audit   '@emmetio/stream-reader': [ '2.2.0' ],
37 silly audit   '@emmetio/stream-reader-utils': [ '0.1.0' ],
37 silly audit   '@emnapi/runtime': [ '1.10.0' ],
37 silly audit   '@esbuild/aix-ppc64': [ '0.27.7' ],
37 silly audit   '@esbuild/android-arm': [ '0.27.7' ],
37 silly audit   '@esbuild/android-arm64': [ '0.27.7' ],
37 silly audit   '@esbuild/android-x64': [ '0.27.7' ],
37 silly audit   '@esbuild/darwin-arm64': [ '0.27.7' ],
37 silly audit   '@esbuild/darwin-x64': [ '0.27.7' ],
37 silly audit   '@esbuild/freebsd-arm64': [ '0.27.7' ],
37 silly audit   '@esbuild/freebsd-x64': [ '0.27.7' ],
37 silly audit   '@esbuild/linux-arm': [ '0.27.7' ],
37 silly audit   '@esbuild/linux-arm64': [ '0.27.7' ],
37 silly audit   '@esbuild/linux-ia32': [ '0.27.7' ],
37 silly audit   '@esbuild/linux-loong64': [ '0.27.7' ],
37 silly audit   '@esbuild/linux-mips64el': [ '0.27.7' ],
37 silly audit   '@esbuild/linux-ppc64': [ '0.27.7' ],
37 silly audit   '@esbuild/linux-riscv64': [ '0.27.7' ],
37 silly audit   '@esbuild/linux-s390x': [ '0.27.7' ],
37 silly audit   '@esbuild/linux-x64': [ '0.27.7' ],
37 silly audit   '@esbuild/netbsd-arm64': [ '0.27.7' ],
37 silly audit   '@esbuild/netbsd-x64': [ '0.27.7' ],
37 silly audit   '@esbuild/openbsd-arm64': [ '0.27.7' ],
37 silly audit   '@esbuild/openbsd-x64': [ '0.27.7' ],
37 silly audit   '@esbuild/openharmony-arm64': [ '0.27.7' ],
37 silly audit   '@esbuild/sunos-x64': [ '0.27.7' ],
37 silly audit   '@esbuild/win32-arm64': [ '0.27.7' ],
37 silly audit   '@esbuild/win32-ia32': [ '0.27.7' ],
37 silly audit   '@esbuild/win32-x64': [ '0.27.7' ],
37 silly audit   '@img/colour': [ '1.1.0' ],
37 silly audit   '@img/sharp-darwin-arm64': [ '0.34.5' ],
37 silly audit   '@img/sharp-darwin-x64': [ '0.34.5' ],
37 silly audit   '@img/sharp-libvips-darwin-arm64': [ '1.2.4' ],
37 silly audit   '@img/sharp-libvips-darwin-x64': [ '1.2.4' ],
37 silly audit   '@img/sharp-libvips-linux-arm': [ '1.2.4' ],
37 silly audit   '@img/sharp-libvips-linux-arm64': [ '1.2.4' ],
37 silly audit   '@img/sharp-libvips-linux-ppc64': [ '1.2.4' ],
37 silly audit   '@img/sharp-libvips-linux-riscv64': [ '1.2.4' ],
37 silly audit   '@img/sharp-libvips-linux-s390x': [ '1.2.4' ],
37 silly audit   '@img/sharp-libvips-linux-x64': [ '1.2.4' ],
37 silly audit   '@img/sharp-libvips-linuxmusl-arm64': [ '1.2.4' ],
37 silly audit   '@img/sharp-libvips-linuxmusl-x64': [ '1.2.4' ],
37 silly audit   '@img/sharp-linux-arm': [ '0.34.5' ],
37 silly audit   '@img/sharp-linux-arm64': [ '0.34.5' ],
37 silly audit   '@img/sharp-linux-ppc64': [ '0.34.5' ],
37 silly audit   '@img/sharp-linux-riscv64': [ '0.34.5' ],
37 silly audit   '@img/sharp-linux-s390x': [ '0.34.5' ],
37 silly audit   '@img/sharp-linux-x64': [ '0.34.5' ],
37 silly audit   '@img/sharp-linuxmusl-arm64': [ '0.34.5' ],
37 silly audit   '@img/sharp-linuxmusl-x64': [ '0.34.5' ],
37 silly audit   '@img/sharp-wasm32': [ '0.34.5' ],
37 silly audit   '@img/sharp-win32-arm64': [ '0.34.5' ],
37 silly audit   '@img/sharp-win32-ia32': [ '0.34.5' ],
37 silly audit   '@img/sharp-win32-x64': [ '0.34.5' ],
37 silly audit   '@jridgewell/sourcemap-codec': [ '1.5.5' ],
37 silly audit   '@oslojs/encoding': [ '1.1.0' ],
37 silly audit   '@rollup/pluginutils': [ '5.3.0' ],
37 silly audit   '@rollup/rollup-android-arm-eabi': [ '4.60.2' ],
37 silly audit   '@rollup/rollup-android-arm64': [ '4.60.2' ],
37 silly audit   '@rollup/rollup-darwin-arm64': [ '4.60.2' ],
37 silly audit   '@rollup/rollup-darwin-x64': [ '4.60.2' ],
37 silly audit   '@rollup/rollup-freebsd-arm64': [ '4.60.2' ],
37 silly audit   '@rollup/rollup-freebsd-x64': [ '4.60.2' ],
37 silly audit   '@rollup/rollup-linux-arm-gnueabihf': [ '4.60.2' ],
37 silly audit   '@rollup/rollup-linux-arm-musleabihf': [ '4.60.2' ],
37 silly audit   '@rollup/rollup-linux-arm64-gnu': [ '4.60.2' ],
37 silly audit   '@rollup/rollup-linux-arm64-musl': [ '4.60.2' ],
37 silly audit   '@rollup/rollup-linux-loong64-gnu': [ '4.60.2' ],
37 silly audit   '@rollup/rollup-linux-loong64-musl': [ '4.60.2' ],
37 silly audit   '@rollup/rollup-linux-ppc64-gnu': [ '4.60.2' ],
37 silly audit   '@rollup/rollup-linux-ppc64-musl': [ '4.60.2' ],
37 silly audit   '@rollup/rollup-linux-riscv64-gnu': [ '4.60.2' ],
37 silly audit   '@rollup/rollup-linux-riscv64-musl': [ '4.60.2' ],
37 silly audit   '@rollup/rollup-linux-s390x-gnu': [ '4.60.2' ],
37 silly audit   '@rollup/rollup-linux-x64-gnu': [ '4.60.2' ],
37 silly audit   '@rollup/rollup-linux-x64-musl': [ '4.60.2' ],
37 silly audit   '@rollup/rollup-openbsd-x64': [ '4.60.2' ],
37 silly audit   '@rollup/rollup-openharmony-arm64': [ '4.60.2' ],
37 silly audit   '@rollup/rollup-win32-arm64-msvc': [ '4.60.2' ],
37 silly audit   '@rollup/rollup-win32-ia32-msvc': [ '4.60.2' ],
37 silly audit   '@rollup/rollup-win32-x64-gnu': [ '4.60.2' ],
37 silly audit   '@rollup/rollup-win32-x64-msvc': [ '4.60.2' ],
37 silly audit   '@shikijs/core': [ '4.0.2' ],
37 silly audit   '@shikijs/engine-javascript': [ '4.0.2' ],
37 silly audit   '@shikijs/engine-oniguruma': [ '4.0.2' ],
37 silly audit   '@shikijs/langs': [ '4.0.2' ],
37 silly audit   '@shikijs/primitive': [ '4.0.2' ],
37 silly audit   '@shikijs/themes': [ '4.0.2' ],
37 silly audit   '@shikijs/types': [ '4.0.2' ],
37 silly audit   '@shikijs/vscode-textmate': [ '10.0.2' ],
37 silly audit   '@types/debug': [ '4.1.13' ],
37 silly audit   '@types/estree': [ '1.0.8' ],
37 silly audit   '@types/hast': [ '3.0.4' ],
37 silly audit   '@types/mdast': [ '4.0.4' ],
37 silly audit   '@types/ms': [ '2.1.0' ],
37 silly audit   '@types/nlcst': [ '2.0.3' ],
37 silly audit   '@types/unist': [ '3.0.3' ],
37 silly audit   '@ungap/structured-clone': [ '1.3.0' ],
37 silly audit   '@volar/kit': [ '2.4.28' ],
37 silly audit   '@volar/language-core': [ '2.4.28' ],
37 silly audit   '@volar/language-server': [ '2.4.28' ],
37 silly audit   '@volar/language-service': [ '2.4.28' ],
37 silly audit   '@volar/source-map': [ '2.4.28' ],
37 silly audit   '@volar/typescript': [ '2.4.28' ],
37 silly audit   '@vscode/emmet-helper': [ '2.11.0' ],
37 silly audit   '@vscode/l10n': [ '0.0.18' ],
37 silly audit   ajv: [ '8.20.0' ],
37 silly audit   'ajv-draft-04': [ '1.0.0' ],
37 silly audit   'ansi-regex': [ '5.0.1' ],
37 silly audit   'ansi-styles': [ '4.3.0' ],
37 silly audit   anymatch: [ '3.1.3' ],
37 silly audit   picomatch: [ '2.3.2', '4.0.4' ],
37 silly audit   argparse: [ '2.0.1' ],
37 silly audit   'aria-query': [ '5.3.2' ],
37 silly audit   'array-iterate': [ '2.0.1' ],
37 silly audit   astro: [ '6.2.0' ],
37 silly audit   'axobject-query': [ '4.1.0' ],
37 silly audit   bail: [ '2.0.2' ],
37 silly audit   boolbase: [ '1.0.0' ],
37 silly audit   ccount: [ '2.0.1' ],
37 silly audit   'character-entities': [ '2.0.2' ],
37 silly audit   'character-entities-html4': [ '2.1.0' ],
37 silly audit   'character-entities-legacy': [ '3.0.0' ],
37 silly audit   'ci-info': [ '4.4.0' ],
37 silly audit   cliui: [ '8.0.1' ],
37 silly audit   clsx: [ '2.1.1' ],
37 silly audit   'color-convert': [ '2.0.1' ],
37 silly audit   'color-name': [ '1.1.4' ],
37 silly audit   'comma-separated-tokens': [ '2.0.3' ],
37 silly audit   commander: [ '11.1.0' ],
37 silly audit   'common-ancestor-path': [ '2.0.0' ],
37 silly audit   cookie: [ '1.1.1' ],
37 silly audit   'cookie-es': [ '1.2.3' ],
37 silly audit   crossws: [ '0.3.5' ],
37 silly audit   'css-select': [ '5.2.2' ],
37 silly audit   'css-tree': [ '3.2.1', '2.2.1' ],
37 silly audit   'css-what': [ '6.2.2' ],
37 silly audit   csso: [ '5.0.5' ],
37 silly audit   'mdn-data': [ '2.0.28', '2.27.1' ],
37 silly audit   debug: [ '4.4.3' ],
37 silly audit   'decode-named-character-reference': [ '1.3.0' ],
37 silly audit   defu: [ '6.1.7' ],
37 silly audit   dequal: [ '2.0.3' ],
37 silly audit   destr: [ '2.0.5' ],
37 silly audit   'detect-libc': [ '2.1.2' ],
37 silly audit   devalue: [ '5.7.1' ],
37 silly audit   devlop: [ '1.1.0' ],
37 silly audit   diff: [ '8.0.4' ],
37 silly audit   dlv: [ '1.1.3' ],
37 silly audit   'dom-serializer': [ '2.0.0' ],
37 silly audit   entities: [ '4.5.0', '6.0.1' ],
37 silly audit   domelementtype: [ '2.3.0' ],
37 silly audit   domhandler: [ '5.0.3' ],
37 silly audit   domutils: [ '3.2.2' ],
37 silly audit   dset: [ '3.1.4' ],
37 silly audit   emmet: [ '2.4.11' ],
37 silly audit   'emoji-regex': [ '8.0.0' ],
37 silly audit   'es-module-lexer': [ '2.1.0' ],
37 silly audit   esbuild: [ '0.27.7' ],
37 silly audit   escalade: [ '3.2.0' ],
37 silly audit   'escape-string-regexp': [ '5.0.0' ],
37 silly audit   'estree-walker': [ '2.0.2' ],
37 silly audit   eventemitter3: [ '5.0.4' ],
37 silly audit   extend: [ '3.0.2' ],
37 silly audit   'fast-deep-equal': [ '3.1.3' ],
37 silly audit   'fast-string-truncated-width': [ '3.0.3' ],
37 silly audit   'fast-string-width': [ '3.0.2' ],
37 silly audit   'fast-uri': [ '3.1.0' ],
37 silly audit   'fast-wrap-ansi': [ '0.2.0' ],
37 silly audit   fdir: [ '6.5.0' ],
37 silly audit   flattie: [ '1.1.1' ],
37 silly audit   fontace: [ '0.4.1' ],
37 silly audit   fontkitten: [ '1.0.3' ],
37 silly audit   fsevents: [ '2.3.3' ],
37 silly audit   'get-caller-file': [ '2.0.5' ],
37 silly audit   'github-slugger': [ '2.0.0' ],
37 silly audit   h3: [ '1.15.11' ],
37 silly audit   'hast-util-from-html': [ '2.0.3' ],
37 silly audit   'hast-util-from-parse5': [ '8.0.3' ],
37 silly audit   'hast-util-is-element': [ '3.0.0' ],
37 silly audit   'hast-util-parse-selector': [ '4.0.0' ],
37 silly audit   'hast-util-raw': [ '9.1.0' ],
37 silly audit   'hast-util-to-html': [ '9.0.5' ],
37 silly audit   'hast-util-to-parse5': [ '8.0.1' ],
37 silly audit   'hast-util-to-text': [ '4.0.2' ],
37 silly audit   'hast-util-whitespace': [ '3.0.0' ],
37 silly audit   hastscript: [ '9.0.1' ],
37 silly audit   'html-escaper': [ '3.0.3' ],
37 silly audit   'html-void-elements': [ '3.0.0' ],
37 silly audit   'http-cache-semantics': [ '4.2.0' ],
37 silly audit   'iron-webcrypto': [ '1.2.1' ],
37 silly audit   'is-docker': [ '4.0.0', '3.0.0' ],
37 silly audit   'is-fullwidth-code-point': [ '3.0.0' ],
37 silly audit   'is-inside-container': [ '1.0.0' ],
37 silly audit   'is-plain-obj': [ '4.1.0' ],
37 silly audit   'is-wsl': [ '3.1.1' ],
37 silly audit   'js-yaml': [ '4.1.1' ],
37 silly audit   'json-schema-traverse': [ '1.0.0' ],
37 silly audit   'jsonc-parser': [ '2.3.1', '3.3.1' ],
37 silly audit   kleur: [ '4.1.5' ],
37 silly audit   'longest-streak': [ '3.1.0' ],
37 silly audit   'lru-cache': [ '11.3.5' ],
37 silly audit   'magic-string': [ '0.30.21' ],
37 silly audit   magicast: [ '0.5.2' ],
37 silly audit   'markdown-table': [ '3.0.4' ],
37 silly audit   'mdast-util-definitions': [ '6.0.0' ],
37 silly audit   'mdast-util-find-and-replace': [ '3.0.2' ],
37 silly audit   'mdast-util-from-markdown': [ '2.0.3' ],
37 silly audit   'mdast-util-gfm': [ '3.1.0' ],
37 silly audit   'mdast-util-gfm-autolink-literal': [ '2.0.1' ],
37 silly audit   'mdast-util-gfm-footnote': [ '2.1.0' ],
37 silly audit   'mdast-util-gfm-strikethrough': [ '2.0.0' ],
37 silly audit   'mdast-util-gfm-table': [ '2.0.0' ],
37 silly audit   'mdast-util-gfm-task-list-item': [ '2.0.0' ],
37 silly audit   'mdast-util-phrasing': [ '4.1.0' ],
37 silly audit   'mdast-util-to-hast': [ '13.2.1' ],
37 silly audit   'mdast-util-to-markdown': [ '2.1.2' ],
37 silly audit   'mdast-util-to-string': [ '4.0.0' ],
37 silly audit   micromark: [ '4.0.2' ],
37 silly audit   'micromark-core-commonmark': [ '2.0.3' ],
37 silly audit   'micromark-extension-gfm': [ '3.0.0' ],
37 silly audit   'micromark-extension-gfm-autolink-literal': [ '2.1.0' ],
37 silly audit   'micromark-extension-gfm-footnote': [ '2.1.0' ],
37 silly audit   'micromark-extension-gfm-strikethrough': [ '2.1.0' ],
37 silly audit   'micromark-extension-gfm-table': [ '2.1.1' ],
37 silly audit   'micromark-extension-gfm-tagfilter': [ '2.0.0' ],
37 silly audit   'micromark-extension-gfm-task-list-item': [ '2.1.0' ],
37 silly audit   'micromark-factory-destination': [ '2.0.1' ],
37 silly audit   'micromark-factory-label': [ '2.0.1' ],
37 silly audit   'micromark-factory-space': [ '2.0.1' ],
37 silly audit   'micromark-factory-title': [ '2.0.1' ],
37 silly audit   'micromark-factory-whitespace': [ '2.0.1' ],
37 silly audit   'micromark-util-character': [ '2.1.1' ],
37 silly audit   'micromark-util-chunked': [ '2.0.1' ],
37 silly audit   'micromark-util-classify-character': [ '2.0.1' ],
37 silly audit   'micromark-util-combine-extensions': [ '2.0.1' ],
37 silly audit   'micromark-util-decode-numeric-character-reference': [ '2.0.2' ],
37 silly audit   'micromark-util-decode-string': [ '2.0.1' ],
37 silly audit   'micromark-util-encode': [ '2.0.1' ],
37 silly audit   'micromark-util-html-tag-name': [ '2.0.1' ],
37 silly audit   'micromark-util-normalize-identifier': [ '2.0.1' ],
37 silly audit   'micromark-util-resolve-all': [ '2.0.1' ],
37 silly audit   'micromark-util-sanitize-uri': [ '2.0.1' ],
37 silly audit   'micromark-util-subtokenize': [ '2.1.0' ],
37 silly audit   'micromark-util-symbol': [ '2.0.1' ],
37 silly audit   'micromark-util-types': [ '2.0.2' ],
37 silly audit   mrmime: [ '2.0.1' ],
37 silly audit   ms: [ '2.1.3' ],
37 silly audit   'muggle-string': [ '0.4.1' ],
37 silly audit   nanoid: [ '3.3.11' ],
37 silly audit   neotraverse: [ '0.6.18' ],
37 silly audit   'nlcst-to-string': [ '4.0.0' ],
37 silly audit   'node-fetch-native': [ '1.6.7' ],
37 silly audit   'node-mock-http': [ '1.0.4' ],
37 silly audit   'normalize-path': [ '3.0.0' ],
37 silly audit   'nth-check': [ '2.1.1' ],
37 silly audit   obug: [ '2.1.1' ],
37 silly audit   ofetch: [ '1.5.1' ],
37 silly audit   ohash: [ '2.0.11' ],
37 silly audit   'oniguruma-parser': [ '0.12.2' ],
37 silly audit   'oniguruma-to-es': [ '4.3.6' ],
37 silly audit   'p-limit': [ '7.3.0' ],
37 silly audit   'p-queue': [ '9.2.0' ],
37 silly audit   'p-timeout': [ '7.0.1' ],
37 silly audit   'package-manager-detector': [ '1.6.0' ],
37 silly audit   'parse-latin': [ '7.0.0' ],
37 silly audit   parse5: [ '7.3.0' ],
37 silly audit   'path-browserify': [ '1.0.1' ],
37 silly audit   piccolore: [ '0.1.3' ],
37 silly audit   picocolors: [ '1.1.1' ],
37 silly audit   postcss: [ '8.5.12' ],
37 silly audit   prettier: [ '3.8.3' ],
37 silly audit   prismjs: [ '1.30.0' ],
37 silly audit   'property-information': [ '7.1.0' ],
37 silly audit   radix3: [ '1.1.2' ],
37 silly audit   regex: [ '6.1.0' ],
37 silly audit   'regex-recursion': [ '6.0.2' ],
37 silly audit   'regex-utilities': [ '2.3.0' ],
37 silly audit   rehype: [ '13.0.2' ],
37 silly audit   'rehype-parse': [ '9.0.1' ],
37 silly audit   'rehype-raw': [ '7.0.0' ],
37 silly audit   'rehype-stringify': [ '10.0.1' ],
37 silly audit   'remark-gfm': [ '4.0.1' ],
37 silly audit   'remark-parse': [ '11.0.0' ],
37 silly audit   'remark-rehype': [ '11.1.2' ],
37 silly audit   'remark-smartypants': [ '3.0.2' ],
37 silly audit   'remark-stringify': [ '11.0.0' ],
37 silly audit   'request-light': [ '0.7.0', '0.5.8' ],
37 silly audit   'require-directory': [ '2.1.1' ],
37 silly audit   'require-from-string': [ '2.0.2' ],
37 silly audit   retext: [ '9.0.0' ],
37 silly audit   'retext-latin': [ '4.0.0' ],
37 silly audit   'retext-smartypants': [ '6.2.0' ],
37 silly audit   'retext-stringify': [ '4.0.0' ],
37 silly audit   rollup: [ '4.60.2' ],
37 silly audit   sax: [ '1.6.0' ],
37 silly audit   semver: [ '7.7.4' ],
37 silly audit   sharp: [ '0.34.5' ],
37 silly audit   shiki: [ '4.0.2' ],
37 silly audit   sisteransi: [ '1.0.5' ],
37 silly audit   'smol-toml': [ '1.6.1' ],
37 silly audit   'source-map-js': [ '1.2.1' ],
37 silly audit   'space-separated-tokens': [ '2.0.2' ],
37 silly audit   'string-width': [ '4.2.3' ],
37 silly audit   'stringify-entities': [ '4.0.4' ],
37 silly audit   'strip-ansi': [ '6.0.1' ],
37 silly audit   svgo: [ '4.0.1' ],
37 silly audit   'tiny-inflate': [ '1.0.3' ],
37 silly audit   tinyclip: [ '0.1.12' ],
37 silly audit   tinyexec: [ '1.1.2' ],
37 silly audit   tinyglobby: [ '0.2.16' ],
37 silly audit   'trim-lines': [ '3.0.1' ],
37 silly audit   trough: [ '2.2.0' ],
37 silly audit   tslib: [ '2.8.1' ],
37 silly audit   'typesafe-path': [ '0.2.2' ],
37 silly audit   'typescript-auto-import-cache': [ '0.3.6' ],
37 silly audit   ufo: [ '1.6.4' ],
37 silly audit   ultrahtml: [ '1.6.0' ],
37 silly audit   uncrypto: [ '0.1.3' ],
37 silly audit   unified: [ '11.0.5' ],
37 silly audit   unifont: [ '0.7.4' ],
37 silly audit   'unist-util-find-after': [ '5.0.0' ],
37 silly audit   'unist-util-is': [ '6.0.1' ],
37 silly audit   'unist-util-modify-children': [ '4.0.0' ],
37 silly audit   'unist-util-position': [ '5.0.0' ],
37 silly audit   'unist-util-remove-position': [ '5.0.0' ],
37 silly audit   'unist-util-stringify-position': [ '4.0.0' ],
37 silly audit   'unist-util-visit': [ '5.1.0' ],
37 silly audit   'unist-util-visit-children': [ '3.0.0' ],
37 silly audit   'unist-util-visit-parents': [ '6.0.2' ],
37 silly audit   unstorage: [ '1.17.5' ],
37 silly audit   vfile: [ '6.0.3' ],
37 silly audit   'vfile-location': [ '5.0.3' ],
37 silly audit   'vfile-message': [ '4.0.3' ],
37 silly audit   vite: [ '7.3.2' ],
37 silly audit   vitefu: [ '1.1.3' ],
37 silly audit   'volar-service-css': [ '0.0.70' ],
37 silly audit   'volar-service-emmet': [ '0.0.70' ],
37 silly audit   'volar-service-html': [ '0.0.70' ],
37 silly audit   'volar-service-prettier': [ '0.0.70' ],
37 silly audit   'volar-service-typescript': [ '0.0.70' ],
37 silly audit   'volar-service-typescript-twoslash-queries': [ '0.0.70' ],
37 silly audit   'volar-service-yaml': [ '0.0.70' ],
37 silly audit   'vscode-css-languageservice': [ '6.3.10' ],
37 silly audit   'vscode-html-languageservice': [ '5.6.2' ],
37 silly audit   'vscode-json-languageservice': [ '4.1.8' ],
37 silly audit   'vscode-jsonrpc': [ '8.2.0' ],
37 silly audit   'vscode-languageserver': [ '9.0.1' ],
37 silly audit   'vscode-languageserver-protocol': [ '3.17.5' ],
37 silly audit   'vscode-languageserver-textdocument': [ '1.0.12' ],
37 silly audit   'vscode-languageserver-types': [ '3.17.5' ],
37 silly audit   'vscode-nls': [ '5.2.0' ],
37 silly audit   'vscode-uri': [ '3.1.0' ],
37 silly audit   'web-namespaces': [ '2.0.1' ],
37 silly audit   'which-pm-runs': [ '1.1.0' ],
37 silly audit   'wrap-ansi': [ '7.0.0' ],
37 silly audit   'xxhash-wasm': [ '1.1.0' ],
37 silly audit   y18n: [ '5.0.8' ],
37 silly audit   yaml: [ '2.8.3', '2.7.1' ],
37 silly audit   'yaml-language-server': [ '1.20.0' ],
37 silly audit   yargs: [ '17.7.2' ],
37 silly audit   'yargs-parser': [ '22.0.0', '21.1.1' ],
37 silly audit   'yocto-queue': [ '1.2.2' ],
37 silly audit   zod: [ '4.4.1' ],
37 silly audit   zwitch: [ '2.0.4' ],
37 silly audit   '@astrojs/check': [ '0.9.9' ],
37 silly audit   tsconfck: [ '3.1.6' ],
37 silly audit   typescript: [ '5.9.3' ]
37 silly audit }
38 http fetch POST 200 https://registry.npmjs.org/-/npm/v1/security/advisories/bulk 41ms
39 silly audit report {
39 silly audit report   yaml: [
39 silly audit report     {
39 silly audit report       id: 1115556,
39 silly audit report       url: 'https://github.com/advisories/GHSA-48c2-rrv3-qjmp',
39 silly audit report       title: 'yaml is vulnerable to Stack Overflow via deeply nested YAML collections',
39 silly audit report       severity: 'moderate',
39 silly audit report       vulnerable_versions: '>=2.0.0 <2.8.3',
39 silly audit report       cwe: [Array],
39 silly audit report       cvss: [Object]
39 silly audit report     }
39 silly audit report   ]
39 silly audit report }
40 silly packumentCache corgi:https://registry.npmjs.org/yaml cache-miss
41 http fetch GET 200 https://registry.npmjs.org/yaml 51ms (cache miss)
42 silly packumentCache corgi:https://registry.npmjs.org/yaml set size:undefined disposed:false
43 silly packumentCache corgi:https://registry.npmjs.org/yaml-language-server cache-miss
44 http fetch GET 200 https://registry.npmjs.org/yaml-language-server 59ms (cache miss)
45 silly packumentCache corgi:https://registry.npmjs.org/yaml-language-server set size:undefined disposed:false
46 silly packumentCache corgi:https://registry.npmjs.org/volar-service-yaml cache-miss
47 http fetch GET 200 https://registry.npmjs.org/volar-service-yaml 22ms (cache miss)
48 silly packumentCache corgi:https://registry.npmjs.org/volar-service-yaml set size:undefined disposed:false
49 silly packumentCache corgi:https://registry.npmjs.org/@astrojs%2flanguage-server cache-miss
50 http fetch GET 200 https://registry.npmjs.org/@astrojs%2flanguage-server 44ms (cache miss)
51 silly packumentCache corgi:https://registry.npmjs.org/@astrojs%2flanguage-server set size:undefined disposed:false
52 silly packumentCache corgi:https://registry.npmjs.org/@astrojs%2fcheck cache-miss
53 http fetch GET 200 https://registry.npmjs.org/@astrojs%2fcheck 34ms (cache miss)
54 silly packumentCache corgi:https://registry.npmjs.org/@astrojs%2fcheck set size:undefined disposed:false
55 verbose cwd /Volumes/qbitOS/00.dev/cursor/train/train
56 verbose os Darwin 25.3.0
57 verbose node v25.8.2
58 verbose npm  v11.11.1
59 verbose exit 0
60 info ok
