0 verbose cli /opt/homebrew/Cellar/node/25.8.2/bin/node /opt/homebrew/bin/npm
1 info using npm@11.11.1
2 info using node@v25.8.2
3 silly config load:file:/opt/homebrew/lib/node_modules/npm/npmrc
4 silly config load:file:/Volumes/qbitOS/00.dev/cursor/train/train/.npmrc
5 silly config load:file:/Users/tref/.npmrc
6 silly config load:file:/opt/homebrew/etc/npmrc
7 verbose title npm ci
8 verbose argv "ci" "--cache" ".npm-cache"
9 verbose logfile logs-max:10 dir:/Volumes/qbitOS/00.dev/cursor/train/train/.npm-cache/_logs/2026-05-07T05_14_10_221Z-
10 verbose logfile /Volumes/qbitOS/00.dev/cursor/train/train/.npm-cache/_logs/2026-05-07T05_14_10_221Z-debug-0.log
11 warn Unknown env config "devdir". This will stop working in the next major version of npm. See `npm help npmrc` for supported config options.
12 silly logfile done cleaning log files
13 silly packumentCache heap:4496293888 maxSize:1124073472 maxEntrySize:562036736
14 verbose shrinkwrap failed to load package-lock.json Unterminated string in JSON at position 114688 (line 3288 column 40) while parsing near "...util-symbol\": \"^2.0."
15 verbose loadVirtual Error: loadVirtual requires existing shrinkwrap file
15 verbose loadVirtual     at Arborist.loadVirtual (/opt/homebrew/lib/node_modules/npm/node_modules/@npmcli/arborist/lib/arborist/load-virtual.js:42:18)
15 verbose loadVirtual     at async CI.exec (/opt/homebrew/lib/node_modules/npm/lib/commands/ci.js:54:7)
15 verbose loadVirtual     at async Npm.exec (/opt/homebrew/lib/node_modules/npm/lib/npm.js:193:9)
15 verbose loadVirtual     at async module.exports (/opt/homebrew/lib/node_modules/npm/lib/cli/entry.js:67:5)
16 verbose stack Error: 
16 verbose stack The `npm ci` command can only install with an existing package-lock.json or
16 verbose stack npm-shrinkwrap.json with lockfileVersion >= 1. Run an install with npm@5 or
16 verbose stack later to generate a package-lock.json file, then try again.
16 verbose stack
16 verbose stack Clean install a project
16 verbose stack
16 verbose stack Usage:
16 verbose stack npm ci
16 verbose stack
16 verbose stack Options:
16 verbose stack [--install-strategy <hoisted|nested|shallow|linked>] [--legacy-bundling]
16 verbose stack [--global-style] [--omit <dev|optional|peer> [--omit <dev|optional|peer> ...]]
16 verbose stack [--include <prod|dev|optional|peer> [--include <prod|dev|optional|peer> ...]]
16 verbose stack [--strict-peer-deps] [--foreground-scripts] [--ignore-scripts]
16 verbose stack [--allow-git <all|none|root>] [--no-audit] [--no-bin-links] [--no-fund]
16 verbose stack [--dry-run]
16 verbose stack [-w|--workspace <workspace-name> [-w|--workspace <workspace-name> ...]]
16 verbose stack [--workspaces] [--include-workspace-root] [--install-links]
16 verbose stack
16 verbose stack   --install-strategy
16 verbose stack     Sets the strategy for installing packages in node_modules.
16 verbose stack
16 verbose stack   --legacy-bundling
16 verbose stack     Instead of hoisting package installs in `node_modules`, install packages
16 verbose stack
16 verbose stack   --global-style
16 verbose stack     Only install direct dependencies in the top level `node_modules`,
16 verbose stack
16 verbose stack   --omit
16 verbose stack     Dependency types to omit from the installation tree on disk.
16 verbose stack
16 verbose stack   --include
16 verbose stack     Option that allows for defining which types of dependencies to install.
16 verbose stack
16 verbose stack   --strict-peer-deps
16 verbose stack     If set to `true`, and `--legacy-peer-deps` is not set, then _any_
16 verbose stack
16 verbose stack   --foreground-scripts
16 verbose stack     Run all build scripts (ie, `preinstall`, `install`, and
16 verbose stack
16 verbose stack   --ignore-scripts
16 verbose stack     If true, npm does not run scripts specified in package.json files.
16 verbose stack
16 verbose stack   --allow-git
16 verbose stack     Limits the ability for npm to fetch dependencies from git references.
16 verbose stack
16 verbose stack   --audit
16 verbose stack     When "true" submit audit reports alongside the current npm command to the
16 verbose stack
16 verbose stack   --bin-links
16 verbose stack     Tells npm to create symlinks (or `.cmd` shims on Windows) for package
16 verbose stack
16 verbose stack   --fund
16 verbose stack     When "true" displays the message at the end of each `npm install`
16 verbose stack
16 verbose stack   --dry-run
16 verbose stack     Indicates that you don't want npm to make any changes and that it should
16 verbose stack
16 verbose stack   -w|--workspace
16 verbose stack     Enable running a command in the context of the configured workspaces of the
16 verbose stack
16 verbose stack   --workspaces
16 verbose stack     Set to true to run the command in the context of **all** configured
16 verbose stack
16 verbose stack   --include-workspace-root
16 verbose stack     Include the workspace root when workspaces are enabled for a command.
16 verbose stack
16 verbose stack   --install-links
16 verbose stack     When set file: protocol dependencies will be packed and installed as
16 verbose stack
16 verbose stack
16 verbose stack aliases: clean-install, ic, install-clean, isntall-clean
16 verbose stack
16 verbose stack Run "npm help ci" for more info
16 verbose stack     at CI.usageError (/opt/homebrew/lib/node_modules/npm/lib/base-cmd.js:177:26)
16 verbose stack     at CI.exec (/opt/homebrew/lib/node_modules/npm/lib/commands/ci.js:61:18)
16 verbose stack     at async Npm.exec (/opt/homebrew/lib/node_modules/npm/lib/npm.js:193:9)
16 verbose stack     at async module.exports (/opt/homebrew/lib/node_modules/npm/lib/cli/entry.js:67:5)
17 error code EUSAGE
18 error
18 error The `npm ci` command can only install with an existing package-lock.json or
18 error npm-shrinkwrap.json with lockfileVersion >= 1. Run an install with npm@5 or
18 error later to generate a package-lock.json file, then try again.
18 error
18 error Clean install a project
18 error
18 error Usage:
18 error npm ci
18 error
18 error Options:
18 error [--install-strategy <hoisted|nested|shallow|linked>] [--legacy-bundling]
18 error [--global-style] [--omit <dev|optional|peer> [--omit <dev|optional|peer> ...]]
18 error [--include <prod|dev|optional|peer> [--include <prod|dev|optional|peer> ...]]
18 error [--strict-peer-deps] [--foreground-scripts] [--ignore-scripts]
18 error [--allow-git <all|none|root>] [--no-audit] [--no-bin-links] [--no-fund]
18 error [--dry-run]
18 error [-w|--workspace <workspace-name> [-w|--workspace <workspace-name> ...]]
18 error [--workspaces] [--include-workspace-root] [--install-links]
18 error
18 error   --install-strategy
18 error     Sets the strategy for installing packages in node_modules.
18 error
18 error   --legacy-bundling
18 error     Instead of hoisting package installs in `node_modules`, install packages
18 error
18 error   --global-style
18 error     Only install direct dependencies in the top level `node_modules`,
18 error
18 error   --omit
18 error     Dependency types to omit from the installation tree on disk.
18 error
18 error   --include
18 error     Option that allows for defining which types of dependencies to install.
18 error
18 error   --strict-peer-deps
18 error     If set to `true`, and `--legacy-peer-deps` is not set, then _any_
18 error
18 error   --foreground-scripts
18 error     Run all build scripts (ie, `preinstall`, `install`, and
18 error
18 error   --ignore-scripts
18 error     If true, npm does not run scripts specified in package.json files.
18 error
18 error   --allow-git
18 error     Limits the ability for npm to fetch dependencies from git references.
18 error
18 error   --audit
18 error     When "true" submit audit reports alongside the current npm command to the
18 error
18 error   --bin-links
18 error     Tells npm to create symlinks (or `.cmd` shims on Windows) for package
18 error
18 error   --fund
18 error     When "true" displays the message at the end of each `npm install`
18 error
18 error   --dry-run
18 error     Indicates that you don't want npm to make any changes and that it should
18 error
18 error   -w|--workspace
18 error     Enable running a command in the context of the configured workspaces of the
18 error
18 error   --workspaces
18 error     Set to true to run the command in the context of **all** configured
18 error
18 error   --include-workspace-root
18 error     Include the workspace root when workspaces are enabled for a command.
18 error
18 error   --install-links
18 error     When set file: protocol dependencies will be packed and installed as
18 error
18 error
18 error aliases: clean-install, ic, install-clean, isntall-clean
18 error
18 error Run "npm help ci" for more info
19 verbose cwd /Volumes/qbitOS/00.dev/cursor/train/train
20 verbose os Darwin 25.3.0
21 verbose node v25.8.2
22 verbose npm  v11.11.1
23 verbose exit 1
24 verbose code 1
25 error A complete log of this run can be found in: /Volumes/qbitOS/00.dev/cursor/train/train/.npm-cache/_logs/2026-05-07T05_14_10_221Z-debug-0.log
