  [3749/21041] ETHMW: rows=   59 range=20260306..20260529 (~0y)
  [3750/21041] ETHO: rows= 2645 range=20151119..20260529 (~11y)
  [3751/21041] ETHT: rows=  495 range=20240607..20260529 (~2y)
  [3752/21041] ETHU: rows=  498 range=20240604..20260529 (~2y)
  [3753/21041] ETHV: rows=  465 range=20240723..20260529 (~2y)
  [3754/21041] ETHW: rows=  465 range=20240723..20260529 (~2y)
$ETI$: possibly delisted; no timezone found
  [3755/21041] ETI$: no data from yfinance
  [3756/21041] ETI-P: rows= 1693 range=20190904..20260529 (~7y)
  [3757/21041] ETJ: rows= 4740 range=20070727..20260529 (~19y)
  [3758/21041] ETN: rows=13611 range=19720601..20260529 (~54y)
  [3759/21041] ETO: rows= 5537 range=20040526..20260529 (~22y)
  [3760/21041] ETON: rows= 1894 range=20181113..20260529 (~8y)
  [3761/21041] ETOR: rows=  263 range=20250513..20260529 (~1y)
  [3762/21041] ETQ: rows=  354 range=20240919..20260323 (~2y)
  [3763/21041] ETR: rows=13611 range=19720601..20260529 (~54y)
  [3764/21041] ETRL: rows=  186 range=20250903..20260529 (~1y)
  [3765/21041] ETS: rows=  194 range=20250821..20260529 (~1y)
  [3766/21041] ETSY: rows= 2797 range=20150416..20260529 (~11y)
  [3767/21041] ETTY: rows=  160 range=20251009..20260529 (~1y)
  [3768/21041] ETU: rows=  399 range=20241024..20260529 (~2y)
  [3769/21041] ETV: rows= 5263 range=20050628..20260529 (~21y)
  [3770/21041] ETW: rows= 5161 range=20051121..20260529 (~21y)
  [3771/21041] ETX: rows= 3315 range=20130326..20260529 (~13y)
  [3772/21041] ETY: rows= 4905 range=20061128..20260529 (~20y)
  [3773/21041] EU: rows= 3867 range=20110112..20260529 (~15y)
  [3774/21041] EUAD: rows=  401 range=20241022..20260529 (~2y)
  [3775/21041] EUDA: rows= 1118 range=20211214..20260529 (~5y)
  [3776/21041] EUDAW: rows=   59 range=20260306..20260529 (~0y)
  [3777/21041] EUDG: rows= 3034 range=20140507..20260529 (~12y)
  [3778/21041] EUDV: rows= 2694 range=20150911..20260529 (~11y)
  [3779/21041] EUFN: rows= 4105 range=20100203..20260529 (~16y)
  [3780/21041] EUHY: rows= 3559 range=20120403..20260529 (~14y)
  [3781/21041] EUIG: rows=  140 range=20251106..20260529 (~1y)
  [3782/21041] EUM: rows= 4672 range=20071101..20260529 (~19y)
  [3783/21041] EUO: rows= 4403 range=20081125..20260529 (~18y)
  [3784/21041] EURK: rows=  429 range=20240912..20260529 (~2y)
EURKR: Period 'max' is invalid, must be one of: 1d, 5d
  [3785/21041] EURKR: no data from yfinance
  [3786/21041] EURKU: rows=  479 range=20240702..20260529 (~2y)
  [3787/21041] EURL: rows= 3107 range=20140122..20260529 (~12y)
  [3788/21041] EUSA: rows= 4040 range=20100507..20260529 (~16y)
  [3789/21041] EUSB: rows= 1484 range=20200702..20260529 (~6y)
  [3790/21041] EUSC: rows= 2828 range=20150302..20260529 (~11y)
  [3791/21041] EUSM: rows=  361 range=20241217..20260529 (~2y)
  [3792/21041] EVAC: rows=  193 range=20250822..20260529 (~1y)
$EVAC-U: possibly delisted; no timezone found
  [3793/21041] EVAC.U: no data from yfinance
$EVAC-W: possibly delisted; no timezone found
  [3794/21041] EVAC.W: no data from yfinance
  [3795/21041] EVAX: rows= 1334 range=20210205..20260529 (~5y)
  [3796/21041] EVC: rows= 6494 range=20000802..20260529 (~26y)
  [3797/21041] EVCM: rows= 1233 range=20210701..20260529 (~5y)
  [3798/21041] EVER: rows= 1990 range=20180628..20260529 (~8y)
  [3799/21041] EVEX: rows= 1017 range=20220510..20260529 (~4y)
$EVEX-W: possibly delisted; no timezone found
  [3800/21041] EVEX.W: no data from yfinance
  [3801/21041] EVF: rows= 6938 range=19981028..20260529 (~28y)
  [3802/21041] EVG: rows= 5349 range=20050224..20260529 (~21y)
  [3803/21041] EVGN: rows= 3928 range=20101015..20260529 (~16y)
  [3804/21041] EVGO: rows= 1385 range=20201120..20260529 (~6y)
  [3805/21041] EVGOW: rows= 1357 range=20210104..20260529 (~5y)
  [3806/21041] EVH: rows= 2762 range=20150605..20260529 (~11y)
  [3807/21041] EVHY: rows=  473 range=20240711..20260529 (~2y)
  [3808/21041] EVI: rows= 9110 range=19900327..20260529 (~36y)
  [3809/21041] EVIM: rows=  426 range=20240917..20260529 (~2y)
  [3810/21041] EVLN: rows=  578 range=20240208..20260529 (~2y)
  [3811/21041] EVLU: rows=  433 range=20240906..20260529 (~2y)
  [3812/21041] EVLV: rows= 1428 range=20200922..20260529 (~6y)
  [3813/21041] EVLVW: rows=   59 range=20260306..20260529 (~0y)
  [3814/21041] EVMN: rows=  140 range=20251106..20260529 (~1y)
  [3815/21041] EVMO: rows=  207 range=20250804..20260529 (~1y)
  [3816/21041] EVMT: rows= 1027 range=20220426..20260529 (~4y)
  [3817/21041] EVN: rows= 6877 range=19990127..20260529 (~27y)
  [3818/21041] EVNT: rows= 1178 range=20210920..20260529 (~5y)
  [3819/21041] EVO: rows= 5614 range=20040205..20260529 (~22y)
  [3820/21041] EVOX: rows=  122 range=20251203..20260529 (~1y)
  [3821/21041] EVOXU: rows=  137 range=20251111..20260529 (~1y)
  [3822/21041] EVOXW: rows=   59 range=20260306..20260529 (~0y)
  [3823/21041] EVPF: rows=   60 range=20260305..20260529 (~0y)
  [3824/21041] EVR: rows= 4979 range=20060814..20260529 (~20y)
  [3825/21041] EVRG: rows=13431 range=19730221..20260529 (~53y)
  [3826/21041] EVSB: rows=  654 range=20231019..20260529 (~3y)
  [3827/21041] EVSD: rows=  489 range=20240617..20260529 (~2y)
  [3828/21041] EVSM: rows=  546 range=20240326..20260529 (~2y)
  [3829/21041] EVT: rows= 5704 range=20030926..20260529 (~23y)
  [3830/21041] EVTC: rows= 3303 range=20130412..20260529 (~13y)
  [3831/21041] EVTL: rows= 1399 range=20201102..20260529 (~6y)
  [3832/21041] EVTR: rows=  547 range=20240325..20260529 (~2y)
  [3833/21041] EVTV: rows= 2251 range=20170615..20260529 (~9y)
  [3834/21041] EVUS: rows=  833 range=20230202..20260529 (~3y)
  [3835/21041] EVV: rows= 5779 range=20030611..20260529 (~23y)
  [3836/21041] EVX: rows= 4935 range=20061016..20260529 (~20y)
  [3837/21041] EVYM: rows=  315 range=20250227..20260529 (~1y)
  [3838/21041] EW: rows= 6583 range=20000327..20260529 (~26y)
  [3839/21041] EWA: rows= 7599 range=19960318..20260529 (~30y)
  [3840/21041] EWBC: rows= 6872 range=19990203..20260529 (~27y)
  [3841/21041] EWC: rows= 7599 range=19960318..20260529 (~30y)
  [3842/21041] EWCZ: rows=    1 range=20260515..20260515 (~0y)
  [3843/21041] EWD: rows= 7599 range=19960318..20260529 (~30y)
  [3844/21041] EWG: rows= 7599 range=19960318..20260529 (~30y)
  [3845/21041] EWH: rows= 7599 range=19960318..20260529 (~30y)
  [3846/21041] EWI: rows= 7599 range=19960318..20260529 (~30y)
  [3847/21041] EWJ: rows= 7599 range=19960318..20260529 (~30y)
  [3848/21041] EWJV: rows= 1818 range=20190307..20260529 (~7y)
  [3849/21041] EWK: rows= 7599 range=19960318..20260529 (~30y)
  [3850/21041] EWL: rows= 7599 range=19960318..20260529 (~30y)
  [3851/21041] EWM: rows= 7599 range=19960318..20260529 (~30y)
  [3852/21041] EWN: rows= 7599 range=19960318..20260529 (~30y)
  [3853/21041] EWO: rows= 7599 range=19960318..20260529 (~30y)
  [3854/21041] EWP: rows= 7599 range=19960318..20260529 (~30y)
  [3855/21041] EWQ: rows= 7599 range=19960318..20260529 (~30y)
  [3856/21041] EWS: rows= 7599 range=19960318..20260529 (~30y)
  [3857/21041] EWT: rows= 6521 range=20000623..20260529 (~26y)
  [3858/21041] EWTX: rows= 1300 range=20210326..20260529 (~5y)
  [3859/21041] EWU: rows= 7599 range=19960318..20260529 (~30y)
  [3860/21041] EWUS: rows= 3606 range=20120126..20260529 (~14y)
  [3861/21041] EWV: rows= 4667 range=20071108..20260529 (~19y)
  [3862/21041] EWW: rows= 7599 range=19960318..20260529 (~30y)
  [3863/21041] EWX: rows= 4533 range=20080522..20260529 (~18y)
  [3864/21041] EWY: rows= 6550 range=20000512..20260529 (~26y)
  [3865/21041] EWZ: rows= 6507 range=20000714..20260529 (~26y)
  [3866/21041] EWZS: rows= 3940 range=20100929..20260529 (~16y)
$EXAS: possibly delisted; no price data found  (1d 1927-06-25 -> 2026-05-31) (Yahoo error = "No data found, symbol may be delisted")
  [3867/21041] EXAS: no data from yfinance
  [3868/21041] EXC: rows=13382 range=19730502..20260529 (~53y)
  [3869/21041] EXE: rows= 1331 range=20210210..20260529 (~5y)
  [3870/21041] EXEL: rows= 6568 range=20000417..20260529 (~26y)
  [3871/21041] EXEQ: rows=   73 range=20260213..20260529 (~0y)
  [3872/21041] EXFY: rows= 1141 range=20211110..20260529 (~5y)
  [3873/21041] EXG: rows= 4807 range=20070423..20260529 (~19y)
  [3874/21041] EXI: rows= 4948 range=20060927..20260529 (~20y)
  [3875/21041] EXK: rows= 5055 range=20060426..20260529 (~20y)
  [3876/21041] EXLS: rows= 4931 range=20061020..20260529 (~20y)
  [3877/21041] EXOD: rows= 1180 range=20210916..20260529 (~5y)
  [3878/21041] EXOZ: rows=  385 range=20241113..20260529 (~2y)
  [3879/21041] EXP: rows= 8087 range=19940412..20260529 (~32y)
  [3880/21041] EXPD: rows=10499 range=19840926..20260529 (~42y)
  [3881/21041] EXPE: rows= 5247 range=20050721..20260529 (~21y)
  [3882/21041] EXPI: rows= 3151 range=20130403..20260529 (~13y)
  [3883/21041] EXPO: rows= 9010 range=19900817..20260529 (~36y)
  [3884/21041] EXR: rows= 5482 range=20040816..20260529 (~22y)
  [3885/21041] EXTR: rows= 6827 range=19990409..20260529 (~27y)
  [3886/21041] EXUS: rows=  238 range=20250618..20260529 (~1y)
  [3887/21041] EYE: rows= 2157 range=20171027..20260529 (~9y)
  [3888/21041] EYEG: rows=  616 range=20231213..20260529 (~3y)
  [3889/21041] EYLD: rows= 2483 range=20160714..20260529 (~10y)
  [3890/21041] EYPT: rows= 5368 range=20050127..20260529 (~21y)
  [3891/21041] EZA: rows= 5864 range=20030207..20260529 (~23y)
  [3892/21041] EZBC: rows=  597 range=20240111..20260529 (~2y)
  [3893/21041] EZET: rows=  465 range=20240723..20260529 (~2y)
  [3894/21041] EZGO: rows= 1342 range=20210126..20260529 (~5y)
  [3895/21041] EZJ: rows= 4272 range=20090605..20260529 (~17y)
  [3896/21041] EZM: rows= 4847 range=20070223..20260529 (~19y)
  [3897/21041] EZMO: rows=  155 range=20251016..20260529 (~1y)
  [3898/21041] EZPW: rows= 8751 range=19910827..20260529 (~35y)
  [3899/21041] EZPZ: rows=  318 range=20250224..20260529 (~1y)
  [3900/21041] EZRA: rows= 1332 range=20210209..20260529 (~5y)
  [3901/21041] EZRO: rows=  155 range=20251016..20260529 (~1y)
  [3902/21041] EZU: rows= 6496 range=20000731..20260529 (~26y)
  [3903/21041] F: rows=13611 range=19720601..20260529 (~54y)
$F$B: possibly delisted; no timezone found
  [3904/21041] F$B: no data from yfinance
$F$C: possibly delisted; no timezone found
  [3905/21041] F$C: no data from yfinance
$F$D: possibly delisted; no timezone found
  [3906/21041] F$D: no data from yfinance
  [3907/21041] FA: rows= 1239 range=20210623..20260529 (~5y)
  [3908/21041] FAAA: rows=   74 range=20260212..20260529 (~0y)
  [3909/21041] FAAR: rows= 2519 range=20160523..20260529 (~10y)
  [3910/21041] FAB: rows= 4793 range=20070511..20260529 (~19y)
  [3911/21041] FABC: rows= 5697 range=20031007..20260529 (~23y)
  [3912/21041] FACT: rows=  359 range=20241220..20260529 (~2y)
  [3913/21041] FACTU: rows=  376 range=20241126..20260529 (~2y)
  [3914/21041] FACTW: rows=   59 range=20260306..20260529 (~0y)
  [3915/21041] FAD: rows= 4793 range=20070511..20260529 (~19y)
  [3916/21041] FAF: rows= 4025 range=20100528..20260529 (~16y)
  [3917/21041] FAI: rows=  379 range=20241121..20260529 (~2y)
  [3918/21041] FALN: rows= 2499 range=20160621..20260529 (~10y)
  [3919/21041] FAMI: rows= 2081 range=20180216..20260529 (~8y)
  [3920/21041] FAN: rows= 4508 range=20080627..20260529 (~18y)
  [3921/21041] FANG: rows= 3425 range=20121012..20260529 (~14y)
  [3922/21041] FAPR: rows= 1285 range=20210419..20260529 (~5y)
  [3923/21041] FARM: rows=13344 range=19720602..20260507 (~54y)
  [3924/21041] FARX: rows=  359 range=20241220..20260529 (~2y)
  [3925/21041] FAS: rows= 4407 range=20081119..20260529 (~18y)
  [3926/21041] FAST: rows= 9767 range=19870820..20260529 (~39y)
$FATBB: possibly delisted; no timezone found
  [3927/21041] FATBB: no data from yfinance
  [3928/21041] FATE: rows= 3184 range=20131001..20260529 (~13y)
  [3929/21041] FATN: rows=  287 range=20250408..20260529 (~1y)
  [3930/21041] FAUG: rows= 1647 range=20191107..20260529 (~7y)
  [3931/21041] FAX: rows=10107 range=19860417..20260529 (~40y)
  [3932/21041] FAZ: rows= 4407 range=20081119..20260529 (~18y)
  [3933/21041] FB: rows=  233 range=20250626..20260529 (~1y)
  [3934/21041] FBCG: rows= 1503 range=20200605..20260529 (~6y)
  [3935/21041] FBCV: rows= 1503 range=20200605..20260529 (~6y)
  [3936/21041] FBDC: rows=  231 range=20250630..20260529 (~1y)
  [3937/21041] FBGL: rows=  329 range=20250206..20260529 (~1y)
  [3938/21041] FBIN: rows= 3696 range=20110916..20260529 (~15y)
  [3939/21041] FBIO: rows= 3652 range=20111117..20260529 (~15y)
  [3940/21041] FBIOP: rows= 2145 range=20171114..20260529 (~9y)
  [3941/21041] FBIZ: rows= 5169 range=20051109..20260529 (~21y)
  [3942/21041] FBK: rows= 2438 range=20160916..20260529 (~10y)
  [3943/21041] FBL: rows=  867 range=20221213..20260529 (~4y)
  [3944/21041] FBLA: rows=  400 range=20241023..20260529 (~2y)
  [3945/21041] FBLG: rows=  584 range=20240131..20260529 (~2y)
  [3946/21041] FBNC: rows= 9845 range=19870430..20260529 (~39y)
  [3947/21041] FBND: rows= 2926 range=20141009..20260529 (~12y)
  [3948/21041] FBOT: rows=  744 range=20230612..20260529 (~3y)
  [3949/21041] FBP: rows= 9920 range=19870113..20260529 (~39y)
  [3950/21041] FBRT: rows= 1157 range=20211019..20260529 (~5y)
$FBRT$E: possibly delisted; no timezone found
  [3951/21041] FBRT$E: no data from yfinance
  [3952/21041] FBRX: rows= 2294 range=20170413..20260529 (~9y)
  [3953/21041] FBT: rows= 5014 range=20060623..20260529 (~20y)
  [3954/21041] FBTC: rows=  597 range=20240111..20260529 (~2y)
  [3955/21041] FBUF: rows=  535 range=20240411..20260529 (~2y)
  [3956/21041] FBY: rows=  712 range=20230728..20260529 (~3y)
  [3957/21041] FBYD: rows=  663 range=20231006..20260529 (~3y)
  [3958/21041] FBYDW: rows=   59 range=20260306..20260529 (~0y)
  [3959/21041] FBYY: rows=  151 range=20251022..20260529 (~1y)
  [3960/21041] FC: rows= 8557 range=19920603..20260529 (~34y)
  [3961/21041] FCA: rows= 3798 range=20110421..20260529 (~15y)
  [3962/21041] FCAL: rows= 2243 range=20170627..20260529 (~9y)
  [3963/21041] FCAP: rows= 6893 range=19990104..20260529 (~27y)
  [3964/21041] FCBC: rows= 8089 range=19940408..20260529 (~32y)
  [3965/21041] FCBD: rows=  359 range=20241220..20260529 (~2y)
  [3966/21041] FCCO: rows= 6849 range=19990309..20260529 (~27y)
  [3967/21041] FCEF: rows= 2429 range=20160929..20260529 (~10y)
  [3968/21041] FCEL: rows= 8541 range=19920625..20260529 (~34y)
  [3969/21041] FCF: rows= 8552 range=19920610..20260529 (~34y)
  [3970/21041] FCFS: rows= 8806 range=19910610..20260529 (~35y)
  [3971/21041] FCFY: rows=  691 range=20230828..20260529 (~3y)
  [3972/21041] FCG: rows= 4793 range=20070511..20260529 (~19y)
  [3973/21041] FCHL: rows=  185 range=20250904..20260529 (~1y)
  [3974/21041] FCLD: rows= 1165 range=20211007..20260529 (~5y)
  [3975/21041] FCLO: rows=   74 range=20260212..20260529 (~0y)
  [3976/21041] FCN: rows= 7562 range=19960509..20260529 (~30y)
  [3977/21041] FCNCA: rows= 9976 range=19861022..20260529 (~40y)
  [3978/21041] FCNCN: rows=   83 range=20260130..20260529 (~0y)
  [3979/21041] FCNCO: rows= 1101 range=20220107..20260529 (~4y)
  [3980/21041] FCNCP: rows= 1566 range=20200306..20260529 (~6y)
  [3981/21041] FCO: rows= 8616 range=19920228..20260519 (~34y)
  [3982/21041] FCOM: rows= 3167 range=20131024..20260529 (~13y)
  [3983/21041] FCOR: rows= 2926 range=20141009..20260529 (~12y)
  [3984/21041] FCPI: rows= 1647 range=20191107..20260529 (~7y)
  [3985/21041] FCPT: rows= 2652 range=20151110..20260529 (~11y)
  [3986/21041] FCRS: rows=  133 range=20251117..20260529 (~1y)
$FCRS-U: possibly delisted; no timezone found
  [3987/21041] FCRS.U: no data from yfinance
$FCRS-W: possibly delisted; no timezone found
  [3988/21041] FCRS.W: no data from yfinance
  [3989/21041] FCRX: rows= 1252 range=20210528..20260522 (~5y)
  [3990/21041] FCSH: rows= 1115 range=20211217..20260529 (~5y)
  [3991/21041] FCT: rows= 5537 range=20040526..20260529 (~22y)
  [3992/21041] FCTE: rows=  479 range=20240702..20260529 (~2y)
  [3993/21041] FCTR: rows= 1966 range=20180802..20260529 (~8y)
  [3994/21041] FCUS: rows=  855 range=20221230..20260529 (~4y)
  [3995/21041] FCUV: rows= 2899 range=20141117..20260529 (~12y)
  [3996/21041] FCVT: rows= 2656 range=20151104..20260529 (~11y)
  [3997/21041] FCX: rows= 7774 range=19950710..20260529 (~31y)
  [3998/21041] FCXG: rows=   70 range=20260219..20260529 (~0y)
  [3999/21041] FDAT: rows=  780 range=20230420..20260529 (~3y)
  [4000/21041] FDBC: rows= 6825 range=19990413..20260529 (~27y)
  [4001/21041] FDCF: rows=  744 range=20230612..20260529 (~3y)
  [4002/21041] FDD: rows= 4716 range=20070830..20260529 (~19y)
  [4003/21041] FDEC: rows= 1365 range=20201221..20260529 (~6y)
  [4004/21041] FDEM: rows= 1822 range=20190301..20260529 (~7y)
  [4005/21041] FDEV: rows= 1822 range=20190301..20260529 (~7y)
  [4006/21041] FDFF: rows=  744 range=20230612..20260529 (~3y)
  [4007/21041] FDG: rows= 1547 range=20200402..20260529 (~6y)
  [4008/21041] FDHY: rows= 2000 range=20180614..20260529 (~8y)
  [4009/21041] FDIF: rows=  739 range=20230620..20260529 (~3y)
  [4010/21041] FDIG: rows= 1030 range=20220421..20260529 (~4y)
  [4011/21041] FDIQ: rows= 3664 range=20111101..20260529 (~15y)
  [4012/21041] FDIS: rows= 3167 range=20131024..20260529 (~13y)
  [4013/21041] FDIV: rows=  675 range=20230920..20260529 (~3y)
  [4014/21041] FDL: rows= 5084 range=20060315..20260529 (~20y)
  [4015/21041] FDLO: rows= 2439 range=20160915..20260529 (~10y)
  [4016/21041] FDLS: rows=  944 range=20220824..20260529 (~4y)
  [4017/21041] FDM: rows= 5197 range=20050930..20260529 (~21y)
  [4018/21041] FDMO: rows= 2439 range=20160915..20260529 (~10y)
  [4019/21041] FDMT: rows= 1371 range=20201211..20260529 (~6y)
  [4020/21041] FDN: rows= 5014 range=20060623..20260529 (~20y)
  [4021/21041] FDND: rows=  549 range=20240321..20260529 (~2y)
  [4022/21041] FDNI: rows= 1896 range=20181109..20260529 (~8y)
  [4023/21041] FDP: rows= 7192 range=19971024..20260529 (~29y)
  [4024/21041] FDRR: rows= 2439 range=20160915..20260529 (~10y)
  [4025/21041] FDRS: rows=  104 range=20251230..20260529 (~1y)
  [4026/21041] FDRV: rows= 1165 range=20211007..20260529 (~5y)
  [4027/21041] FDRX: rows=   93 range=20260115..20260529 (~0y)
  [4028/21041] FDS: rows= 7527 range=19960628..20260529 (~30y)
  [4029/21041] FDSB: rows=  458 range=20240801..20260529 (~2y)
  [4030/21041] FDT: rows= 3800 range=20110419..20260529 (~15y)
  [4031/21041] FDTS: rows= 3591 range=20120216..20260529 (~14y)
  [4032/21041] FDTX: rows=  744 range=20230612..20260529 (~3y)
  [4033/21041] FDUS: rows= 3757 range=20110621..20260529 (~15y)
  [4034/21041] FDV: rows=  885 range=20221116..20260529 (~4y)
  [4035/21041] FDVV: rows= 2439 range=20160915..20260529 (~10y)
  [4036/21041] FDX: rows=12133 range=19780412..20260529 (~48y)
  [4037/21041] FE: rows= 7181 range=19971110..20260529 (~29y)
  [4038/21041] FEAC: rows=  379 range=20241121..20260529 (~2y)
  [4039/21041] FEAM: rows= 1056 range=20220315..20260529 (~4y)
  [4040/21041] FEAT: rows=  362 range=20241217..20260529 (~2y)
  [4041/21041] FEBM: rows=  318 range=20250224..20260529 (~1y)
  [4042/21041] FEBO: rows=  625 range=20231130..20260529 (~3y)
  [4043/21041] FEBP: rows=  583 range=20240201..20260529 (~2y)
  [4044/21041] FEBT: rows=  834 range=20230201..20260529 (~3y)
  [4045/21041] FEBU: rows=  332 range=20250203..20260529 (~1y)
  [4046/21041] FEBW: rows=  834 range=20230201..20260529 (~3y)
  [4047/21041] FEBZ: rows= 1338 range=20210201..20260529 (~5y)
  [4048/21041] FEDM: rows= 1177 range=20210921..20260529 (~5y)
  [4049/21041] FEDU: rows= 2150 range=20171107..20260529 (~9y)
  [4050/21041] FEED: rows= 2768 range=20150528..20260529 (~11y)
  [4051/21041] FEGE: rows=  359 range=20241220..20260529 (~2y)
  [4052/21041] FEIG: rows= 1177 range=20210921..20260529 (~5y)
  [4053/21041] FEIM: rows=11580 range=19800618..20260529 (~46y)
  [4054/21041] FELC: rows=  632 range=20231120..20260529 (~3y)
  [4055/21041] FELE: rows=11645 range=19800317..20260529 (~46y)
  [4056/21041] FELG: rows=  632 range=20231120..20260529 (~3y)
  [4057/21041] FELV: rows=  632 range=20231120..20260529 (~3y)
  [4058/21041] FEM: rows= 3800 range=20110419..20260529 (~15y)
  [4059/21041] FEMB: rows= 2907 range=20141105..20260529 (~12y)
  [4060/21041] FEMD: rows=   85 range=20260128..20260529 (~0y)
  [4061/21041] FEMG: rows=   21 range=20260430..20260529 (~0y)
  [4062/21041] FEMR: rows=  379 range=20241121..20260529 (~2y)
  [4063/21041] FEMS: rows= 3590 range=20120217..20260529 (~14y)
  [4064/21041] FEMV: rows=   21 range=20260430..20260529 (~0y)
  [4065/21041] FEMY: rows= 1242 range=20210618..20260529 (~5y)
  [4066/21041] FENC: rows= 2187 range=20170915..20260529 (~9y)
  [4067/21041] FENG: rows= 3782 range=20110516..20260529 (~15y)
  [4068/21041] FENI: rows=  632 range=20231120..20260529 (~3y)
  [4069/21041] FENY: rows= 3167 range=20131024..20260529 (~13y)
  [4070/21041] FEOE: rows=  359 range=20241220..20260529 (~2y)
  [4071/21041] FEP: rows= 3796 range=20110426..20260529 (~15y)
  [4072/21041] FEPI: rows=  660 range=20231011..20260529 (~3y)
  [4073/21041] FER: rows= 3468 range=20120813..20260529 (~14y)
  [4074/21041] FERA: rows=  279 range=20250421..20260529 (~1y)
FERAR: Period 'max' is invalid, must be one of: 1d, 5d
  [4075/21041] FERAR: no data from yfinance
  [4076/21041] FERAU: rows=  314 range=20250228..20260529 (~1y)
  [4077/21041] FERG: rows= 4125 range=20100105..20260529 (~16y)
  [4078/21041] FESM: rows=  632 range=20231120..20260529 (~3y)
  [4079/21041] FET: rows= 3553 range=20120412..20260529 (~14y)
  [4080/21041] FETH: rows=  465 range=20240723..20260529 (~2y)
  [4081/21041] FEU: rows= 5939 range=20021021..20260529 (~24y)
  [4082/21041] FEUS: rows= 1177 range=20210921..20260529 (~5y)
  [4083/21041] FEUZ: rows= 2914 range=20141027..20260529 (~12y)
  [4084/21041] FEX: rows= 4794 range=20070510..20260529 (~19y)
  [4085/21041] FEZ: rows= 5939 range=20021021..20260529 (~24y)
  [4086/21041] FF: rows= 3819 range=20110323..20260529 (~15y)
  [4087/21041] FFA: rows= 5473 range=20040827..20260529 (~22y)
  [4088/21041] FFAI: rows= 1441 range=20200902..20260529 (~6y)
  [4089/21041] FFAIW: rows=   59 range=20260306..20260529 (~0y)
  [4090/21041] FFBC: rows=10692 range=19831221..20260529 (~43y)
  [4091/21041] FFC: rows= 5870 range=20030130..20260529 (~23y)
  [4092/21041] FFDI: rows=  379 range=20241121..20260529 (~2y)
  [4093/21041] FFEB: rows= 1575 range=20200224..20260529 (~6y)
  [4094/21041] FFEM: rows=  379 range=20241121..20260529 (~2y)
  [4095/21041] FFF: rows=  109 range=20251222..20260529 (~1y)
  [4096/21041] FFGX: rows=  379 range=20241121..20260529 (~2y)
  [4097/21041] FFIC: rows= 7679 range=19951121..20260529 (~31y)
  [4098/21041] FFIN: rows= 8199 range=19931101..20260529 (~33y)
  [4099/21041] FFIU: rows= 2205 range=20170821..20260529 (~9y)
  [4100/21041] FFIV: rows= 6788 range=19990604..20260529 (~27y)
  [4101/21041] FFLC: rows= 1503 range=20200605..20260529 (~6y)
  [4102/21041] FFLG: rows= 1335 range=20210204..20260529 (~5y)
  [4103/21041] FFLS: rows=  738 range=20230621..20260529 (~3y)
  [4104/21041] FFLV: rows=  567 range=20240226..20260529 (~2y)
  [4105/21041] FFND: rows= 1195 range=20210825..20260529 (~5y)
  [4106/21041] FFOG: rows=  642 range=20231106..20260529 (~3y)
  [4107/21041] FFOX: rows=  244 range=20250610..20260529 (~1y)
  [4108/21041] FFSM: rows= 1335 range=20210204..20260529 (~5y)
  [4109/21041] FFTY: rows= 2802 range=20150409..20260529 (~11y)
  [4110/21041] FFUT: rows=  247 range=20250605..20260529 (~1y)
  [4111/21041] FFWM: rows= 2868 range=20141103..20260331 (~12y)
  [4112/21041] FG: rows=  881 range=20221122..20260529 (~4y)
  [4113/21041] FGBI: rows= 3468 range=20120813..20260529 (~14y)
  [4114/21041] FGBIP: rows= 1281 range=20210423..20260529 (~5y)
  [4115/21041] FGD: rows= 4655 range=20071127..20260529 (~19y)
  [4116/21041] FGDL: rows=  982 range=20220630..20260529 (~4y)
  [4117/21041] FGI: rows= 1090 range=20220125..20260529 (~4y)
  [4118/21041] FGII: rows=   57 range=20260310..20260529 (~0y)
  [4119/21041] FGIIU: rows=   92 range=20260116..20260529 (~0y)
FGIIW: Period 'max' is invalid, must be one of: 1d, 5d
  [4120/21041] FGIIW: no data from yfinance
  [4121/21041] FGIWW: rows=   59 range=20260306..20260529 (~0y)
  [4122/21041] FGL: rows=  400 range=20241023..20260529 (~2y)
  [4123/21041] FGM: rows= 3590 range=20120217..20260529 (~14y)
  [4124/21041] FGMC: rows=  326 range=20250211..20260529 (~1y)
FGMCR: Period 'max' is invalid, must be one of: 1d, 5d
  [4125/21041] FGMCR: no data from yfinance
  [4126/21041] FGMCU: rows=  335 range=20250129..20260529 (~1y)
  [4127/21041] FGN: rows=  617 range=20231212..20260529 (~3y)
  [4128/21041] FGNX: rows= 3059 range=20140401..20260529 (~12y)
  [4129/21041] FGNXP: rows= 2058 range=20180322..20260529 (~8y)
  [4130/21041] FGRU: rows=   71 range=20260218..20260529 (~0y)
  [4131/21041] FGSI: rows=  233 range=20250626..20260529 (~1y)
  [4132/21041] FGSM: rows=  359 range=20241220..20260529 (~2y)
  [4133/21041] FGSN: rows=  341 range=20250121..20260529 (~1y)
  [4134/21041] FHB: rows= 2467 range=20160805..20260529 (~10y)
  [4135/21041] FHDG: rows=  382 range=20241118..20260529 (~2y)
  [4136/21041] FHEQ: rows=  535 range=20240411..20260529 (~2y)
  [4137/21041] FHI: rows= 7054 range=19980514..20260529 (~28y)
  [4138/21041] FHLC: rows= 3167 range=20131024..20260529 (~13y)
  [4139/21041] FHN: rows=11645 range=19800317..20260529 (~46y)
$FHN$C: possibly delisted; no timezone found
  [4140/21041] FHN$C: no data from yfinance
$FHN$E: possibly delisted; no timezone found
  [4141/21041] FHN$E: no data from yfinance
$FHN$F: possibly delisted; no timezone found
  [4142/21041] FHN$F: no data from yfinance
$FHN$H: possibly delisted; no timezone found
  [4143/21041] FHN$H: no data from yfinance
  [4144/21041] FHTX: rows= 1405 range=20201023..20260529 (~6y)
  [4145/21041] FHYS: rows= 1115 range=20211217..20260529 (~5y)
  [4146/21041] FIAT: rows=  473 range=20240711..20260529 (~2y)
  [4147/21041] FIAX: rows=  876 range=20221130..20260529 (~4y)
  [4148/21041] FIBK: rows= 4071 range=20100324..20260529 (~16y)
  [4149/21041] FIBR: rows= 2832 range=20150224..20260529 (~11y)
  [4150/21041] FICO: rows= 9788 range=19870722..20260529 (~39y)
  [4151/21041] FICS: rows= 1367 range=20201217..20260529 (~6y)
  [4152/21041] FID: rows= 3210 range=20130823..20260529 (~13y)
  [4153/21041] FIDI: rows= 2097 range=20180125..20260529 (~8y)
  [4154/21041] FIDU: rows= 3167 range=20131024..20260529 (~13y)
  [4155/21041] FIEE: rows= 4186 range=20091007..20260529 (~17y)
  [4156/21041] FIG: rows=  209 range=20250731..20260529 (~1y)
  [4157/21041] FIGB: rows= 1316 range=20210304..20260529 (~5y)
  [4158/21041] FIGG: rows=  157 range=20251014..20260529 (~1y)
  [4159/21041] FIGR: rows=  180 range=20250911..20260529 (~1y)
  [4160/21041] FIGS: rows= 1257 range=20210527..20260529 (~5y)
  [4161/21041] FIGX: rows=  197 range=20250818..20260529 (~1y)
  [4162/21041] FIGXU: rows=  233 range=20250626..20260529 (~1y)
  [4163/21041] FIGXW: rows=   59 range=20260306..20260529 (~0y)
  [4164/21041] FIHL: rows=  732 range=20230629..20260529 (~3y)
  [4165/21041] FIIG: rows=  708 range=20230803..20260529 (~3y)
  [4166/21041] FILL: rows= 3602 range=20120131..20260529 (~14y)
  [4167/21041] FINS: rows= 1761 range=20190529..20260529 (~7y)
  [4168/21041] FINT: rows=  359 range=20241220..20260529 (~2y)
  [4169/21041] FINV: rows= 2148 range=20171109..20260529 (~9y)
  [4170/21041] FINW: rows= 1134 range=20211119..20260529 (~5y)
  [4171/21041] FINX: rows= 2441 range=20160913..20260529 (~10y)
  [4172/21041] FIP: rows=  969 range=20220720..20260529 (~4y)
  [4173/21041] FIS: rows= 6272 range=20010620..20260529 (~25y)
  [4174/21041] FISI: rows= 6773 range=19990625..20260529 (~27y)
  [4175/21041] FISK: rows= 3179 range=20131008..20260529 (~13y)
  [4176/21041] FISR: rows= 1799 range=20190403..20260529 (~7y)
  [4177/21041] FISV: rows= 9994 range=19860925..20260529 (~40y)
  [4178/21041] FITB: rows=11645 range=19800317..20260529 (~46y)
  [4179/21041] FITBI: rows= 3137 range=20131206..20260529 (~13y)
  [4180/21041] FITBM: rows=   82 range=20260202..20260529 (~0y)
  [4181/21041] FITBO: rows= 1686 range=20190913..20260529 (~7y)
  [4182/21041] FITBP: rows= 1697 range=20190828..20260529 (~7y)
  [4183/21041] FITE: rows= 2116 range=20171227..20260529 (~9y)
  [4184/21041] FIVA: rows= 2097 range=20180125..20260529 (~8y)
  [4185/21041] FIVE: rows= 3485 range=20120719..20260529 (~14y)
  [4186/21041] FIVN: rows= 3056 range=20140404..20260529 (~12y)
  [4187/21041] FIVY: rows=  362 range=20241217..20260529 (~2y)
  [4188/21041] FIW: rows= 4793 range=20070511..20260529 (~19y)
  [4189/21041] FIX: rows= 7275 range=19970627..20260529 (~29y)
  [4190/21041] FIXD: rows= 2333 range=20170216..20260529 (~9y)
  [4191/21041] FIXP: rows=  339 range=20250123..20260529 (~1y)
  [4192/21041] FIXT: rows=  240 range=20250616..20260529 (~1y)
  [4193/21041] FIZZ: rows= 8739 range=19910913..20260529 (~35y)
  [4194/21041] FJAN: rows= 1347 range=20210119..20260529 (~5y)
  [4195/21041] FJET: rows=  111 range=20251218..20260529 (~1y)
  [4196/21041] FJP: rows= 3796 range=20110426..20260529 (~15y)
  [4197/21041] FJUL: rows= 1473 range=20200720..20260529 (~6y)
  [4198/21041] FJUN: rows= 1492 range=20200622..20260529 (~6y)
  [4199/21041] FKU: rows= 3585 range=20120227..20260529 (~14y)
  [4200/21041] FKWL: rows= 4735 range=20070803..20260529 (~19y)
  [4201/21041] FLAG: rows=  281 range=20250416..20260529 (~1y)
  [4202/21041] FLAO: rows=  543 range=20240401..20260529 (~2y)
  [4203/21041] FLAU: rows= 2151 range=20171106..20260529 (~9y)
  [4204/21041] FLAX: rows= 2087 range=20180208..20260529 (~8y)
  [4205/21041] FLBL: rows= 2009 range=20180601..20260529 (~8y)
  [4206/21041] FLBR: rows= 2151 range=20171106..20260529 (~9y)
  [4207/21041] FLC: rows= 5725 range=20030827..20260529 (~23y)
  [4208/21041] FLCA: rows= 2151 range=20171106..20260529 (~9y)
  [4209/21041] FLCB: rows= 1682 range=20190919..20260529 (~7y)
  [4210/21041] FLCC: rows=  361 range=20241218..20260529 (~2y)
  [4211/21041] FLCE: rows=  359 range=20241220..20260529 (~2y)
  [4212/21041] FLCG: rows=  459 range=20240731..20260529 (~2y)
  [4213/21041] FLCH: rows= 2151 range=20171106..20260529 (~9y)
  [4214/21041] FLCO: rows= 2425 range=20161005..20260529 (~10y)
  [4215/21041] FLCV: rows=  459 range=20240731..20260529 (~2y)
  [4216/21041] FLD: rows= 1079 range=20220209..20260529 (~4y)
  [4217/21041] FLDB: rows=  567 range=20240226..20260529 (~2y)
  [4218/21041] FLDDW: rows=   59 range=20260306..20260529 (~0y)
  [4219/21041] FLDR: rows= 1998 range=20180618..20260529 (~8y)
  [4220/21041] FLDZ: rows= 1105 range=20220103..20260529 (~4y)
  [4221/21041] FLEE: rows= 2122 range=20171218..20260529 (~9y)
  [4222/21041] FLEU: rows= 2151 range=20171106..20260529 (~9y)
  [4223/21041] FLEX: rows= 8103 range=19940318..20260529 (~32y)
  [4224/21041] FLG: rows= 8183 range=19931123..20260529 (~33y)
$FLG$A: possibly delisted; no timezone found
  [4225/21041] FLG$A: no data from yfinance
$FLG$U: possibly delisted; no timezone found
  [4226/21041] FLG$U: no data from yfinance
  [4227/21041] FLGB: rows= 2151 range=20171106..20260529 (~9y)
  [4228/21041] FLGR: rows= 2151 range=20171106..20260529 (~9y)
  [4229/21041] FLGT: rows= 2429 range=20160929..20260529 (~10y)
  [4230/21041] FLGV: rows= 1499 range=20200611..20260529 (~6y)
  [4231/21041] FLHY: rows= 2000 range=20180614..20260529 (~8y)
  [4232/21041] FLIA: rows= 2009 range=20180601..20260529 (~8y)
  [4233/21041] FLIN: rows= 2087 range=20180208..20260529 (~8y)
  [4234/21041] FLJH: rows= 2151 range=20171106..20260529 (~9y)
  [4235/21041] FLJJ: rows=  583 range=20240201..20260529 (~2y)
  [4236/21041] FLJP: rows= 2151 range=20171106..20260529 (~9y)
  [4237/21041] FLKR: rows= 2122 range=20171218..20260529 (~9y)
  [4238/21041] FLL: rows= 8252 range=19930817..20260529 (~33y)
  [4239/21041] FLLA: rows= 1917 range=20181011..20260529 (~8y)
  [4240/21041] FLLV: rows= 2435 range=20160920..20260529 (~10y)
  [4241/21041] FLMB: rows= 2195 range=20170905..20260529 (~9y)
  [4242/21041] FLMI: rows= 2188 range=20170914..20260529 (~9y)
  [4243/21041] FLMX: rows= 2151 range=20171106..20260529 (~9y)
  [4244/21041] FLN: rows= 3799 range=20110420..20260529 (~15y)
  [4245/21041] FLNA: rows= 6507 range=20000714..20260529 (~26y)
  [4246/21041] FLNC: rows= 1150 range=20211028..20260529 (~5y)
  [4247/21041] FLNG: rows= 1748 range=20190617..20260529 (~7y)
  [4248/21041] FLNT: rows= 4633 range=20071228..20260529 (~19y)
  [4249/21041] FLO: rows=11645 range=19800317..20260529 (~46y)
  [4250/21041] FLOC: rows=  343 range=20250116..20260529 (~1y)
  [4251/21041] FLOT: rows= 3759 range=20110617..20260529 (~15y)
  [4252/21041] FLOW: rows=  723 range=20230713..20260529 (~3y)
  [4253/21041] FLQL: rows= 2284 range=20170428..20260529 (~9y)
  [4254/21041] FLQM: rows= 2284 range=20170428..20260529 (~9y)
  [4255/21041] FLQS: rows= 2284 range=20170428..20260529 (~9y)
  [4256/21041] FLR: rows= 6409 range=20001201..20260529 (~26y)
  [4257/21041] FLRG: rows= 1430 range=20200918..20260529 (~6y)
  [4258/21041] FLRN: rows= 3643 range=20111201..20260529 (~15y)
  [4259/21041] FLRT: rows= 2836 range=20150219..20260529 (~11y)
  [4260/21041] FLS: rows=11645 range=19800317..20260529 (~46y)
  [4261/21041] FLSA: rows= 1917 range=20181011..20260529 (~8y)
  [4262/21041] FLSP: rows= 1616 range=20191223..20260529 (~7y)
  [4263/21041] FLSW: rows= 2087 range=20180208..20260529 (~8y)
  [4264/21041] FLTB: rows= 2926 range=20141009..20260529 (~12y)
  [4265/21041] FLTR: rows= 3796 range=20110426..20260529 (~15y)
  [4266/21041] FLTW: rows= 2122 range=20171218..20260529 (~9y)
  [4267/21041] FLUD: rows= 1473 range=20200720..20260529 (~6y)
  [4268/21041] FLUT: rows= 5950 range=20021004..20260529 (~24y)
  [4269/21041] FLUX: rows= 1454 range=20200814..20260529 (~6y)
  [4270/21041] FLV: rows= 1547 range=20200402..20260529 (~6y)
  [4271/21041] FLWS: rows= 6747 range=19990803..20260529 (~27y)
  [4272/21041] FLX: rows=  413 range=20241004..20260529 (~2y)
  [4273/21041] FLXI: rows=   65 range=20260226..20260529 (~0y)
  [4274/21041] FLXN: rows=  226 range=20250708..20260529 (~1y)
  [4275/21041] FLXR: rows=  485 range=20240624..20260529 (~2y)
  [4276/21041] FLXS: rows=11645 range=19800317..20260529 (~46y)
  [4277/21041] FLY: rows=  204 range=20250807..20260529 (~1y)
  [4278/21041] FLYD: rows=  988 range=20220622..20260529 (~4y)
  [4279/21041] FLYE: rows=  496 range=20240606..20260529 (~2y)
  [4280/21041] FLYT: rows=  150 range=20251023..20260529 (~1y)
  [4281/21041] FLYU: rows=  988 range=20220622..20260529 (~4y)
  [4282/21041] FLYW: rows= 1258 range=20210526..20260529 (~5y)
  [4283/21041] FLYX: rows=  605 range=20231229..20260529 (~3y)
$FLYX-W: possibly delisted; no timezone found
  [4284/21041] FLYX.W: no data from yfinance
  [4285/21041] FMACU: rows=   44 range=20260327..20260529 (~0y)
  [4286/21041] FMAG: rows= 1335 range=20210204..20260529 (~5y)
  [4287/21041] FMAO: rows= 5115 range=20060130..20260529 (~20y)
  [4288/21041] FMAR: rows= 1304 range=20210322..20260529 (~5y)
  [4289/21041] FMAT: rows= 3167 range=20131024..20260529 (~13y)
  [4290/21041] FMAY: rows= 1515 range=20200519..20260529 (~6y)
  [4291/21041] FMB: rows= 3028 range=20140515..20260529 (~12y)
  [4292/21041] FMBH: rows= 6844 range=19990316..20260529 (~27y)
  [4293/21041] FMC: rows=11645 range=19800317..20260529 (~46y)
  [4294/21041] FMCE: rows=  383 range=20241115..20260529 (~2y)
  [4295/21041] FMCX: rows= 1028 range=20220425..20260529 (~4y)
  [4296/21041] FMDE: rows=  632 range=20231120..20260529 (~3y)
  [4297/21041] FMED: rows=  744 range=20230612..20260529 (~3y)
  [4298/21041] FMET: rows= 1030 range=20220421..20260529 (~4y)
  [4299/21041] FMF: rows= 3225 range=20130802..20260529 (~13y)
  [4300/21041] FMFC: rows=  234 range=20250625..20260529 (~1y)
  [4301/21041] FMHI: rows= 2152 range=20171103..20260529 (~9y)
  [4302/21041] FMKT: rows=  244 range=20250610..20260529 (~1y)
  [4303/21041] FMN: rows= 5896 range=20021220..20260529 (~24y)
  [4304/21041] FMNB: rows= 6893 range=19990104..20260529 (~27y)
  [4305/21041] FMNY: rows= 1267 range=20210513..20260529 (~5y)
  [4306/21041] FMQQ: rows= 1172 range=20210928..20260529 (~5y)
  [4307/21041] FMS: rows= 7472 range=19960917..20260529 (~30y)
  [4308/21041] FMST: rows=  729 range=20230705..20260529 (~3y)
  [4309/21041] FMSTW: rows=   59 range=20260306..20260529 (~0y)
  [4310/21041] FMTL: rows=  141 range=20251105..20260529 (~1y)
  [4311/21041] FMTM: rows=  300 range=20250320..20260529 (~1y)
  [4312/21041] FMUB: rows=  288 range=20250407..20260529 (~1y)
  [4313/21041] FMUN: rows=  287 range=20250408..20260529 (~1y)
  [4314/21041] FMX: rows= 7057 range=19980511..20260529 (~28y)
  [4315/21041] FMY: rows= 5285 range=20050526..20260529 (~21y)
  [4316/21041] FN: rows= 4006 range=20100625..20260529 (~16y)
  [4317/21041] FNB: rows=10012 range=19860902..20260529 (~40y)
  [4318/21041] FNCL: rows= 3167 range=20131024..20260529 (~13y)
  [4319/21041] FND: rows= 2285 range=20170427..20260529 (~9y)
  [4320/21041] FNDA: rows= 3216 range=20130815..20260529 (~13y)
  [4321/21041] FNDB: rows= 3216 range=20130815..20260529 (~13y)
  [4322/21041] FNDC: rows= 3216 range=20130815..20260529 (~13y)
  [4323/21041] FNDE: rows= 3216 range=20130815..20260529 (~13y)
  [4324/21041] FNDF: rows= 3216 range=20130815..20260529 (~13y)
  [4325/21041] FNDX: rows= 3216 range=20130815..20260529 (~13y)
  [4326/21041] FNF: rows= 5187 range=20051014..20260529 (~21y)
  [4327/21041] FNGB: rows=  310 range=20250220..20260529 (~1y)
  [4328/21041] FNGD: rows= 2099 range=20180123..20260529 (~8y)
  [4329/21041] FNGG: rows= 1170 range=20210930..20260529 (~5y)
  [4330/21041] FNGO: rows= 1951 range=20180823..20260529 (~8y)
  [4331/21041] FNGR: rows= 2219 range=20170801..20260529 (~9y)
  [4332/21041] FNGS: rows= 1643 range=20191113..20260529 (~7y)
  [4333/21041] FNGU: rows=  320 range=20250220..20260529 (~1y)
  [4334/21041] FNK: rows= 3799 range=20110420..20260529 (~15y)
  [4335/21041] FNKO: rows= 2153 range=20171102..20260529 (~9y)
  [4336/21041] FNLC: rows= 6761 range=19990714..20260529 (~27y)
  [4337/21041] FNOV: rows= 1640 range=20191118..20260529 (~7y)
  [4338/21041] FNRN: rows= 6892 range=19990105..20260529 (~27y)
  [4339/21041] FNUC: rows= 1134 range=20211119..20260529 (~5y)
  [4340/21041] FNV: rows= 4647 range=20071207..20260529 (~19y)
  [4341/21041] FNWB: rows= 2849 range=20150130..20260529 (~11y)
  [4342/21041] FNWD: rows= 7050 range=19980520..20260529 (~28y)
  [4343/21041] FNX: rows= 4794 range=20070510..20260529 (~19y)
  [4344/21041] FNY: rows= 3799 range=20110420..20260529 (~15y)
  [4345/21041] FOA: rows= 1788 range=20190418..20260529 (~7y)
  [4346/21041] FOCT: rows= 1409 range=20201019..20260529 (~6y)
  [4347/21041] FOF: rows= 4905 range=20061128..20260529 (~20y)
  [4348/21041] FOFO: rows=  179 range=20250912..20260529 (~1y)
  [4349/21041] FOLD: rows= 4757 range=20070531..20260427 (~19y)
  [4350/21041] FONR: rows=11235 range=19811029..20260529 (~45y)
  [4351/21041] FOPC: rows=  359 range=20241220..20260529 (~2y)
  [4352/21041] FOR: rows= 4643 range=20071213..20260529 (~19y)
  [4353/21041] FORA: rows= 1307 range=20210304..20260515 (~5y)
  [4354/21041] FORH: rows= 1276 range=20210430..20260529 (~5y)
  [4355/21041] FORM: rows= 5778 range=20030612..20260529 (~23y)
  [4356/21041] FORR: rows= 7421 range=19961127..20260529 (~30y)
  [4357/21041] FORTY: rows= 7196 range=19971020..20260529 (~29y)
  [4358/21041] FOSL: rows= 8342 range=19930408..20260529 (~33y)
  [4359/21041] FOUR: rows= 1503 range=20200605..20260529 (~6y)
$FOUR$A: possibly delisted; no timezone found
  [4360/21041] FOUR$A: no data from yfinance
  [4361/21041] FOWF: rows=  361 range=20241218..20260529 (~2y)
  [4362/21041] FOX: rows= 1814 range=20190313..20260529 (~7y)
  [4363/21041] FOXA: rows= 1815 range=20190312..20260529 (~7y)
  [4364/21041] FOXF: rows= 3221 range=20130808..20260529 (~13y)
  [4365/21041] FOXX: rows=  956 range=20220808..20260529 (~4y)
  [4366/21041] FOXXW: rows=   59 range=20260306..20260529 (~0y)
  [4367/21041] FOXY: rows=  330 range=20250205..20260529 (~1y)
  [4368/21041] FPA: rows= 3799 range=20110420..20260529 (~15y)
  [4369/21041] FPAG: rows= 1115 range=20211217..20260529 (~5y)
  [4370/21041] FPAS: rows=  393 range=20241101..20260529 (~2y)
  [4371/21041] FPE: rows= 3344 range=20130212..20260529 (~13y)
  [4372/21041] FPEI: rows= 2203 range=20170823..20260529 (~9y)
  [4373/21041] FPF: rows= 3273 range=20130524..20260529 (~13y)
  [4374/21041] FPFD: rows= 1243 range=20210617..20260529 (~5y)
  [4375/21041] FPH: rows= 2276 range=20170510..20260529 (~9y)
  [4376/21041] FPI: rows= 3051 range=20140411..20260529 (~12y)
  [4377/21041] FPRO: rows= 1335 range=20210204..20260529 (~5y)
  [4378/21041] FPS: rows=   79 range=20260205..20260529 (~0y)
  [4379/21041] FPWR: rows= 1702 range=20190821..20260529 (~7y)
  [4380/21041] FPX: rows= 5035 range=20060524..20260529 (~20y)
  [4381/21041] FPXE: rows= 1912 range=20181018..20260529 (~8y)
  [4382/21041] FPXI: rows= 2903 range=20141111..20260529 (~12y)
  [4383/21041] FQAL: rows= 2438 range=20160916..20260529 (~10y)
  [4384/21041] FR: rows= 8036 range=19940624..20260529 (~32y)
  [4385/21041] FRA: rows= 5681 range=20031029..20260529 (~23y)
  [4386/21041] FRAF: rows= 8091 range=19940406..20260529 (~32y)
  [4387/21041] FRBA: rows= 3928 range=20101015..20260529 (~16y)
  [4388/21041] FRD: rows=11645 range=19800317..20260529 (~46y)
  [4389/21041] FRDD: rows=  187 range=20250722..20260417 (~1y)
  [4390/21041] FRDM: rows= 1749 range=20190614..20260529 (~7y)
  [4391/21041] FRDU: rows=  187 range=20250722..20260417 (~1y)
  [4392/21041] FREL: rows= 2845 range=20150205..20260529 (~11y)
$FRGE: possibly delisted; no price data found  (1d 1927-06-25 -> 2026-05-31) (Yahoo error = "No data found, symbol may be delisted")
  [4393/21041] FRGE: no data from yfinance
  [4394/21041] FRGN: rows=  121 range=20251204..20260529 (~1y)
  [4395/21041] FRGT: rows= 2214 range=20170808..20260529 (~9y)
  [4396/21041] FRHC: rows= 2088 range=20180207..20260529 (~8y)
  [4397/21041] FRI: rows= 4794 range=20070510..20260529 (~19y)
  [4398/21041] FRIZ: rows=  187 range=20250902..20260529 (~1y)
  [4399/21041] FRME: rows= 9304 range=19890620..20260529 (~37y)
  [4400/21041] FRMEP: rows= 1452 range=20200818..20260529 (~6y)
  [4401/21041] FRMI: rows=  166 range=20251001..20260529 (~1y)
  [4402/21041] FRMM: rows= 2243 range=20170627..20260529 (~9y)
  [4403/21041] FRNW: rows= 1165 range=20211007..20260529 (~5y)
  [4404/21041] FRO: rows= 6240 range=20010806..20260529 (~25y)
  [4405/21041] FROG: rows= 1432 range=20200916..20260529 (~6y)
  [4406/21041] FRPH: rows=10054 range=19860702..20260529 (~40y)
  [4407/21041] FRPT: rows= 2905 range=20141107..20260529 (~12y)
  [4408/21041] FRSH: rows= 1176 range=20210922..20260529 (~5y)
  [4409/21041] FRST: rows= 4923 range=20061101..20260529 (~20y)
  [4410/21041] FRSX: rows= 2251 range=20170615..20260529 (~9y)
  [4411/21041] FRT: rows=13381 range=19730503..20260529 (~53y)
$FRT$C: possibly delisted; no timezone found
  [4412/21041] FRT$C: no data from yfinance
  [4413/21041] FRTY: rows= 1318 range=20210302..20260529 (~5y)
  [4414/21041] FRWD: rows=   95 range=20260113..20260529 (~0y)
  [4415/21041] FSBC: rows= 1274 range=20210504..20260529 (~5y)
  [4416/21041] FSBW: rows= 3492 range=20120710..20260529 (~14y)
  [4417/21041] FSCC: rows=  459 range=20240731..20260529 (~2y)
  [4418/21041] FSCO: rows=  887 range=20221114..20260529 (~4y)
  [4419/21041] FSCS: rows= 2246 range=20170622..20260529 (~9y)
  [4420/21041] FSEA: rows= 1727 range=20190717..20260529 (~7y)
  [4421/21041] FSEC: rows= 1314 range=20210308..20260529 (~5y)
  [4422/21041] FSEG: rows=   21 range=20260430..20260529 (~0y)
  [4423/21041] FSEP: rows= 1429 range=20200921..20260529 (~6y)
  [4424/21041] FSEV: rows=   21 range=20260430..20260529 (~0y)
  [4425/21041] FSGS: rows= 2244 range=20170626..20260529 (~9y)
  [4426/21041] FSHP: rows=  448 range=20240815..20260529 (~2y)
FSHPR: Period 'max' is invalid, must be one of: 1d, 5d
  [4427/21041] FSHPR: no data from yfinance
  [4428/21041] FSHPU: rows=  488 range=20240618..20260529 (~2y)
  [4429/21041] FSI: rows= 6698 range=19991012..20260529 (~27y)
  [4430/21041] FSIG: rows= 1135 range=20211118..20260529 (~5y)
  [4431/21041] FSK: rows= 3048 range=20140416..20260529 (~12y)
  [4432/21041] FSLR: rows= 4911 range=20061117..20260529 (~20y)
  [4433/21041] FSLY: rows= 1768 range=20190517..20260529 (~7y)
  [4434/21041] FSM: rows= 4879 range=20070108..20260529 (~19y)
  [4435/21041] FSMB: rows= 1885 range=20181127..20260529 (~8y)
  [4436/21041] FSMD: rows= 1823 range=20190228..20260529 (~7y)
  [4437/21041] FSML: rows=  115 range=20251212..20260529 (~1y)
  [4438/21041] FSOL: rows=  132 range=20251118..20260529 (~1y)
  [4439/21041] FSP: rows= 5281 range=20050602..20260529 (~21y)
  [4440/21041] FSS: rows=11645 range=19800317..20260529 (~46y)
  [4441/21041] FSSL: rows=  135 range=20251113..20260529 (~1y)
  [4442/21041] FSTA: rows= 3167 range=20131024..20260529 (~13y)
  [4443/21041] FSTR: rows=11335 range=19810609..20260529 (~45y)
  [4444/21041] FSUN: rows=  959 range=20220803..20260529 (~4y)
  [4445/21041] FSV: rows= 2765 range=20150602..20260529 (~11y)
  [4446/21041] FSYD: rows= 1073 range=20220217..20260529 (~4y)
  [4447/21041] FSZ: rows= 3591 range=20120216..20260529 (~14y)
  [4448/21041] FT: rows= 9489 range=19880926..20260529 (~38y)
  [4449/21041] FTA: rows= 4784 range=20070524..20260529 (~19y)
  [4450/21041] FTAG: rows= 4066 range=20100331..20260529 (~16y)
  [4451/21041] FTAI: rows= 2777 range=20150514..20260529 (~11y)
  [4452/21041] FTAIM: rows=  809 range=20230309..20260529 (~3y)
  [4453/21041] FTAIN: rows= 1305 range=20210319..20260529 (~5y)
  [4454/21041] FTBD: rows=  838 range=20230126..20260529 (~3y)
  [4455/21041] FTBI: rows=  252 range=20250529..20260529 (~1y)
  [4456/21041] FTC: rows= 4793 range=20070511..20260529 (~19y)
  [4457/21041] FTCA: rows=  148 range=20251027..20260529 (~1y)
  [4458/21041] FTCB: rows=  640 range=20231108..20260529 (~3y)
  [4459/21041] FTCE: rows=  414 range=20241003..20260529 (~2y)
  [4460/21041] FTCI: rows= 1278 range=20210428..20260529 (~5y)
  [4461/21041] FTCS: rows= 5003 range=20060711..20260529 (~20y)
  [4462/21041] FTDR: rows= 1937 range=20180913..20260529 (~8y)
  [4463/21041] FTDS: rows= 2864 range=20141223..20260529 (~12y)
  [4464/21041] FTEC: rows= 3167 range=20131024..20260529 (~13y)
  [4465/21041] FTEK: rows= 8238 range=19930907..20260529 (~33y)
  [4466/21041] FTF: rows= 5720 range=20030904..20260529 (~23y)
  [4467/21041] FTFT: rows= 4520 range=20080611..20260529 (~18y)
  [4468/21041] FTGC: rows= 3168 range=20131023..20260529 (~13y)
  [4469/21041] FTGS: rows=  900 range=20221026..20260529 (~4y)
  [4470/21041] FTHAU: rows=   21 range=20260430..20260529 (~0y)
  [4471/21041] FTHB: rows=   50 range=20260319..20260529 (~0y)
  [4472/21041] FTHF: rows=  644 range=20231102..20260529 (~3y)
  [4473/21041] FTHI: rows= 3117 range=20140107..20260529 (~12y)
  [4474/21041] FTHM: rows= 1464 range=20200731..20260529 (~6y)
  [4475/21041] FTHY: rows= 1488 range=20200626..20260529 (~6y)
  [4476/21041] FTI: rows= 6275 range=20010615..20260529 (~25y)
  [4477/21041] FTIF: rows=  805 range=20230315..20260529 (~3y)
  [4478/21041] FTK: rows= 5243 range=20050727..20260529 (~21y)
  [4479/21041] FTKI: rows=  314 range=20250228..20260529 (~1y)
  [4480/21041] FTLF: rows= 4671 range=20071102..20260529 (~19y)
  [4481/21041] FTLS: rows= 2948 range=20140909..20260529 (~12y)
  [4482/21041] FTMA: rows=  137 range=20251111..20260529 (~1y)
  [4483/21041] FTMH: rows=  148 range=20251027..20260529 (~1y)
  [4484/21041] FTMN: rows=  138 range=20251110..20260529 (~1y)
  [4485/21041] FTMS: rows=  148 range=20251027..20260529 (~1y)
  [4486/21041] FTMU: rows=  148 range=20251027..20260529 (~1y)
  [4487/21041] FTNJ: rows=  138 range=20251110..20260529 (~1y)
  [4488/21041] FTNT: rows= 4156 range=20091118..20260529 (~17y)
  [4489/21041] FTNY: rows=  148 range=20251027..20260529 (~1y)
  [4490/21041] FTOH: rows=  138 range=20251110..20260529 (~1y)
  [4491/21041] FTPA: rows=  138 range=20251110..20260529 (~1y)
  [4492/21041] FTQI: rows= 3117 range=20140107..20260529 (~12y)
  [4493/21041] FTRB: rows=  602 range=20240104..20260529 (~2y)
  [4494/21041] FTRE: rows=  740 range=20230616..20260529 (~3y)
  [4495/21041] FTRI: rows= 4066 range=20100331..20260529 (~16y)
  [4496/21041] FTRK: rows=  255 range=20250523..20260529 (~1y)
  [4497/21041] FTS: rows= 4125 range=20100105..20260529 (~16y)
  [4498/21041] FTSD: rows= 3159 range=20131105..20260529 (~13y)
  [4499/21041] FTSL: rows= 3289 range=20130502..20260529 (~13y)
  [4500/21041] FTSM: rows= 2971 range=20140806..20260529 (~12y)
  [4501/21041] FTV: rows= 2490 range=20160705..20260529 (~10y)
  [4502/21041] FTW: rows=  418 range=20240927..20260529 (~2y)
$FTW-W: possibly delisted; no timezone found
  [4503/21041] FTW.W: no data from yfinance
  [4504/21041] FTWO: rows=  688 range=20230831..20260529 (~3y)
  [4505/21041] FTXG: rows= 2422 range=20161010..20260529 (~10y)
  [4506/21041] FTXH: rows= 2434 range=20160922..20260529 (~10y)
  [4507/21041] FTXL: rows= 2435 range=20160921..20260529 (~10y)
  [4508/21041] FTXN: rows= 2433 range=20160923..20260529 (~10y)
  [4509/21041] FTXO: rows= 2423 range=20161007..20260529 (~10y)
  [4510/21041] FTXR: rows= 2434 range=20160922..20260529 (~10y)
  [4511/21041] FUBO: rows= 1804 range=20190327..20260529 (~7y)
  [4512/21041] FUFU: rows= 1121 range=20211209..20260529 (~5y)
  [4513/21041] FUFUW: rows=   59 range=20260306..20260529 (~0y)
  [4514/21041] FUL: rows=13431 range=19730221..20260529 (~53y)
  [4515/21041] FULC: rows= 1726 range=20190718..20260529 (~7y)
  [4516/21041] FULT: rows=10263 range=19850903..20260529 (~41y)
  [4517/21041] FULTP: rows= 1405 range=20201023..20260529 (~6y)
  [4518/21041] FUMB: rows= 1898 range=20181107..20260529 (~8y)
  [4519/21041] FUN: rows= 9850 range=19870423..20260529 (~39y)
  [4520/21041] FUNC: rows= 8492 range=19920903..20260529 (~34y)
  [4521/21041] FUND: rows= 9565 range=19880608..20260529 (~38y)
  [4522/21041] FURY: rows= 3059 range=20140401..20260529 (~12y)
  [4523/21041] FUSB: rows= 6888 range=19990111..20260529 (~27y)
  [4524/21041] FUSE: rows= 1062 range=20220307..20260529 (~4y)
  [4525/21041] FUSEW: rows=  150 range=20251023..20260529 (~1y)
  [4526/21041] FUSI: rows=  800 range=20230322..20260529 (~3y)
  [4527/21041] FUTG: rows=  157 range=20251014..20260529 (~1y)
  [4528/21041] FUTU: rows= 1817 range=20190308..20260529 (~7y)
  [4529/21041] FUTY: rows= 3167 range=20131024..20260529 (~13y)
  [4530/21041] FV: rows= 3077 range=20140306..20260529 (~12y)
  [4531/21041] FVAL: rows= 2439 range=20160915..20260529 (~10y)
  [4532/21041] FVAV: rows=   65 range=20260226..20260529 (~0y)
  [4533/21041] FVC: rows= 2564 range=20160318..20260529 (~10y)
  [4534/21041] FVCB: rows= 2783 range=20150506..20260529 (~11y)
  [4535/21041] FVD: rows= 5725 range=20030827..20260529 (~23y)
  [4536/21041] FVN: rows=  392 range=20241104..20260529 (~2y)
  [4537/21041] FVNNR: rows=  130 range=20241104..20260528 (~2y)
  [4538/21041] FVNNU: rows=  429 range=20240912..20260529 (~2y)
  [4539/21041] FVR: rows=  415 range=20241002..20260529 (~2y)
  [4540/21041] FVRR: rows= 1750 range=20190613..20260529 (~7y)
  [4541/21041] FWD: rows=  800 range=20230322..20260529 (~3y)
  [4542/21041] FWDI: rows= 7934 range=19941117..20260529 (~32y)
  [4543/21041] FWONA: rows= 3366 range=20130110..20260529 (~13y)
  [4544/21041] FWONK: rows= 2992 range=20140708..20260529 (~12y)
  [4545/21041] FWRD: rows= 8188 range=19931116..20260529 (~33y)
  [4546/21041] FWRG: rows= 1169 range=20211001..20260529 (~5y)
  [4547/21041] FXA: rows= 5013 range=20060626..20260529 (~20y)
  [4548/21041] FXB: rows= 5013 range=20060626..20260529 (~20y)
  [4549/21041] FXC: rows= 5013 range=20060626..20260529 (~20y)
  [4550/21041] FXD: rows= 4794 range=20070510..20260529 (~19y)
  [4551/21041] FXE: rows= 5147 range=20051212..20260529 (~21y)
  [4552/21041] FXED: rows= 1357 range=20210104..20260529 (~5y)
  [4553/21041] FXF: rows= 5013 range=20060626..20260529 (~20y)
  [4554/21041] FXG: rows= 4794 range=20070510..20260529 (~19y)
  [4555/21041] FXH: rows= 4794 range=20070510..20260529 (~19y)
  [4556/21041] FXI: rows= 5444 range=20041008..20260529 (~22y)
  [4557/21041] FXL: rows= 4794 range=20070510..20260529 (~19y)
  [4558/21041] FXN: rows= 4794 range=20070510..20260529 (~19y)
  [4559/21041] FXNC: rows= 6885 range=19990114..20260529 (~27y)
  [4560/21041] FXO: rows= 4794 range=20070510..20260529 (~19y)
  [4561/21041] FXP: rows= 4667 range=20071108..20260529 (~19y)
  [4562/21041] FXR: rows= 4794 range=20070510..20260529 (~19y)
  [4563/21041] FXU: rows= 4794 range=20070510..20260529 (~19y)
  [4564/21041] FXY: rows= 4854 range=20070213..20260529 (~19y)
  [4565/21041] FXZ: rows= 4793 range=20070511..20260529 (~19y)
  [4566/21041] FYC: rows= 3799 range=20110420..20260529 (~15y)
  [4567/21041] FYEE: rows=  535 range=20240411..20260529 (~2y)
  [4568/21041] FYLD: rows= 3140 range=20131203..20260529 (~13y)
  [4569/21041] FYT: rows= 3799 range=20110420..20260529 (~15y)
  [4570/21041] FYX: rows= 4794 range=20070510..20260529 (~19y)
$FILE CREATION TIME: 0430202621:31: possibly delisted; no timezone found
  [4571/21041] File Creation Time: 0430202621:31: no data from yfinance
  [4572/21041] G: rows= 4736 range=20070802..20260529 (~19y)
  [4573/21041] GAA: rows= 2883 range=20141210..20260529 (~12y)
  [4574/21041] GAB: rows=10024 range=19860814..20260529 (~40y)
$GAB$G: possibly delisted; no timezone found
  [4575/21041] GAB$G: no data from yfinance
$GAB$H: possibly delisted; no timezone found
  [4576/21041] GAB$H: no data from yfinance
$GAB$K: possibly delisted; no timezone found
  [4577/21041] GAB$K: no data from yfinance
  [4578/21041] GABC: rows= 8312 range=19930521..20260529 (~33y)
  [4579/21041] GABF: rows= 1017 range=20220510..20260529 (~4y)
  [4580/21041] GAEM: rows=  450 range=20240813..20260529 (~2y)
  [4581/21041] GAIA: rows= 6685 range=19991029..20260529 (~27y)
  [4582/21041] GAID: rows=  105 range=20251229..20260529 (~1y)
  [4583/21041] GAIN: rows= 5266 range=20050623..20260529 (~21y)
  [4584/21041] GAING: rows=   70 range=20260219..20260529 (~0y)
  [4585/21041] GAINI: rows=  361 range=20241218..20260529 (~2y)
  [4586/21041] GAINN: rows= 1298 range=20210304..20260504 (~5y)
  [4587/21041] GAINZ: rows= 1199 range=20210819..20260529 (~5y)
  [4588/21041] GAL: rows= 3543 range=20120426..20260529 (~14y)
  [4589/21041] GALT: rows= 5972 range=20020904..20260529 (~24y)
  [4590/21041] GAM: rows=11645 range=19800317..20260529 (~46y)
$GAM$B: possibly delisted; no timezone found
  [4591/21041] GAM$B: no data from yfinance
  [4592/21041] GAMB: rows= 1218 range=20210723..20260529 (~5y)
  [4593/21041] GAME: rows= 2096 range=20180126..20260529 (~8y)
  [4594/21041] GAMR: rows= 2570 range=20160310..20260529 (~10y)
  [4595/21041] GANX: rows= 1305 range=20210319..20260529 (~5y)
  [4596/21041] GAP: rows=11645 range=19800317..20260529 (~46y)
  [4597/21041] GAPR: rows=  778 range=20230424..20260529 (~3y)
  [4598/21041] GARA: rows=  109 range=20251222..20260529 (~1y)
  [4599/21041] GARP: rows= 1600 range=20200116..20260529 (~6y)
  [4600/21041] GARY: rows=  109 range=20251222..20260529 (~1y)
  [4601/21041] GASS: rows= 5193 range=20051006..20260529 (~21y)
  [4602/21041] GAST: rows= 1102 range=20220105..20260529 (~4y)
  [4603/21041] GATX: rows=13431 range=19730221..20260529 (~53y)
  [4604/21041] GAU: rows= 4631 range=20080102..20260529 (~18y)
  [4605/21041] GAUD: rows=  109 range=20251222..20260529 (~1y)
  [4606/21041] GAUG: rows=  696 range=20230821..20260529 (~3y)
  [4607/21041] GAUZ: rows=  496 range=20240606..20260529 (~2y)
  [4608/21041] GAVA: rows=   55 range=20260312..20260529 (~0y)
  [4609/21041] GBAB: rows= 3919 range=20101028..20260529 (~16y)
  [4610/21041] GBCI: rows=10629 range=19840322..20260529 (~42y)
  [4611/21041] GBDC: rows= 4056 range=20100415..20260529 (~16y)
  [4612/21041] GBF: rows= 4876 range=20070111..20260529 (~19y)
  [4613/21041] GBFH: rows=  475 range=20240709..20260529 (~2y)
  [4614/21041] GBHI: rows=  133 range=20251117..20260529 (~1y)
  [4615/21041] GBIL: rows= 2440 range=20160914..20260529 (~10y)
  [4616/21041] GBLI: rows= 5648 range=20031216..20260529 (~23y)
  [4617/21041] GBND: rows=  233 range=20250626..20260529 (~1y)
  [4618/21041] GBNY: rows= 1350 range=20210113..20260529 (~5y)
  [4619/21041] GBR: rows= 8352 range=19930325..20260529 (~33y)
  [4620/21041] GBTC: rows= 2780 range=20150511..20260529 (~11y)
  [4621/21041] GBTG: rows=  948 range=20220818..20260529 (~4y)
  [4622/21041] GBUG: rows=  320 range=20250220..20260529 (~1y)
  [4623/21041] GBX: rows= 8023 range=19940714..20260529 (~32y)
  [4624/21041] GBXA: rows=  316 range=20241230..20260407 (~2y)
  [4625/21041] GCAD: rows=  853 range=20230104..20260529 (~3y)
  [4626/21041] GCAL: rows=  459 range=20240731..20260529 (~2y)
  [4627/21041] GCBC: rows= 6770 range=19990630..20260529 (~27y)
  [4628/21041] GCC: rows= 4616 range=20080124..20260529 (~18y)
  [4629/21041] GCDT: rows=   95 range=20260113..20260529 (~0y)
  [4630/21041] GCGRU: rows=   21 range=20260430..20260529 (~0y)
  [4631/21041] GCL: rows= 1031 range=20220420..20260529 (~4y)
  [4632/21041] GCLWW: rows=   60 range=20251216..20260529 (~1y)
  [4633/21041] GCMG: rows= 1838 range=20190206..20260529 (~7y)
  [4634/21041] GCO: rows=13431 range=19730221..20260529 (~53y)
  [4635/21041] GCOR: rows= 1431 range=20200917..20260529 (~6y)
  [4636/21041] GCOW: rows= 2582 range=20160223..20260529 (~10y)
  [4637/21041] GCT: rows=  948 range=20220818..20260529 (~4y)
  [4638/21041] GCTK: rows= 3294 range=20130425..20260529 (~13y)
  [4639/21041] GCTS: rows= 1110 range=20211227..20260529 (~5y)
$GCTS-W: possibly delisted; no timezone found
  [4640/21041] GCTS.W: no data from yfinance
  [4641/21041] GCV: rows= 7842 range=19950331..20260529 (~31y)
  [4642/21041] GD: rows=16210 range=19620102..20260529 (~64y)
  [4643/21041] GDC: rows= 2619 range=20151229..20260529 (~11y)
  [4644/21041] GDDY: rows= 2808 range=20150331..20260529 (~11y)
  [4645/21041] GDE: rows= 1054 range=20220317..20260529 (~4y)
  [4646/21041] GDEC: rows=  613 range=20231218..20260529 (~3y)
  [4647/21041] GDEN: rows= 6878 range=19990104..20260507 (~27y)
  [4648/21041] GDEV: rows= 1419 range=20201005..20260529 (~6y)
  [4649/21041] GDEVW: rows=   59 range=20260306..20260529 (~0y)
  [4650/21041] GDFN: rows=  170 range=20250924..20260529 (~1y)
  [4651/21041] GDHG: rows=  786 range=20230412..20260529 (~3y)
  [4652/21041] GDIV: rows= 1008 range=20220523..20260529 (~4y)
  [4653/21041] GDL: rows= 4807 range=20070423..20260529 (~19y)
  [4654/21041] GDLC: rows= 1636 range=20191122..20260529 (~7y)
  [4655/21041] GDMA: rows= 1892 range=20181115..20260529 (~8y)
  [4656/21041] GDMN: rows= 1116 range=20211216..20260529 (~5y)
  [4657/21041] GDO: rows= 4152 range=20091124..20260529 (~17y)
  [4658/21041] GDOC: rows= 1140 range=20211111..20260529 (~5y)
  [4659/21041] GDOG: rows=  128 range=20251124..20260529 (~1y)
  [4660/21041] GDOT: rows= 3988 range=20100722..20260529 (~16y)
  [4661/21041] GDRX: rows= 1427 range=20200923..20260529 (~6y)
  [4662/21041] GDS: rows= 2405 range=20161102..20260529 (~10y)
  [4663/21041] GDT: rows=   89 range=20260122..20260529 (~0y)
  [4664/21041] GDTC: rows=  784 range=20230414..20260529 (~3y)
  [4665/21041] GDV: rows= 5662 range=20031125..20260529 (~23y)
$GDV$H: possibly delisted; no timezone found
  [4666/21041] GDV$H: no data from yfinance
$GDV$K: possibly delisted; no timezone found
  [4667/21041] GDV$K: no data from yfinance
  [4668/21041] GDX: rows= 5037 range=20060522..20260529 (~20y)
  [4669/21041] GDXD: rows= 1377 range=20201203..20260529 (~6y)
  [4670/21041] GDXJ: rows= 4161 range=20091111..20260529 (~17y)
  [4671/21041] GDXU: rows= 1377 range=20201203..20260529 (~6y)
  [4672/21041] GDXW: rows=  145 range=20251030..20260529 (~1y)
  [4673/21041] GDXY: rows=  507 range=20240521..20260529 (~2y)
  [4674/21041] GDYN: rows= 1904 range=20181030..20260529 (~8y)
  [4675/21041] GE: rows=16210 range=19620102..20260529 (~64y)
  [4676/21041] GECC: rows= 2403 range=20161104..20260529 (~10y)
  [4677/21041] GECCG: rows=  179 range=20250912..20260529 (~1y)
  [4678/21041] GECCH: rows=  419 range=20240926..20260529 (~2y)
  [4679/21041] GECCI: rows=  529 range=20240419..20260529 (~2y)
  [4680/21041] GECCO: rows= 1236 range=20210624..20260527 (~5y)
  [4681/21041] GEF: rows= 7612 range=19960228..20260529 (~30y)
  [4682/21041] GEF-B: rows= 5697 range=20031007..20260529 (~23y)
  [4683/21041] GEF.B: rows= 5697 range=20031007..20260529 (~23y)
  [4684/21041] GEG: rows= 6783 range=19990611..20260529 (~27y)
  [4685/21041] GEGGL: rows=  989 range=20220621..20260529 (~4y)
  [4686/21041] GEHC: rows=  865 range=20221215..20260529 (~4y)
  [4687/21041] GEL: rows= 7421 range=19961127..20260529 (~30y)
  [4688/21041] GELS: rows=  396 range=20241029..20260529 (~2y)
  [4689/21041] GEM: rows= 2682 range=20150929..20260529 (~11y)
  [4690/21041] GEMD: rows= 1072 range=20220218..20260529 (~4y)
  [4691/21041] GEME: rows=  339 range=20250123..20260529 (~1y)
  [4692/21041] GEMG: rows=  141 range=20251105..20260529 (~1y)
  [4693/21041] GEMI: rows=  179 range=20250912..20260529 (~1y)
  [4694/21041] GEN: rows= 9301 range=19890623..20260529 (~37y)
  [4695/21041] GENB: rows=   64 range=20260227..20260529 (~0y)
  [4696/21041] GENC: rows= 5756 range=20030715..20260529 (~23y)
  [4697/21041] GEND: rows=  287 range=20250408..20260529 (~1y)
  [4698/21041] GENI: rows= 1419 range=20201005..20260529 (~6y)
  [4699/21041] GENK: rows=  733 range=20230628..20260529 (~3y)
  [4700/21041] GENM: rows=  506 range=20240522..20260529 (~2y)
  [4701/21041] GENT: rows=  506 range=20240522..20260529 (~2y)
  [4702/21041] GENVR: rows=  279 range=20250421..20260529 (~1y)
  [4703/21041] GENW: rows=  345 range=20250114..20260529 (~1y)
  [4704/21041] GENZ: rows= 4616 range=20080124..20260529 (~18y)
  [4705/21041] GEO: rows= 8014 range=19940727..20260529 (~32y)
  [4706/21041] GEOA: rows=  226 range=20250708..20260529 (~1y)
  [4707/21041] GEOS: rows= 7172 range=19971121..20260529 (~29y)
  [4708/21041] GERN: rows= 7505 range=19960731..20260529 (~30y)
  [4709/21041] GETY: rows= 1429 range=20200921..20260529 (~6y)
  [4710/21041] GEV: rows=  545 range=20240327..20260529 (~2y)
  [4711/21041] GEVG: rows=  113 range=20251216..20260529 (~1y)
  [4712/21041] GEVO: rows= 3848 range=20110209..20260529 (~15y)
  [4713/21041] GEVX: rows=  223 range=20250711..20260529 (~1y)
  [4714/21041] GEW: rows=  171 range=20250924..20260529 (~1y)
  [4715/21041] GF: rows= 9152 range=19900125..20260529 (~36y)
  [4716/21041] GFAI: rows= 1171 range=20210929..20260529 (~5y)
  [4717/21041] GFAIW: rows=   59 range=20260306..20260529 (~0y)
  [4718/21041] GFEB: rows=  821 range=20230221..20260529 (~3y)
  [4719/21041] GFF: rows=13381 range=19730503..20260529 (~53y)
  [4720/21041] GFGF: rows= 1116 range=20211216..20260529 (~5y)
  [4721/21041] GFI: rows=11645 range=19800317..20260529 (~46y)
  [4722/21041] GFL: rows= 1569 range=20200303..20260529 (~6y)
  [4723/21041] GFLW: rows=  370 range=20241205..20260529 (~2y)
  [4724/21041] GFR: rows= 1119 range=20211213..20260529 (~5y)
  [4725/21041] GFS: rows= 1150 range=20211028..20260529 (~5y)
  [4726/21041] GGAL: rows= 6500 range=20000725..20260529 (~26y)
  [4727/21041] GGB: rows= 6848 range=19990310..20260529 (~27y)
  [4728/21041] GGG: rows=11645 range=19800317..20260529 (~46y)
  [4729/21041] GGLL: rows=  935 range=20220907..20260529 (~4y)
  [4730/21041] GGLS: rows=  928 range=20220916..20260529 (~4y)
  [4731/21041] GGM: rows=  671 range=20230926..20260529 (~3y)
  [4732/21041] GGME: rows= 5266 range=20050623..20260529 (~21y)
  [4733/21041] GGN: rows= 5327 range=20050329..20260529 (~21y)
$GGN$B: possibly delisted; no timezone found
  [4734/21041] GGN$B: no data from yfinance
  [4735/21041] GGOV: rows=  233 range=20250626..20260529 (~1y)
  [4736/21041] GGR: rows= 1319 range=20210301..20260529 (~5y)
  [4737/21041] GGROW: rows=   59 range=20260306..20260529 (~0y)
  [4738/21041] GGRP: rows= 1233 range=20210701..20260529 (~5y)
  [4739/21041] GGRW: rows= 1325 range=20210219..20260529 (~5y)
  [4740/21041] GGT: rows= 7961 range=19941011..20260529 (~32y)
$GGT$E: possibly delisted; no timezone found
  [4741/21041] GGT$E: no data from yfinance
$GGT$G: possibly delisted; no timezone found
  [4742/21041] GGT$G: no data from yfinance
  [4743/21041] GGTL: rows= 1103 range=20220105..20260529 (~4y)
  [4744/21041] GGUS: rows=  625 range=20231130..20260529 (~3y)
  [4745/21041] GGZ: rows= 3009 range=20140612..20260529 (~12y)
  [4746/21041] GH: rows= 1922 range=20181004..20260529 (~8y)
  [4747/21041] GHC: rows=13431 range=19730221..20260529 (~53y)
  [4748/21041] GHG: rows= 2055 range=20180327..20260529 (~8y)
  [4749/21041] GHI: rows=10118 range=19860402..20260529 (~40y)
  [4750/21041] GHM: rows=11645 range=19800317..20260529 (~46y)
  [4751/21041] GHRS: rows= 1237 range=20210625..20260529 (~5y)
  [4752/21041] GHTA: rows= 1136 range=20211117..20260529 (~5y)
  [4753/21041] GHY: rows= 3377 range=20121224..20260529 (~14y)
  [4754/21041] GHYB: rows= 2181 range=20170925..20260529 (~9y)
  [4755/21041] GHYG: rows= 3556 range=20120409..20260529 (~14y)
  [4756/21041] GIAX: rows=  460 range=20240730..20260529 (~2y)
  [4757/21041] GIB: rows= 6953 range=19981007..20260529 (~28y)
  [4758/21041] GIBO: rows=  696 range=20230821..20260529 (~3y)
  [4759/21041] GIBOW: rows=   59 range=20260306..20260529 (~0y)
  [4760/21041] GIC: rows= 7782 range=19950627..20260529 (~31y)
  [4761/21041] GIF: rows=   65 range=20260226..20260529 (~0y)
  [4762/21041] GIFT: rows= 1353 range=20210108..20260529 (~5y)
  [4763/21041] GIG: rows=  430 range=20240911..20260529 (~2y)
  [4764/21041] GIGB: rows= 2256 range=20170608..20260529 (~9y)
  [4765/21041] GIGGU: rows=  434 range=20240829..20260522 (~2y)
  [4766/21041] GIGGW: rows=   55 range=20260306..20260522 (~0y)
  [4767/21041] GIGL: rows=  233 range=20250626..20260529 (~1y)
  [4768/21041] GIGM: rows= 6608 range=20000218..20260529 (~26y)
  [4769/21041] GII: rows= 4863 range=20070131..20260529 (~19y)
  [4770/21041] GIII: rows= 9180 range=19891214..20260529 (~37y)
  [4771/21041] GIL: rows= 7029 range=19980619..20260529 (~28y)
  [4772/21041] GILD: rows= 8649 range=19920122..20260529 (~34y)
  [4773/21041] GILT: rows= 8351 range=19930326..20260529 (~33y)
  [4774/21041] GIND: rows=  290 range=20250403..20260529 (~1y)
  [4775/21041] GINN: rows= 1394 range=20201109..20260529 (~6y)
  [4776/21041] GINX: rows=  564 range=20240229..20260529 (~2y)
  [4777/21041] GIPR: rows= 1167 range=20211005..20260529 (~5y)
  [4778/21041] GIPRW: rows=   59 range=20260306..20260529 (~0y)
  [4779/21041] GIS: rows=11645 range=19800317..20260529 (~46y)
  [4780/21041] GITS: rows=  710 range=20230801..20260529 (~3y)
  [4781/21041] GIW: rows=  148 range=20251027..20260529 (~1y)
GIWWR: Period 'max' is invalid, must be one of: 1d, 5d
  [4782/21041] GIWWR: no data from yfinance
  [4783/21041] GIWWU: rows=  163 range=20251006..20260529 (~1y)
  [4784/21041] GIX: rows=   50 range=20260319..20260529 (~0y)
GIXXR: Period 'max' is invalid, must be one of: 1d, 5d
  [4785/21041] GIXXR: no data from yfinance
  [4786/21041] GIXXU: rows=   86 range=20260127..20260529 (~0y)
  [4787/21041] GJAN: rows=  841 range=20230123..20260529 (~3y)
  [4788/21041] GJH: rows= 5552 range=20040505..20260529 (~22y)
  [4789/21041] GJO: rows= 5161 range=20051121..20260529 (~21y)
  [4790/21041] GJP: rows= 4634 range=20071227..20260529 (~19y)
  [4791/21041] GJR: rows= 4634 range=20071227..20260529 (~19y)
  [4792/21041] GJS: rows= 5053 range=20060428..20260529 (~20y)
  [4793/21041] GJT: rows= 4737 range=20070801..20260529 (~19y)
  [4794/21041] GJUL: rows=  716 range=20230724..20260529 (~3y)
  [4795/21041] GJUN: rows=  739 range=20230620..20260529 (~3y)
  [4796/21041] GK: rows= 1232 range=20210702..20260529 (~5y)
  [4797/21041] GKAT: rows=  192 range=20250825..20260529 (~1y)
  [4798/21041] GKOS: rows= 2748 range=20150625..20260529 (~11y)
  [4799/21041] GL: rows=11507 range=19801001..20260529 (~46y)
$GL$D: possibly delisted; no timezone found
  [4800/21041] GL$D: no data from yfinance
  [4801/21041] GLAD: rows= 5994 range=20020802..20260529 (~24y)
  [4802/21041] GLBE: rows= 1268 range=20210512..20260529 (~5y)
  [4803/21041] GLBL: rows=  276 range=20250424..20260529 (~1y)
  [4804/21041] GLBS: rows= 4584 range=20080311..20260529 (~18y)
  [4805/21041] GLBZ: rows= 6677 range=19991110..20260529 (~27y)
  [4806/21041] GLCR: rows=  295 range=20250327..20260529 (~1y)
  [4807/21041] GLD: rows= 5415 range=20041118..20260529 (~22y)
  [4808/21041] GLDB: rows=  149 range=20251024..20260529 (~1y)
  [4809/21041] GLDG: rows= 3602 range=20120201..20260529 (~14y)
  [4810/21041] GLDI: rows= 3354 range=20130129..20260529 (~13y)
  [4811/21041] GLDM: rows= 1992 range=20180626..20260529 (~8y)
  [4812/21041] GLDN: rows=   71 range=20260218..20260529 (~0y)
  [4813/21041] GLDW: rows=  145 range=20251030..20260529 (~1y)
  [4814/21041] GLDX: rows= 1146 range=20211102..20260529 (~5y)
  [4815/21041] GLDY: rows=  291 range=20250402..20260529 (~1y)
  [4816/21041] GLE: rows=  423 range=20240920..20260529 (~2y)
  [4817/21041] GLED: rows=   33 range=20260414..20260529 (~0y)
$GLED-R: possibly delisted; no timezone found
  [4818/21041] GLED.R: no data from yfinance
$GLED-U: possibly delisted; no timezone found
  [4819/21041] GLED.U: no data from yfinance
  [4820/21041] GLGG: rows=  194 range=20250821..20260529 (~1y)
  [4821/21041] GLIBA: rows=  223 range=20250711..20260529 (~1y)
  [4822/21041] GLIBK: rows=  223 range=20250711..20260529 (~1y)
  [4823/21041] GLIN: rows= 3964 range=20100825..20260529 (~16y)
  [4824/21041] GLIX: rows=  163 range=20251006..20260529 (~1y)
  [4825/21041] GLL: rows= 4398 range=20081203..20260529 (~18y)
  [4826/21041] GLMD: rows= 3072 range=20140313..20260529 (~12y)
  [4827/21041] GLND: rows=   48 range=20260323..20260529 (~0y)
GLNDW: Period 'max' is invalid, must be one of: 1d, 5d
  [4828/21041] GLNDW: no data from yfinance
  [4829/21041] GLNG: rows= 5756 range=20030715..20260529 (~23y)
  [4830/21041] GLNK: rows=  475 range=20240709..20260529 (~2y)
  [4831/21041] GLO: rows= 5051 range=20060502..20260529 (~20y)
  [4832/21041] GLOB: rows= 2984 range=20140718..20260529 (~12y)
  [4833/21041] GLOF: rows= 2785 range=20150504..20260529 (~11y)
  [4834/21041] GLOO: rows=  132 range=20251118..20260529 (~1y)
$GLOP$A: possibly delisted; no timezone found
  [4835/21041] GLOP$A: no data from yfinance
$GLOP$B: possibly delisted; no timezone found
  [4836/21041] GLOP$B: no data from yfinance
$GLOP$C: possibly delisted; no timezone found
  [4837/21041] GLOP$C: no data from yfinance
  [4838/21041] GLOV: rows= 1056 range=20220209..20260529 (~4y)
  [4839/21041] GLOW: rows=  474 range=20240710..20260529 (~2y)
  [4840/21041] GLP: rows= 5198 range=20050929..20260529 (~21y)
$GLP$B: possibly delisted; no timezone found
  [4841/21041] GLP$B: no data from yfinance
  [4842/21041] GLPG: rows= 4387 range=20081218..20260529 (~18y)
  [4843/21041] GLPI: rows= 3175 range=20131014..20260529 (~13y)
  [4844/21041] GLQ: rows= 5306 range=20050427..20260529 (~21y)
  [4845/21041] GLRE: rows= 4784 range=20070524..20260529 (~19y)
  [4846/21041] GLRY: rows= 1373 range=20201209..20260529 (~6y)
  [4847/21041] GLSI: rows= 1425 range=20200925..20260529 (~6y)
$GLTO: possibly delisted; no price data found  (1d 1927-06-25 -> 2026-05-31) (Yahoo error = "No data found, symbol may be delisted")
  [4848/21041] GLTO: no data from yfinance
  [4849/21041] GLTR: rows= 3923 range=20101022..20260529 (~16y)
  [4850/21041] GLU: rows= 5537 range=20040526..20260529 (~22y)
$GLU$A: possibly delisted; no timezone found
  [4851/21041] GLU$A: no data from yfinance
$GLU$B: possibly delisted; no timezone found
  [4852/21041] GLU$B: no data from yfinance
  [4853/21041] GLUE: rows= 1238 range=20210624..20260529 (~5y)
  [4854/21041] GLV: rows= 5495 range=20040728..20260529 (~22y)
  [4855/21041] GLW: rows=11192 range=19811231..20260529 (~45y)
  [4856/21041] GLWG: rows=   57 range=20260310..20260529 (~0y)
  [4857/21041] GLXG: rows=  429 range=20240912..20260529 (~2y)
  [4858/21041] GLXU: rows=  203 range=20250808..20260529 (~1y)
  [4859/21041] GLXY: rows=  260 range=20250516..20260529 (~1y)
  [4860/21041] GM: rows= 3904 range=20101118..20260529 (~16y)
  [4861/21041] GMAB: rows= 4276 range=20090601..20260529 (~17y)
  [4862/21041] GMAR: rows=  802 range=20230320..20260529 (~3y)
  [4863/21041] GMAY: rows=  758 range=20230522..20260529 (~3y)
  [4864/21041] GME: rows= 6112 range=20020213..20260529 (~24y)
$GME-W: possibly delisted; no timezone found
  [4865/21041] GME.W: no data from yfinance
  [4866/21041] GMED: rows= 3474 range=20120803..20260529 (~14y)
  [4867/21041] GMET: rows= 1141 range=20211109..20260529 (~5y)
  [4868/21041] GMEU: rows=  276 range=20250424..20260529 (~1y)
  [4869/21041] GMEX: rows=  705 range=20230808..20260529 (~3y)
  [4870/21041] GMEY: rows=  182 range=20250909..20260529 (~1y)
  [4871/21041] GMF: rows= 4827 range=20070323..20260529 (~19y)
$GMGI: possibly delisted; no price data found  (1d 1927-06-25 -> 2026-05-31) (Yahoo error = "No data found, symbol may be delisted")
  [4872/21041] GMGI: no data from yfinance
  [4873/21041] GMHS: rows=  733 range=20230628..20260529 (~3y)
  [4874/21041] GMM: rows=  662 range=20231009..20260529 (~3y)
  [4875/21041] GMMA: rows=  426 range=20240917..20260529 (~2y)
  [4876/21041] GMMF: rows=  323 range=20250214..20260529 (~1y)
  [4877/21041] GMNY: rows=  428 range=20240913..20260529 (~2y)
  [4878/21041] GMOC: rows=  147 range=20251028..20260529 (~1y)
  [4879/21041] GMOD: rows=  157 range=20251014..20260529 (~1y)
  [4880/21041] GMOI: rows=  396 range=20241029..20260529 (~2y)
  [4881/21041] GMOM: rows= 1870 range=20181219..20260529 (~8y)
  [4882/21041] GMOV: rows=  396 range=20241029..20260529 (~2y)
$GMRE: possibly delisted; no timezone found
  [4883/21041] GMRE: no data from yfinance
  [4884/21041] GMTL: rows=   49 range=20260320..20260529 (~0y)
  [4885/21041] GMUB: rows=  461 range=20240729..20260529 (~2y)
  [4886/21041] GMUN: rows=  805 range=20230315..20260529 (~3y)
  [4887/21041] GNE: rows= 3668 range=20111026..20260529 (~15y)
  [4888/21041] GNK: rows= 2987 range=20140715..20260529 (~12y)
  [4889/21041] GNL: rows= 2765 range=20150602..20260529 (~11y)
$GNL$A: possibly delisted; no timezone found
  [4890/21041] GNL$A: no data from yfinance
$GNL$B: possibly delisted; no timezone found
  [4891/21041] GNL$B: no data from yfinance
$GNL$D: possibly delisted; no timezone found
  [4892/21041] GNL$D: no data from yfinance
$GNL$E: possibly delisted; no timezone found
  [4893/21041] GNL$E: no data from yfinance
  [4894/21041] GNLN: rows= 1788 range=20190418..20260529 (~7y)
  [4895/21041] GNLX: rows=  838 range=20230126..20260529 (~3y)
  [4896/21041] GNMA: rows= 3589 range=20120221..20260529 (~14y)
  [4897/21041] GNOM: rows= 1794 range=20190410..20260529 (~7y)
  [4898/21041] GNOV: rows=  632 range=20231120..20260529 (~3y)
  [4899/21041] GNPX: rows= 2053 range=20180329..20260529 (~8y)
  [4900/21041] GNR: rows= 3951 range=20100914..20260529 (~16y)
  [4901/21041] GNRC: rows= 4099 range=20100211..20260529 (~16y)
  [4902/21041] GNS: rows= 1036 range=20220412..20260529 (~4y)
  [4903/21041] GNSS: rows= 8093 range=19940404..20260529 (~32y)
  [4904/21041] GNT: rows= 3857 range=20110127..20260529 (~15y)
$GNT$A: possibly delisted; no timezone found
  [4905/21041] GNT$A: no data from yfinance
  [4906/21041] GNTA: rows= 1117 range=20211215..20260529 (~5y)
  [4907/21041] GNTX: rows=11198 range=19811222..20260529 (~45y)
  [4908/21041] GNW: rows= 5538 range=20040525..20260529 (~22y)
  [4909/21041] GO: rows= 1745 range=20190620..20260529 (~7y)
  [4910/21041] GOAI: rows=   85 range=20260128..20260529 (~0y)
  [4911/21041] GOAU: rows= 2241 range=20170629..20260529 (~9y)
  [4912/21041] GOCO: rows= 1476 range=20200715..20260529 (~6y)
  [4913/21041] GOCT: rows=  652 range=20231023..20260529 (~3y)
  [4914/21041] GOEX: rows= 3914 range=20101104..20260529 (~16y)
  [4915/21041] GOF: rows= 4740 range=20070727..20260529 (~19y)
  [4916/21041] GOGO: rows= 3254 range=20130621..20260529 (~13y)
  [4917/21041] GOLD: rows= 3070 range=20140317..20260529 (~12y)
  [4918/21041] GOLF: rows= 2408 range=20161028..20260529 (~10y)
  [4919/21041] GOLS: rows=  102 range=20260102..20260529 (~0y)
  [4920/21041] GOLY: rows= 1264 range=20210518..20260529 (~5y)
  [4921/21041] GOOD: rows= 5734 range=20030814..20260529 (~23y)
  [4922/21041] GOODN: rows= 1677 range=20190926..20260529 (~7y)
  [4923/21041] GOODO: rows= 1240 range=20210622..20260529 (~5y)
  [4924/21041] GOOG: rows= 5479 range=20040819..20260529 (~22y)
  [4925/21041] GOOGL: rows= 5479 range=20040819..20260529 (~22y)
  [4926/21041] GOOP: rows=  646 range=20231031..20260529 (~3y)
  [4927/21041] GOOS: rows= 2314 range=20170316..20260529 (~9y)
  [4928/21041] GOOW: rows=  214 range=20250724..20260529 (~1y)
  [4929/21041] GOOX: rows=  597 range=20240111..20260529 (~2y)
  [4930/21041] GOOY: rows=  712 range=20230728..20260529 (~3y)
  [4931/21041] GOP: rows=  830 range=20230207..20260529 (~3y)
  [4932/21041] GORO: rows= 4957 range=20060914..20260529 (~20y)
  [4933/21041] GOSS: rows= 1836 range=20190208..20260529 (~7y)
  [4934/21041] GOTU: rows= 1755 range=20190606..20260529 (~7y)
  [4935/21041] GOU: rows=  123 range=20251202..20260529 (~1y)
  [4936/21041] GOVI: rows= 4687 range=20071011..20260529 (~19y)
  [4937/21041] GOVT: rows= 3586 range=20120224..20260529 (~14y)
  [4938/21041] GOVX: rows= 1425 range=20200925..20260529 (~6y)
  [4939/21041] GOVZ: rows= 1425 range=20200925..20260529 (~6y)
  [4940/21041] GP: rows= 1444 range=20200828..20260529 (~6y)
  [4941/21041] GPAC: rows=   88 range=20260123..20260529 (~0y)
  [4942/21041] GPACU: rows=  122 range=20251203..20260529 (~1y)
GPACW: Period 'max' is invalid, must be one of: 1d, 5d
  [4943/21041] GPACW: no data from yfinance
  [4944/21041] GPAT: rows=  479 range=20240702..20260529 (~2y)
  [4945/21041] GPATU: rows=  515 range=20240509..20260529 (~2y)
  [4946/21041] GPATW: rows=   59 range=20260306..20260529 (~0y)
  [4947/21041] GPC: rows=11645 range=19800317..20260529 (~46y)
  [4948/21041] GPCR: rows=  832 range=20230203..20260529 (~3y)
  [4949/21041] GPGI: rows= 1386 range=20201119..20260529 (~6y)
  [4950/21041] GPI: rows= 7188 range=19971030..20260529 (~29y)
  [4951/21041] GPIQ: rows=  648 range=20231027..20260529 (~3y)
  [4952/21041] GPIX: rows=  648 range=20231027..20260529 (~3y)
  [4953/21041] GPJA: rows= 1884 range=20181128..20260529 (~8y)
  [4954/21041] GPK: rows= 8424 range=19921210..20260529 (~34y)
  [4955/21041] GPMT: rows= 2244 range=20170626..20260529 (~9y)
$GPMT$A: possibly delisted; no timezone found
  [4956/21041] GPMT$A: no data from yfinance
  [4957/21041] GPN: rows= 6380 range=20010116..20260529 (~25y)
  [4958/21041] GPOR: rows= 1264 range=20210518..20260529 (~5y)
  [4959/21041] GPRE: rows= 5084 range=20060315..20260529 (~20y)
  [4960/21041] GPRF: rows=  458 range=20240801..20260529 (~2y)
  [4961/21041] GPRK: rows= 3928 range=20101015..20260529 (~16y)
  [4962/21041] GPRO: rows= 2999 range=20140626..20260529 (~12y)
  [4963/21041] GPT: rows=  425 range=20240918..20260529 (~2y)
  [4964/21041] GPTY: rows=  339 range=20250123..20260529 (~1y)
  [4965/21041] GPUS: rows= 7408 range=19961217..20260529 (~30y)
$GPUS$D: possibly delisted; no timezone found
  [4966/21041] GPUS$D: no data from yfinance
  [4967/21041] GPZ: rows=  247 range=20250605..20260529 (~1y)
  [4968/21041] GQGU: rows=  222 range=20250714..20260529 (~1y)
  [4969/21041] GQI: rows=  616 range=20231213..20260529 (~3y)
  [4970/21041] GQQQ: rows=  416 range=20241001..20260529 (~2y)
  [4971/21041] GQRE: rows= 3158 range=20131106..20260529 (~13y)
  [4972/21041] GRAB: rows= 1379 range=20201201..20260529 (~6y)
  [4973/21041] GRABW: rows= 1373 range=20201209..20260529 (~6y)
  [4974/21041] GRAF: rows=  447 range=20240816..20260529 (~2y)
  [4975/21041] GRAF.U: rows=  483 range=20240626..20260529 (~2y)
$GRAF-W: possibly delisted; no timezone found
  [4976/21041] GRAF.W: no data from yfinance
  [4977/21041] GRAG: rows=  116 range=20251211..20260529 (~1y)
  [4978/21041] GRAL: rows=  492 range=20240612..20260529 (~2y)
  [4979/21041] GRAN: rows=  230 range=20250701..20260529 (~1y)
  [4980/21041] GRBK: rows= 4766 range=20070620..20260529 (~19y)
$GRBK$A: possibly delisted; no timezone found
  [4981/21041] GRBK$A: no data from yfinance
  [4982/21041] GRC: rows=11645 range=19800317..20260529 (~46y)
  [4983/21041] GRCE: rows= 3598 range=20120207..20260529 (~14y)
  [4984/21041] GRDN: rows=  419 range=20240926..20260529 (~2y)
  [4985/21041] GRDX: rows= 2421 range=20161011..20260529 (~10y)
  [4986/21041] GREE: rows= 6504 range=20000719..20260529 (~26y)
  [4987/21041] GREEL: rows= 1160 range=20211014..20260529 (~5y)
  [4988/21041] GREK: rows= 3638 range=20111208..20260529 (~15y)
  [4989/21041] GRF: rows= 5623 range=20040123..20260529 (~22y)
  [4990/21041] GRFS: rows= 3770 range=20110602..20260529 (~15y)
  [4991/21041] GRI: rows= 1331 range=20210210..20260529 (~5y)
  [4992/21041] GRID: rows= 4157 range=20091117..20260529 (~17y)
  [4993/21041] GRIN: rows=  233 range=20250626..20260529 (~1y)
  [4994/21041] GRML: rows= 1024 range=20220429..20260529 (~4y)
GRMLW: Period 'max' is invalid, must be one of: 1d, 5d
  [4995/21041] GRMLW: no data from yfinance
  [4996/21041] GRMN: rows= 6404 range=20001208..20260529 (~26y)
  [4997/21041] GRN: rows= 1683 range=20190918..20260529 (~7y)
  [4998/21041] GRNB: rows= 2321 range=20170307..20260529 (~9y)
  [4999/21041] GRND: rows= 1349 range=20210114..20260529 (~5y)
